I/        ( 2419): [CAMERA]ispv3_dynamic_fps_thread, focus is running, can't change frame rate
D/dalvikvm( 1627): ---Heap option for 783376
D/dalvikvm( 1627): GC_FOR_ALLOC freed 2308K, 14% free 28918K/33308K, paused 17ms, total 17ms
I/        ( 2419): [CAMERA]ispv3_dynamic_fps_thread, focus is running, can't change frame rate
I/        ( 2419): [CAMERA]ispv3_dynamic_fps_thread, focus is running, can't change frame rate
I/        ( 2419): [CAMERA]ispv3_dynamic_fps_thread, focus is running, can't change frame rate
D/dalvikvm( 1627): ---Heap option for 783376
D/dalvikvm( 1627): GC_FOR_ALLOC freed 2303K, 14% free 28918K/33308K, paused 17ms, total 17ms
I/        ( 2419): [CAMERA]ispv3_dynamic_fps_thread, focus is running, can't change frame rate
I/        ( 2419): [CAMERA]ispv3_dynamic_fps_thread, focus is running, can't change frame rate
I/        ( 2419): [CAMERA]ispv3_dynamic_fps_thread, focus is running, can't change frame rate
D/dalvikvm( 1627): ---Heap option for 783376
D/dalvikvm( 1627): GC_FOR_ALLOC freed 2303K, 14% free 28918K/33308K, paused 17ms, total 17ms
I/        ( 2419): [CAMERA]ispv3_dynamic_fps_thread, focus is running, can't change frame rate
I/        ( 2419): [CAMERA]ispv3_dynamic_fps_thread, focus is running, can't change frame rate
I/        ( 2419): [CAMERA]ispv3_dynamic_fps_thread, focus is running, can't change frame rate
D/dalvikvm( 1627): ---Heap option for 783376
I/        ( 2419): [CAMERA]ispv3_dynamic_fps_thread, focus is running, can't change frame rate
D/dalvikvm( 1627): GC_FOR_ALLOC freed 2303K, 14% free 28918K/33308K, paused 17ms, total 17ms
W/ProcessCpuTracker( 3009): Skipping unknown process pid 4300
W/ProcessCpuTracker( 3009): Skipping unknown process pid 4302
W/ProcessCpuTracker( 3009): Skipping unknown process pid 4303
I/        ( 2419): [CAMERA]ispv3_dynamic_fps_thread, focus is running, can't change frame rate
I/        ( 2419): [CAMERA]ispv3_dynamic_fps_thread, focus is running, can't change frame rate
D/dalvikvm( 1627): ---Heap option for 783376
D/dalvikvm( 1627): GC_FOR_ALLOC freed 2303K, 14% free 28918K/33308K, paused 17ms, total 17ms
I/        ( 2419): [CAMERA]ispv3_dynamic_fps_thread, focus is running, can't change frame rate
I/        ( 2419): [CAMERA]ispv3_dynamic_fps_thread, focus is running, can't change frame rate
I/        ( 2419): [CAMERA]ispv3_dynamic_fps_thread, focus is running, can't change frame rate
D/dalvikvm( 1627): ---Heap option for 783376
D/dalvikvm( 1627): GC_FOR_ALLOC freed 2303K, 14% free 28918K/33308K, paused 17ms, total 17ms
I/        ( 2419): [CAMERA]ispv3_dynamic_fps_thread, focus is running, can't change frame rate
I/        ( 2419): [CAMERA]ispv3_dynamic_fps_thread, focus is running, can't change frame rate
I/        ( 2419): [CAMERA]ispv3_dynamic_fps_thread, focus is running, can't change frame rate
D/dalvikvm( 1627): ---Heap option for 783376
D/dalvikvm( 1627): GC_FOR_ALLOC freed 2303K, 14% free 28918K/33308K, paused 17ms, total 17ms
I/        ( 2419): [CAMERA]ispv3_dynamic_fps_thread, focus is running, can't change frame rate
I/        ( 2419): [CAMERA]ispv3_dynamic_fps_thread, focus is running, can't change frame rate
I/        ( 2419): [CAMERA]ispv3_dynamic_fps_thread, focus is running, can't change frame rate
D/dalvikvm( 1627): ---Heap option for 783376
D/dalvikvm( 1627): GC_FOR_ALLOC freed 2307K, 14% free 28918K/33308K, paused 17ms, total 17ms
I/        ( 2419): [CAMERA]ispv3_dynamic_fps_thread, focus is running, can't change frame rate
I/        ( 2419): [CAMERA]ispv3_dynamic_fps_thread, focus is running, can't change frame rate
I/        ( 2419): [CAMERA]ispv3_dynamic_fps_thread, focus is running, can't change frame rate
D/dalvikvm( 1627): ---Heap option for 783376
D/dalvikvm( 1627): GC_FOR_ALLOC freed 2303K, 14% free 28918K/33308K, paused 17ms, total 17ms
I/        ( 2419): [CAMERA]ispv3_dynamic_fps_thread, focus is running, can't change frame rate
I/        ( 2419): [CAMERA]ispv3_dynamic_fps_thread, focus is running, can't change frame rate
I/        ( 2419): [CAMERA]ispv3_dynamic_fps_thread, focus is running, can't change frame rate
D/dalvikvm( 1627): ---Heap option for 783376
D/dalvikvm( 1627): GC_FOR_ALLOC freed 2303K, 14% free 28918K/33308K, paused 17ms, total 17ms
I/        ( 2419): [CAMERA]ispv3_dynamic_fps_thread, focus is running, can't change frame rate
I/        ( 2419): [CAMERA]ispv3_dynamic_fps_thread, focus is running, can't change frame rate
I/        ( 2419): [CAMERA]ispv3_dynamic_fps_thread, focus is running, can't change frame rate
D/dalvikvm( 1627): ---Heap option for 783376
D/dalvikvm( 1627): GC_FOR_ALLOC freed 2303K, 14% free 28918K/33308K, paused 17ms, total 17ms
I/        ( 2419): [CAMERA]ispv3_dynamic_fps_thread, focus is running, can't change frame rate
I/        ( 2419): [CAMERA]ispv3_dynamic_fps_thread, focus is running, can't change frame rate
I/        ( 2419): [CAMERA]ispv3_dynamic_fps_thread, focus is running, can't change frame rate
D/dalvikvm( 1627): ---Heap option for 783376
D/dalvikvm( 1627): GC_FOR_ALLOC freed 2303K, 14% free 28918K/33308K, paused 17ms, total 17ms
I/        ( 2419): [CAMERA]ispv3_dynamic_fps_thread, focus is running, can't change frame rate
I/        ( 2419): [CAMERA]ispv3_dynamic_fps_thread, focus is running, can't change frame rate
I/        ( 2419): [CAMERA]ispv3_dynamic_fps_thread, focus is running, can't change frame rate
D/dalvikvm( 1627): ---Heap option for 783376
I/        ( 2419): [CAMERA]ispv3_dynamic_fps_thread, focus is running, can't change frame rate
D/dalvikvm( 1627): GC_FOR_ALLOC freed 2303K, 14% free 28918K/33308K, paused 17ms, total 17ms
I/        ( 2419): [CAMERA]ispv3_dynamic_fps_thread, focus is running, can't change frame rate
I/        ( 2419): [CAMERA]ispv3_dynamic_fps_thread, focus is running, can't change frame rate
D/dalvikvm( 1627): ---Heap option for 783376
D/dalvikvm( 1627): ---Heap option for 4112
D/dalvikvm( 1627): GC_FOR_ALLOC freed 2307K, 14% free 28918K/33308K, paused 16ms, total 16ms
I/        ( 2419): [CAMERA]ispv3_dynamic_fps_thread, focus is running, can't change frame rate
I/        ( 2419): [CAMERA]ispv3_dynamic_fps_thread, focus is running, can't change frame rate
I/        ( 2419): [CAMERA]ispv3_dynamic_fps_thread, focus is running, can't change frame rate
D/dalvikvm( 1627): ---Heap option for 783376
I/        ( 2419): [CAMERA]ispv3_dynamic_fps_thread, focus is running, can't change frame rate
D/dalvikvm( 1627): GC_FOR_ALLOC freed 2303K, 14% free 28918K/33308K, paused 17ms, total 17ms
I/        ( 2419): [CAMERA]ispv3_dynamic_fps_thread, focus is running, can't change frame rate
I/        ( 2419): [CAMERA]ispv3_dynamic_fps_thread, focus is running, can't change frame rate
D/dalvikvm( 1627): ---Heap option for 783376
D/dalvikvm( 1627): ---Heap option for 4112
D/dalvikvm( 1627): GC_FOR_ALLOC freed 2303K, 14% free 28918K/33308K, paused 17ms, total 17ms
I/        ( 2419): [CAMERA]ispv3_dynamic_fps_thread, focus is running, can't change frame rate
D/HwWifiStateMachine( 3009): handleMessage: E msg.what=131155
D/HwWifiStateMachine( 3009): processMsg: ConnectedState
D/HwWifiStateMachine( 3009): processMsg: L2ConnectedState
D/WifiHW  ( 3009): wifi_send_command: cmd:'IFNAME=wlan0 SIGNAL_POLL'
D/wpa_supplicant( 3241): RX ctrl_iface - hexdump(len=11): 53 49 47 4e 41 4c 5f 50 4f 4c 4c
D/wpa_supplicant( 3241): wlan0: Control interface command 'SIGNAL_POLL'
D/wpa_supplicant( 3241): nl80211: survey data missing!
D/wpa_supplicant( 3241): wlan0: RSSI=-64, LINKSPEED=72, NOISE=9999, FREQUENCY=2462
D/WifiHW  ( 3009): wifi_send_command ret=0, len=48
D/HwWifiStateMachine( 3009): handleMessage: X
I/        ( 2419): [CAMERA]ispv3_dynamic_fps_thread, focus is running, can't change frame rate
I/        ( 2419): [CAMERA]ispv3_dynamic_fps_thread, focus is running, can't change frame rate
D/dalvikvm( 1627): ---Heap option for 783376
D/dalvikvm( 1627): ---Heap option for 4112
D/dalvikvm( 1627): GC_FOR_ALLOC freed 2303K, 14% free 28918K/33308K, paused 17ms, total 17ms
I/        ( 2419): [CAMERA]ispv3_dynamic_fps_thread, focus is running, can't change frame rate
I/        ( 2419): [CAMERA]ispv3_dynamic_fps_thread, focus is running, can't change frame rate
I/        ( 2419): [CAMERA]ispv3_dynamic_fps_thread, focus is running, can't change frame rate
D/dalvikvm( 1627): ---Heap option for 783376
D/dalvikvm( 1627): GC_FOR_ALLOC freed 2303K, 14% free 28918K/33308K, paused 17ms, total 17ms
I/        ( 2419): [CAMERA]ispv3_dynamic_fps_thread, focus is running, can't change frame rate
I/        ( 2419): [CAMERA]ispv3_dynamic_fps_thread, focus is running, can't change frame rate
I/        ( 2419): [CAMERA]ispv3_dynamic_fps_thread, focus is running, can't change frame rate
D/dalvikvm( 1627): ---Heap option for 783376
D/dalvikvm( 1627): GC_FOR_ALLOC freed 2303K, 14% free 28918K/33308K, paused 17ms, total 17ms
I/        ( 2419): [CAMERA]ispv3_dynamic_fps_thread, focus is running, can't change frame rate
I/        ( 2419): [CAMERA]ispv3_dynamic_fps_thread, focus is running, can't change frame rate
I/        ( 2419): [CAMERA]ispv3_dynamic_fps_thread, focus is running, can't change frame rate
D/dalvikvm( 1627): ---Heap option for 783376
D/dalvikvm( 1627): GC_FOR_ALLOC freed 2303K, 14% free 28918K/33308K, paused 17ms, total 17ms
I/        ( 2419): [CAMERA]ispv3_dynamic_fps_thread, focus is running, can't change frame rate
I/        ( 2419): [CAMERA]ispv3_dynamic_fps_thread, focus is running, can't change frame rate
I/        ( 2419): [CAMERA]ispv3_dynamic_fps_thread, focus is running, can't change frame rate
D/dalvikvm( 1627): ---Heap option for 783376
D/dalvikvm( 1627): GC_FOR_ALLOC freed 2303K, 14% free 28918K/33308K, paused 17ms, total 17ms
I/        ( 2419): [CAMERA]ispv3_dynamic_fps_thread, focus is running, can't change frame rate
I/        ( 2419): [CAMERA]ispv3_dynamic_fps_thread, focus is running, can't change frame rate
I/        ( 2419): [CAMERA]ispv3_dynamic_fps_thread, focus is running, can't change frame rate
D/dalvikvm( 1627): ---Heap option for 783376
D/dalvikvm( 1627): GC_FOR_ALLOC freed 2303K, 14% free 28918K/33308K, paused 16ms, total 17ms
I/        ( 2419): [CAMERA]ispv3_dynamic_fps_thread, focus is running, can't change frame rate
I/        ( 2419): [CAMERA]ispv3_dynamic_fps_thread, focus is running, can't change frame rate
I/        ( 2419): [CAMERA]ispv3_dynamic_fps_thread, focus is running, can't change frame rate
D/dalvikvm( 1627): ---Heap option for 783376
D/dalvikvm( 1627): GC_FOR_ALLOC freed 2303K, 14% free 28918K/33308K, paused 17ms, total 17ms
I/        ( 2419): [CAMERA]ispv3_dynamic_fps_thread, focus is running, can't change frame rate
I/        ( 2419): [CAMERA]ispv3_dynamic_fps_thread, focus is running, can't change frame rate
D/dalvikvm( 3443): GC_FOR_ALLOC freed 1282K, 12% free 28283K/31992K, paused 22ms, total 22ms
I/        ( 2419): [CAMERA]ispv3_dynamic_fps_thread, focus is running, can't change frame rate
D/dalvikvm( 1627): ---Heap option for 783376
D/dalvikvm( 1627): GC_FOR_ALLOC freed 2307K, 14% free 28918K/33308K, paused 17ms, total 17ms
I/        ( 2419): [CAMERA]ispv3_dynamic_fps_thread, focus is running, can't change frame rate
I/        ( 2419): [CAMERA]ispv3_dynamic_fps_thread, focus is running, can't change frame rate
I/        ( 2419): [CAMERA]ispv3_dynamic_fps_thread, focus is running, can't change frame rate
D/dalvikvm( 1627): ---Heap option for 783376
D/dalvikvm( 1627): GC_FOR_ALLOC freed 2303K, 14% free 28918K/33308K, paused 18ms, total 18ms
I/        ( 2419): [CAMERA]ispv3_dynamic_fps_thread, focus is running, can't change frame rate
I/        ( 2419): [CAMERA]ispv3_dynamic_fps_thread, focus is running, can't change frame rate
I/        ( 2419): [CAMERA]ispv3_dynamic_fps_thread, focus is running, can't change frame rate
D/dalvikvm( 1627): ---Heap option for 783376
D/dalvikvm( 1627): GC_FOR_ALLOC freed 2303K, 14% free 28918K/33308K, paused 17ms, total 17ms
I/        ( 2419): [CAMERA]ispv3_dynamic_fps_thread, focus is running, can't change frame rate
I/        ( 2419): [CAMERA]ispv3_dynamic_fps_thread, focus is running, can't change frame rate
W/View    ( 3243): requestLayout() improperly called by com.android.systemui.statusbar.phone.IconMerger{43271138 V.E..... ......I. 0,0-270,75 #7f0a0067 app:id/notificationIcons} during layout: running second layout pass
W/View    ( 3243): requestLayout() improperly called by com.android.systemui.statusbar.phone.IconMerger{43271138 V.E..... ........ 0,0-270,75 #7f0a0067 app:id/notificationIcons} during second layout pass: posting in next frame
W/View    ( 3243): requestLayout() improperly called by com.android.systemui.statusbar.phone.IconMerger{43271138 V.E..... ......I. 0,0-270,75 #7f0a0067 app:id/notificationIcons} during second layout pass: posting in next frame
I/        ( 2419): [CAMERA]ispv3_dynamic_fps_thread, focus is running, can't change frame rate
D/dalvikvm( 1627): ---Heap option for 783376
D/dalvikvm( 1627): GC_FOR_ALLOC freed 2303K, 14% free 28918K/33308K, paused 17ms, total 17ms
I/        ( 2419): [CAMERA]ispv3_dynamic_fps_thread, focus is running, can't change frame rate
I/        ( 2419): [CAMERA]ispv3_dynamic_fps_thread, focus is running, can't change frame rate
I/        ( 2419): [CAMERA]ispv3_dynamic_fps_thread, focus is running, can't change frame rate
D/dalvikvm( 1627): ---Heap option for 783376
D/dalvikvm( 1627): GC_FOR_ALLOC freed 2303K, 14% free 28918K/33308K, paused 17ms, total 17ms
I/        ( 2419): [CAMERA]ispv3_dynamic_fps_thread, focus is running, can't change frame rate
I/        ( 2419): [CAMERA]ispv3_dynamic_fps_thread, focus is running, can't change frame rate
I/        ( 2419): [CAMERA]ispv3_dynamic_fps_thread, focus is running, can't change frame rate
D/dalvikvm( 1627): ---Heap option for 783376
D/dalvikvm( 1627): GC_FOR_ALLOC freed 2303K, 14% free 28918K/33308K, paused 16ms, total 16ms
I/        ( 2419): [CAMERA]ispv3_dynamic_fps_thread, focus is running, can't change frame rate
I/        ( 2419): [CAMERA]ispv3_dynamic_fps_thread, focus is running, can't change frame rate
I/        ( 2419): [CAMERA]ispv3_dynamic_fps_thread, focus is running, can't change frame rate
D/dalvikvm( 1627): ---Heap option for 783376
D/dalvikvm( 1627): GC_FOR_ALLOC freed 2303K, 14% free 28918K/33308K, paused 17ms, total 17ms
I/        ( 2419): [CAMERA]ispv3_dynamic_fps_thread, focus is running, can't change frame rate
I/        ( 2419): [CAMERA]ispv3_dynamic_fps_thread, focus is running, can't change frame rate
I/        ( 2419): [CAMERA]ispv3_dynamic_fps_thread, focus is running, can't change frame rate
D/dalvikvm( 1627): ---Heap option for 783376
D/dalvikvm( 1627): GC_FOR_ALLOC freed 2308K, 14% free 28918K/33308K, paused 17ms, total 17ms
I/        ( 2419): [CAMERA]ispv3_dynamic_fps_thread, focus is running, can't change frame rate
I/        ( 2419): [CAMERA]ispv3_dynamic_fps_thread, focus is running, can't change frame rate
I/        ( 2419): [CAMERA]ispv3_dynamic_fps_thread, focus is running, can't change frame rate
D/dalvikvm( 1627): ---Heap option for 783376
D/dalvikvm( 1627): GC_FOR_ALLOC freed 2303K, 14% free 28918K/33308K, paused 17ms, total 17ms
I/        ( 2419): [CAMERA]ispv3_dynamic_fps_thread, focus is running, can't change frame rate
I/        ( 2419): [CAMERA]ispv3_dynamic_fps_thread, focus is running, can't change frame rate
E/JavaBinder( 6182): !!! FAILED BINDER TRANSACTION !!!
I/        ( 2419): [CAMERA]ispv3_dynamic_fps_thread, focus is running, can't change frame rate
D/dalvikvm( 1627): ---Heap option for 783376
I/        ( 2419): [CAMERA]++++frame 2500:cur_y=0x1, gain=0x180, expo=0x74d0, fps:30
D/dalvikvm( 1627): GC_FOR_ALLOC freed 2303K, 14% free 28918K/33308K, paused 17ms, total 17ms
I/        ( 2419): [CAMERA]ispv3_dynamic_fps_thread, focus is running, can't change frame rate
I/        ( 2419): [CAMERA]ispv3_dynamic_fps_thread, focus is running, can't change frame rate
I/        ( 2419): [CAMERA]ispv3_dynamic_fps_thread, focus is running, can't change frame rate
D/dalvikvm( 1627): ---Heap option for 783376
D/dalvikvm( 1627): GC_FOR_ALLOC freed 2303K, 14% free 28918K/33308K, paused 17ms, total 17ms
I/        ( 2419): [CAMERA]ispv3_dynamic_fps_thread, focus is running, can't change frame rate
I/        ( 2419): [CAMERA]ispv3_dynamic_fps_thread, focus is running, can't change frame rate
I/        ( 2419): [CAMERA]ispv3_dynamic_fps_thread, focus is running, can't change frame rate
D/dalvikvm( 1627): ---Heap option for 783376
D/dalvikvm( 1627): GC_FOR_ALLOC freed 2303K, 14% free 28918K/33308K, paused 17ms, total 17ms
I/        ( 2419): [CAMERA]ispv3_dynamic_fps_thread, focus is running, can't change frame rate
I/        ( 2419): [CAMERA]ispv3_dynamic_fps_thread, focus is running, can't change frame rate
I/        ( 2419): [CAMERA]ispv3_dynamic_fps_thread, focus is running, can't change frame rate
D/dalvikvm( 1627): ---Heap option for 783376
D/dalvikvm( 1627): GC_FOR_ALLOC freed 2303K, 14% free 28918K/33308K, paused 17ms, total 17ms
I/        ( 2419): [CAMERA]ispv3_dynamic_fps_thread, focus is running, can't change frame rate
I/        ( 2419): [CAMERA]ispv3_dynamic_fps_thread, focus is running, can't change frame rate
W/View    ( 3243): requestLayout() improperly called by com.android.systemui.statusbar.phone.IconMerger{43271138 V.E..... ......I. 0,0-270,75 #7f0a0067 app:id/notificationIcons} during layout: running second layout pass
I/        ( 2419): [CAMERA]ispv3_dynamic_fps_thread, focus is running, can't change frame rate
D/dalvikvm( 1627): ---Heap option for 783376
D/dalvikvm( 1627): GC_FOR_ALLOC freed 2307K, 14% free 28918K/33308K, paused 17ms, total 17ms
I/        ( 2419): [CAMERA]ispv3_dynamic_fps_thread, focus is running, can't change frame rate
I/        ( 2419): [CAMERA]ispv3_dynamic_fps_thread, focus is running, can't change frame rate
I/        ( 2419): [CAMERA]ispv3_dynamic_fps_thread, focus is running, can't change frame rate
D/dalvikvm( 1627): ---Heap option for 783376
D/dalvikvm( 1627): GC_FOR_ALLOC freed 2303K, 14% free 28918K/33308K, paused 17ms, total 17ms
I/        ( 2419): [CAMERA]ispv3_dynamic_fps_thread, focus is running, can't change frame rate
I/        ( 2419): [CAMERA]ispv3_dynamic_fps_thread, focus is running, can't change frame rate
D/ArpVerifier( 3009): 10.155.239.254   0x1         0x2         2c:9d:1e:13:a2:e8     *        wlan0
D/ArpVerifier( 3009): 10.155.232.1     0x1         0x6         2c:9d:1e:ea:09:e8     *        wlan0
I/        ( 2419): [CAMERA]ispv3_dynamic_fps_thread, focus is running, can't change frame rate
D/ArpVerifier( 3009): ARP wlan0,addr: /10.155.237.40,mac: f4:8e:92:24:01:26,gw: /10.155.232.1
D/dalvikvm( 1627): ---Heap option for 783376
D/dalvikvm( 1627): GC_FOR_ALLOC freed 2303K, 14% free 28918K/33308K, paused 17ms, total 17ms
I/        ( 2419): [CAMERA]ispv3_dynamic_fps_thread, focus is running, can't change frame rate
D/MultiGW ( 3009): setGateWay 10.155.232.1
I/        ( 2419): [CAMERA]ispv3_dynamic_fps_thread, focus is running, can't change frame rate
I/        ( 2419): [CAMERA]ispv3_dynamic_fps_thread, focus is running, can't change frame rate
D/dalvikvm( 1627): ---Heap option for 783376
D/dalvikvm( 1627): GC_FOR_ALLOC freed 2303K, 14% free 28918K/33308K, paused 17ms, total 17ms
I/        ( 2419): [CAMERA]ispv3_dynamic_fps_thread, focus is running, can't change frame rate
I/        ( 2419): [CAMERA]ispv3_dynamic_fps_thread, focus is running, can't change frame rate
I/        ( 2419): [CAMERA]ispv3_dynamic_fps_thread, focus is running, can't change frame rate
D/dalvikvm( 1627): ---Heap option for 783376
D/dalvikvm( 1627): GC_FOR_ALLOC freed 2303K, 14% free 28918K/33308K, paused 17ms, total 17ms
I/        ( 2419): [CAMERA]ispv3_dynamic_fps_thread, focus is running, can't change frame rate
I/        ( 2419): [CAMERA]ispv3_dynamic_fps_thread, focus is running, can't change frame rate
I/        ( 2419): [CAMERA]ispv3_dynamic_fps_thread, focus is running, can't change frame rate
D/dalvikvm( 1627): ---Heap option for 783376
I/        ( 2419): [CAMERA]ispv3_dynamic_fps_thread, focus is running, can't change frame rate
D/dalvikvm( 1627): GC_FOR_ALLOC freed 2303K, 14% free 28918K/33308K, paused 16ms, total 16ms
I/        ( 2419): [CAMERA]ispv3_dynamic_fps_thread, focus is running, can't change frame rate
I/        ( 2419): [CAMERA]ispv3_dynamic_fps_thread, focus is running, can't change frame rate
D/dalvikvm( 1627): ---Heap option for 783376
D/dalvikvm( 1627): GC_FOR_ALLOC freed 2303K, 14% free 28918K/33308K, paused 17ms, total 17ms
I/        ( 2419): [CAMERA]ispv3_dynamic_fps_thread, focus is running, can't change frame rate
I/        ( 2419): [CAMERA]ispv3_dynamic_fps_thread, focus is running, can't change frame rate
I/        ( 2419): [CAMERA]ispv3_dynamic_fps_thread, focus is running, can't change frame rate
D/dalvikvm( 1627): ---Heap option for 783376
D/dalvikvm( 1627): GC_FOR_ALLOC freed 2307K, 14% free 28918K/33308K, paused 17ms, total 17ms
I/        ( 2419): [CAMERA]ispv3_dynamic_fps_thread, focus is running, can't change frame rate
I/        ( 2419): [CAMERA]ispv3_dynamic_fps_thread, focus is running, can't change frame rate
I/        ( 2419): [CAMERA]ispv3_dynamic_fps_thread, focus is running, can't change frame rate
D/dalvikvm( 1627): ---Heap option for 783376
D/dalvikvm( 1627): ---Heap option for 4112
D/dalvikvm( 1627): GC_FOR_ALLOC freed 2303K, 14% free 28918K/33308K, paused 17ms, total 17ms
I/        ( 2419): [CAMERA]ispv3_dynamic_fps_thread, focus is running, can't change frame rate
I/        ( 2419): [CAMERA]ispv3_dynamic_fps_thread, focus is running, can't change frame rate
I/        ( 2419): [CAMERA]ispv3_dynamic_fps_thread, focus is running, can't change frame rate
D/dalvikvm( 1627): ---Heap option for 783376
D/dalvikvm( 1627): ---Heap option for 4112
D/dalvikvm( 1627): GC_FOR_ALLOC freed 2303K, 14% free 28918K/33308K, paused 17ms, total 17ms
I/        ( 2419): [CAMERA]ispv3_dynamic_fps_thread, focus is running, can't change frame rate
I/        ( 2419): [CAMERA]ispv3_dynamic_fps_thread, focus is running, can't change frame rate
D/HwWifiStateMachine( 3009): handleMessage: E msg.what=131155
D/HwWifiStateMachine( 3009): processMsg: ConnectedState
D/HwWifiStateMachine( 3009): processMsg: L2ConnectedState
D/WifiHW  ( 3009): wifi_send_command: cmd:'IFNAME=wlan0 SIGNAL_POLL'
D/wpa_supplicant( 3241): RX ctrl_iface - hexdump(len=11): 53 49 47 4e 41 4c 5f 50 4f 4c 4c
D/wpa_supplicant( 3241): wlan0: Control interface command 'SIGNAL_POLL'
D/wpa_supplicant( 3241): nl80211: survey data missing!
D/wpa_supplicant( 3241): wlan0: RSSI=-63, LINKSPEED=72, NOISE=9999, FREQUENCY=2462
D/WifiHW  ( 3009): wifi_send_command ret=0, len=48
D/HwWifiStateMachine( 3009): handleMessage: X
I/        ( 2419): [CAMERA]ispv3_dynamic_fps_thread, focus is running, can't change frame rate
D/dalvikvm( 1627): ---Heap option for 783376
D/dalvikvm( 1627): GC_FOR_ALLOC freed 2303K, 14% free 28918K/33308K, paused 17ms, total 17ms
I/        ( 2419): [CAMERA]ispv3_dynamic_fps_thread, focus is running, can't change frame rate
I/        ( 2419): [CAMERA]ispv3_dynamic_fps_thread, focus is running, can't change frame rate
I/        ( 2419): [CAMERA]ispv3_dynamic_fps_thread, focus is running, can't change frame rate
D/dalvikvm( 1627): ---Heap option for 783376
D/dalvikvm( 1627): GC_FOR_ALLOC freed 2303K, 14% free 28918K/33308K, paused 17ms, total 17ms
I/        ( 2419): [CAMERA]ispv3_dynamic_fps_thread, focus is running, can't change frame rate
I/        ( 2419): [CAMERA]ispv3_dynamic_fps_thread, focus is running, can't change frame rate
I/        ( 2419): [CAMERA]ispv3_dynamic_fps_thread, focus is running, can't change frame rate
D/dalvikvm( 1627): ---Heap option for 783376
D/dalvikvm( 1627): GC_FOR_ALLOC freed 2303K, 14% free 28918K/33308K, paused 17ms, total 17ms
I/        ( 2419): [CAMERA]ispv3_dynamic_fps_thread, focus is running, can't change frame rate
I/        ( 2419): [CAMERA]ispv3_dynamic_fps_thread, focus is running, can't change frame rate
D/ArpVerifier( 3009): There are 1 mac address for gateway 
D/ArpVerifier( 3009): mac is static ARP: 2c:9d:1e:ea:09:e8
D/ArpVerifier( 3009): transmit to state:HEART_CHECK
I/        ( 2419): [CAMERA]ispv3_dynamic_fps_thread, focus is running, can't change frame rate
D/dalvikvm( 1627): ---Heap option for 783376
D/dalvikvm( 1627): GC_FOR_ALLOC freed 2303K, 14% free 28918K/33308K, paused 17ms, total 17ms
I/        ( 2419): [CAMERA]ispv3_dynamic_fps_thread, focus is running, can't change frame rate
I/        ( 2419): [CAMERA]ispv3_dynamic_fps_thread, focus is running, can't change frame rate
I/        ( 2419): [CAMERA]ispv3_dynamic_fps_thread, focus is running, can't change frame rate
D/dalvikvm( 1627): ---Heap option for 783376
D/dalvikvm( 1627): GC_FOR_ALLOC freed 2303K, 14% free 28918K/33308K, paused 17ms, total 17ms
I/        ( 2419): [CAMERA]ispv3_dynamic_fps_thread, focus is running, can't change frame rate
I/        ( 2419): [CAMERA]ispv3_dynamic_fps_thread, focus is running, can't change frame rate
I/        ( 2419): [CAMERA]ispv3_dynamic_fps_thread, focus is running, can't change frame rate
D/dalvikvm( 1627): ---Heap option for 783376
D/dalvikvm( 1627): GC_FOR_ALLOC freed 2307K, 14% free 28918K/33308K, paused 17ms, total 17ms
I/        ( 2419): [CAMERA]ispv3_dynamic_fps_thread, focus is running, can't change frame rate
I/        ( 2419): [CAMERA]ispv3_dynamic_fps_thread, focus is running, can't change frame rate
I/        ( 2419): [CAMERA]ispv3_dynamic_fps_thread, focus is running, can't change frame rate
D/dalvikvm( 1627): ---Heap option for 783376
D/dalvikvm( 1627): GC_FOR_ALLOC freed 2303K, 14% free 28918K/33308K, paused 17ms, total 17ms
I/        ( 2419): [CAMERA]ispv3_dynamic_fps_thread, focus is running, can't change frame rate
I/        ( 2419): [CAMERA]ispv3_dynamic_fps_thread, focus is running, can't change frame rate
I/        ( 2419): [CAMERA]ispv3_dynamic_fps_thread, focus is running, can't change frame rate
D/dalvikvm( 1627): ---Heap option for 783376
D/dalvikvm( 1627): GC_FOR_ALLOC freed 2303K, 14% free 28918K/33308K, paused 16ms, total 16ms
I/        ( 2419): [CAMERA]ispv3_dynamic_fps_thread, focus is running, can't change frame rate
I/        ( 2419): [CAMERA]ispv3_dynamic_fps_thread, focus is running, can't change frame rate
I/        ( 2419): [CAMERA]ispv3_dynamic_fps_thread, focus is running, can't change frame rate
D/dalvikvm( 1627): ---Heap option for 783376
I/        ( 2419): [CAMERA]ispv3_dynamic_fps_thread, focus is running, can't change frame rate
D/dalvikvm( 1627): GC_FOR_ALLOC freed 2303K, 14% free 28918K/33308K, paused 17ms, total 17ms
I/        ( 2419): [CAMERA]ispv3_dynamic_fps_thread, focus is running, can't change frame rate
I/        ( 2419): [CAMERA]ispv3_dynamic_fps_thread, focus is running, can't change frame rate
D/dalvikvm( 1627): ---Heap option for 783376
D/dalvikvm( 1627): GC_FOR_ALLOC freed 2303K, 14% free 28918K/33308K, paused 17ms, total 17ms
I/        ( 2419): [CAMERA]ispv3_dynamic_fps_thread, focus is running, can't change frame rate
I/        ( 2419): [CAMERA]ispv3_dynamic_fps_thread, focus is running, can't change frame rate
I/        ( 2419): [CAMERA]ispv3_dynamic_fps_thread, focus is running, can't change frame rate
D/dalvikvm( 1627): ---Heap option for 783376
D/dalvikvm( 1627): GC_FOR_ALLOC freed 2303K, 14% free 28918K/33308K, paused 17ms, total 17ms
I/        ( 2419): [CAMERA]ispv3_dynamic_fps_thread, focus is running, can't change frame rate
I/        ( 2419): [CAMERA]ispv3_dynamic_fps_thread, focus is running, can't change frame rate
I/        ( 2419): [CAMERA]ispv3_dynamic_fps_thread, focus is running, can't change frame rate
D/dalvikvm( 1627): ---Heap option for 783376
D/dalvikvm( 1627): GC_FOR_ALLOC freed 2303K, 14% free 28918K/33308K, paused 17ms, total 17ms
I/        ( 2419): [CAMERA]ispv3_dynamic_fps_thread, focus is running, can't change frame rate
I/        ( 2419): [CAMERA]ispv3_dynamic_fps_thread, focus is running, can't change frame rate
I/        ( 2419): [CAMERA]ispv3_dynamic_fps_thread, focus is running, can't change frame rate
D/dalvikvm( 1627): ---Heap option for 783376
D/dalvikvm( 1627): GC_FOR_ALLOC freed 2303K, 14% free 28918K/33308K, paused 17ms, total 17ms
I/        ( 2419): [CAMERA]ispv3_dynamic_fps_thread, focus is running, can't change frame rate
I/        ( 2419): [CAMERA]ispv3_dynamic_fps_thread, focus is running, can't change frame rate
I/        ( 2419): [CAMERA]ispv3_dynamic_fps_thread, focus is running, can't change frame rate
D/dalvikvm( 1627): ---Heap option for 783376
D/dalvikvm( 1627): GC_FOR_ALLOC freed 2307K, 14% free 28918K/33308K, paused 17ms, total 17ms
I/        ( 2419): [CAMERA]ispv3_dynamic_fps_thread, focus is running, can't change frame rate
I/        ( 2419): [CAMERA]ispv3_dynamic_fps_thread, focus is running, can't change frame rate
I/        ( 2419): [CAMERA]ispv3_dynamic_fps_thread, focus is running, can't change frame rate
D/dalvikvm( 1627): ---Heap option for 783376
D/dalvikvm( 1627): GC_FOR_ALLOC freed 2303K, 14% free 28918K/33308K, paused 18ms, total 18ms
I/        ( 2419): [CAMERA]ispv3_dynamic_fps_thread, focus is running, can't change frame rate
I/        ( 2419): [CAMERA]ispv3_dynamic_fps_thread, focus is running, can't change frame rate
I/        ( 2419): [CAMERA]ispv3_dynamic_fps_thread, focus is running, can't change frame rate
D/dalvikvm( 1627): ---Heap option for 783376
I/        ( 2419): [CAMERA]ispv3_dynamic_fps_thread, focus is running, can't change frame rate
D/dalvikvm( 1627): GC_FOR_ALLOC freed 2304K, 14% free 28918K/33308K, paused 17ms, total 17ms
I/        ( 2419): [CAMERA]ispv3_dynamic_fps_thread, focus is running, can't change frame rate
V/AlarmManager( 3009): set(PendingIntent{44045518: PendingIntentRecord{43eb1370 com.UCMobile broadcastIntent}}) : type=0 triggerAtTime=1517453408241 win=-1 tElapsed=85471649 maxElapsed=85674148 interval=0 standalone=false
I/        ( 2419): [CAMERA]ispv3_dynamic_fps_thread, focus is running, can't change frame rate
D/dalvikvm( 1627): ---Heap option for 783376
D/dalvikvm( 1627): GC_FOR_ALLOC freed 2303K, 14% free 28918K/33308K, paused 17ms, total 17ms
I/        ( 2419): [CAMERA]ispv3_dynamic_fps_thread, focus is running, can't change frame rate
I/        ( 2419): [CAMERA]ispv3_dynamic_fps_thread, focus is running, can't change frame rate
I/        ( 2419): [CAMERA]ispv3_dynamic_fps_thread, focus is running, can't change frame rate
D/dalvikvm( 1627): ---Heap option for 783376
D/dalvikvm( 1627): GC_FOR_ALLOC freed 2303K, 14% free 28918K/33308K, paused 17ms, total 17ms
I/        ( 2419): [CAMERA]ispv3_dynamic_fps_thread, focus is running, can't change frame rate
I/        ( 2419): [CAMERA]ispv3_dynamic_fps_thread, focus is running, can't change frame rate
I/        ( 2419): [CAMERA]ispv3_dynamic_fps_thread, focus is running, can't change frame rate
D/dalvikvm( 1627): ---Heap option for 783376
D/dalvikvm( 1627): GC_FOR_ALLOC freed 2307K, 14% free 28918K/33308K, paused 17ms, total 17ms
I/        ( 2419): [CAMERA]ispv3_dynamic_fps_thread, focus is running, can't change frame rate
I/        ( 2419): [CAMERA]ispv3_dynamic_fps_thread, focus is running, can't change frame rate
I/        ( 2419): [CAMERA]ispv3_dynamic_fps_thread, focus is running, can't change frame rate
D/dalvikvm( 1627): ---Heap option for 783376
I/        ( 2419): [CAMERA]ispv3_dynamic_fps_thread, focus is running, can't change frame rate
D/dalvikvm( 1627): GC_FOR_ALLOC freed 2303K, 14% free 28918K/33308K, paused 20ms, total 20ms
I/        ( 2419): [CAMERA]++++frame 2600:cur_y=0x1, gain=0x180, expo=0x74d0, fps:30
I/        ( 2419): [CAMERA]ispv3_dynamic_fps_thread, focus is running, can't change frame rate
I/        ( 2419): [CAMERA]ispv3_dynamic_fps_thread, focus is running, can't change frame rate
W/View    ( 3243): requestLayout() improperly called by com.android.systemui.statusbar.phone.IconMerger{43271138 V.E..... ......I. 0,0-270,75 #7f0a0067 app:id/notificationIcons} during layout: running second layout pass
D/dalvikvm( 1627): ---Heap option for 783376
W/View    ( 3243): requestLayout() improperly called by com.android.systemui.statusbar.phone.IconMerger{43271138 V.E..... ........ 0,0-270,75 #7f0a0067 app:id/notificationIcons} during second layout pass: posting in next frame
I/        ( 2419): [CAMERA]ispv3_dynamic_fps_thread, focus is running, can't change frame rate
W/View    ( 3243): requestLayout() improperly called by com.android.systemui.statusbar.phone.IconMerger{43271138 V.E..... ......I. 0,0-270,75 #7f0a0067 app:id/notificationIcons} during second layout pass: posting in next frame
D/dalvikvm( 1627): GC_FOR_ALLOC freed 2304K, 14% free 28918K/33308K, paused 17ms, total 17ms
I/        ( 2419): [CAMERA]ispv3_dynamic_fps_thread, focus is running, can't change frame rate
I/        ( 2419): [CAMERA]ispv3_dynamic_fps_thread, focus is running, can't change frame rate
D/dalvikvm( 1627): ---Heap option for 783376
D/dalvikvm( 1627): GC_FOR_ALLOC freed 2303K, 14% free 28918K/33308K, paused 17ms, total 17ms
I/        ( 2419): [CAMERA]ispv3_dynamic_fps_thread, focus is running, can't change frame rate
I/        ( 2419): [CAMERA]ispv3_dynamic_fps_thread, focus is running, can't change frame rate
I/        ( 2419): [CAMERA]ispv3_dynamic_fps_thread, focus is running, can't change frame rate
D/dalvikvm( 1627): ---Heap option for 783376
I/        ( 2419): [CAMERA]ispv3_dynamic_fps_thread, focus is running, can't change frame rate
D/dalvikvm( 1627): GC_FOR_ALLOC freed 2303K, 14% free 28918K/33308K, paused 17ms, total 17ms
I/        ( 2419): [CAMERA]ispv3_dynamic_fps_thread, focus is running, can't change frame rate
I/        ( 2419): [CAMERA]ispv3_dynamic_fps_thread, focus is running, can't change frame rate
D/dalvikvm( 1627): ---Heap option for 783376
D/PowerManagerService( 3009): acquireWakeLockInternal: lock=1133993744, flags=0x1, tag="NetworkStats", ws=null, uid=1000, pid=3009
D/PowerManagerNotifier( 3009): onWakeLockAcquired: flags=1, tag="NetworkStats", packageName=android, ownerUid=1000, ownerPid=3009, workSource=null
D/PowerManagerService( 3009): updateWakeLockSummaryLocked: mWakefulness=Awake, mWakeLockSummary=0x1
V/BandwidthController( 2411): filter:   -1 -1 -1 -1
D/PowerManagerService( 3009): updateScreenStateLocked: mDisplayReady=true, newScreenState=1, mWakefulness=1, mWakeLockSummary=0x1, mUserActivitySummary=0x0, mBootCompleted=true
D/NetdConnector( 3009): SND -> {2644 bandwidth gettetherstats}
I/        ( 2419): [CAMERA]ispv3_dynamic_fps_thread, focus is running, can't change frame rate
D/dalvikvm( 1627): GC_FOR_ALLOC freed 2303K, 14% free 28918K/33308K, paused 17ms, total 18ms
V/BandwidthController( 2411): parse res=0 iface0=<> iface1=<> pkts=0 bytes=0 rest=<> orig line=<Chain natctrl_tether_counters (0 references)
V/BandwidthController( 2411): >
V/BandwidthController( 2411): parse res=0 iface0=<> iface1=<> pkts=0 bytes=0 rest=<> orig line=<    pkts      bytes target     prot opt in     out     source               destination         
V/BandwidthController( 2411): >
D/NetdConnector( 3009): RMV <- {200 2644 Tethering stats list completed}
D/PowerManagerService( 3009): releaseWakeLockInternal: lock=1133993744 [NetworkStats], flags=0x0
D/PowerManagerNotifier( 3009): onWakeLockReleased: flags=1, tag="NetworkStats", packageName=android, ownerUid=1000, ownerPid=3009, workSource=null
D/PowerManagerService( 3009): updateWakeLockSummaryLocked: mWakefulness=Awake, mWakeLockSummary=0x1
D/PowerManagerService( 3009): updateScreenStateLocked: mDisplayReady=true, newScreenState=1, mWakefulness=1, mWakeLockSummary=0x1, mUserActivitySummary=0x0, mBootCompleted=true
E/HwSystemManager( 3788): CommonMethodUtil:/getTemplateMobileAutomatically: no SIM card using data
I/        ( 2419): [CAMERA]ispv3_dynamic_fps_thread, focus is running, can't change frame rate
D/PowerManagerService( 3009): handleSandman: canDream=false, mWakefulness=Awake
W/HwSystemManager( 3788): TrafficAnalyseManager:isMainCard: imsi is null.
E/HwSystemManager( 3788): TrafficNotifyOverMarkForDay:notifyTafficOverMarkForDay: prefferredImsi is null.
E/HwSystemManager( 3788): CommonMethodUtil:/getTemplateMobileAutomatically: no SIM card using data
W/HwSystemManager( 3788): TrafficAnalyseManager:isMainCard: imsi is null.
E/HwSystemManager( 3788): TrafficNotifyOverMarkForMonth:notifyTafficOverMarkForMonth: prefferredImsi is null.
E/HwSystemManager( 3788): CommonMethodUtil:/getTemplateMobileAutomatically: no SIM card using data
W/HwSystemManager( 3788): TrafficAnalyseManager:isMainCard: imsi is null.
E/HwSystemManager( 3788): TrafficNotifyExcessForMonth:notifyTafficExcessForMonth: prefferredImsi is null.
I/        ( 2419): [CAMERA]ispv3_dynamic_fps_thread, focus is running, can't change frame rate
D/dalvikvm( 1627): ---Heap option for 783376
D/dalvikvm( 1627): GC_FOR_ALLOC freed 2303K, 14% free 28918K/33308K, paused 16ms, total 16ms
I/        ( 2419): [CAMERA]ispv3_dynamic_fps_thread, focus is running, can't change frame rate
I/        ( 2419): [CAMERA]ispv3_dynamic_fps_thread, focus is running, can't change frame rate
I/        ( 2419): [CAMERA]ispv3_dynamic_fps_thread, focus is running, can't change frame rate
D/dalvikvm( 1627): ---Heap option for 783376
D/dalvikvm( 1627): GC_FOR_ALLOC freed 2304K, 14% free 28918K/33308K, paused 17ms, total 17ms
I/        ( 2419): [CAMERA]ispv3_dynamic_fps_thread, focus is running, can't change frame rate
I/        ( 2419): [CAMERA]ispv3_dynamic_fps_thread, focus is running, can't change frame rate
I/        ( 2419): [CAMERA]ispv3_dynamic_fps_thread, focus is running, can't change frame rate
D/dalvikvm( 1627): ---Heap option for 783376
D/dalvikvm( 1627): GC_FOR_ALLOC freed 2307K, 14% free 28918K/33308K, paused 17ms, total 17ms
I/        ( 2419): [CAMERA]ispv3_dynamic_fps_thread, focus is running, can't change frame rate
I/        ( 2419): [CAMERA]ispv3_dynamic_fps_thread, focus is running, can't change frame rate
I/        ( 2419): [CAMERA]ispv3_dynamic_fps_thread, focus is running, can't change frame rate
D/dalvikvm( 1627): ---Heap option for 783376
D/dalvikvm( 1627): GC_FOR_ALLOC freed 2303K, 14% free 28918K/33308K, paused 17ms, total 17ms
I/        ( 2419): [CAMERA]ispv3_dynamic_fps_thread, focus is running, can't change frame rate
I/        ( 2419): [CAMERA]ispv3_dynamic_fps_thread, focus is running, can't change frame rate
I/        ( 2419): [CAMERA]ispv3_dynamic_fps_thread, focus is running, can't change frame rate
D/dalvikvm( 1627): ---Heap option for 783376
D/dalvikvm( 1627): GC_FOR_ALLOC freed 2303K, 14% free 28918K/33308K, paused 17ms, total 17ms
I/        ( 2419): [CAMERA]ispv3_dynamic_fps_thread, focus is running, can't change frame rate
I/        ( 2419): [CAMERA]ispv3_dynamic_fps_thread, focus is running, can't change frame rate
I/        ( 2419): [CAMERA]ispv3_dynamic_fps_thread, focus is running, can't change frame rate
D/dalvikvm( 1627): ---Heap option for 783376
D/dalvikvm( 1627): GC_FOR_ALLOC freed 2303K, 14% free 28918K/33308K, paused 17ms, total 17ms
I/        ( 2419): [CAMERA]ispv3_dynamic_fps_thread, focus is running, can't change frame rate
I/        ( 2419): [CAMERA]ispv3_dynamic_fps_thread, focus is running, can't change frame rate
I/        ( 2419): [CAMERA]ispv3_dynamic_fps_thread, focus is running, can't change frame rate
D/HwWifiStateMachine( 3009): handleMessage: E msg.what=131155
D/HwWifiStateMachine( 3009): processMsg: ConnectedState
D/HwWifiStateMachine( 3009): processMsg: L2ConnectedState
D/WifiHW  ( 3009): wifi_send_command: cmd:'IFNAME=wlan0 SIGNAL_POLL'
D/wpa_supplicant( 3241): RX ctrl_iface - hexdump(len=11): 53 49 47 4e 41 4c 5f 50 4f 4c 4c
D/wpa_supplicant( 3241): wlan0: Control interface command 'SIGNAL_POLL'
D/dalvikvm( 1627): ---Heap option for 783376
D/wpa_supplicant( 3241): nl80211: survey data missing!
D/wpa_supplicant( 3241): wlan0: RSSI=-61, LINKSPEED=72, NOISE=9999, FREQUENCY=2462
D/WifiHW  ( 3009): wifi_send_command ret=0, len=48
D/HwWifiStateMachine( 3009): handleMessage: X
W/View    ( 3243): requestLayout() improperly called by com.android.systemui.statusbar.phone.IconMerger{43271138 V.E..... ......I. 0,0-270,75 #7f0a0067 app:id/notificationIcons} during layout: running second layout pass
I/        ( 2419): [CAMERA]ispv3_dynamic_fps_thread, focus is running, can't change frame rate
D/dalvikvm( 1627): GC_FOR_ALLOC freed 2303K, 14% free 28918K/33308K, paused 17ms, total 17ms
I/        ( 2419): [CAMERA]ispv3_dynamic_fps_thread, focus is running, can't change frame rate
I/        ( 2419): [CAMERA]ispv3_dynamic_fps_thread, focus is running, can't change frame rate
V/UsbDeviceManager( 3009): power_state is false usb_state is false
D/WifiController( 3009): handleMessage: E msg.what=155652
D/WifiController( 3009): processMsg: DeviceActiveState
D/WifiController( 3009): processMsg: StaEnabledState
D/WifiController( 3009): processMsg: DefaultState
D/dalvikvm( 1627): ---Heap option for 783376
D/WifiController( 3009): handleMessage: X
D/KeyguardUpdateMonitor( 3212): received broadcast android.intent.action.BATTERY_CHANGED
D/KeyguardUpdateMonitor( 3212): handleBatteryUpdate
D/WifiController( 3009): battery changed pluggedType: 2
D/PowerManagerService( 3009): updateIsPoweredLocked: wasPowered=true, mIsPowered=true, oldPlugType=2, mPlugType=2, mBatteryLevel=91
D/UTAnalytics:CommitTask( 2268): pid:2268 check&commit event:65501,
D/UTAnalytics:CommitTask( 2268): pid:2268 check&commit event:65133,
D/UTAnalytics:CommitTask( 2268): pid:2268 next:65133,
D/UTAnalytics:CommitTask( 2268): pid:2268 check&commit event:65502,
D/UTAnalytics:CommitTask( 2268): pid:2268 next:65502,
D/UTAnalytics:CommitTask( 2268): pid:2268 next:65501,
D/UTAnalytics:CommitTask( 2268): pid:2268 check&commit event:65503,
D/HwPowerMonitor.Utils( 3430): ScrOff setChargingState mIsCharging = true
D/UTAnalytics:CommitTask( 2268): pid:2268 next:65503,
V/UsbDeviceManager( 3009): mBatteryChangedReceiver plugType is 2
D/HwSystemManager( 3788): BgPowerManagerService:BgPowerManagerSerivce plugged =2 currentThreshold = 8 mRawLevel = 91mLastRawLevel91
D/BgPowerManagerService( 3788):  mTimes = 245750 firstTime = 84957422 firstmBatteryCapacity =2694
I/        ( 2419): [CAMERA]ispv3_dynamic_fps_thread, focus is running, can't change frame rate
D/dalvikvm( 1627): GC_FOR_ALLOC freed 2307K, 14% free 28918K/33308K, paused 17ms, total 17ms
I/        ( 2419): [CAMERA]ispv3_dynamic_fps_thread, focus is running, can't change frame rate
D/PowerManagerService( 3009): handleSandman: canDream=false, mWakefulness=Awake
I/        ( 2419): [CAMERA]ispv3_dynamic_fps_thread, focus is running, can't change frame rate
D/dalvikvm( 1627): ---Heap option for 783376
D/dalvikvm( 1627): ---Heap option for 4112
D/dalvikvm( 1627): GC_FOR_ALLOC freed 2303K, 14% free 28918K/33308K, paused 17ms, total 17ms
I/        ( 2419): [CAMERA]ispv3_dynamic_fps_thread, focus is running, can't change frame rate
I/        ( 2419): [CAMERA]ispv3_dynamic_fps_thread, focus is running, can't change frame rate
I/        ( 2419): [CAMERA]ispv3_dynamic_fps_thread, focus is running, can't change frame rate
D/dalvikvm( 1627): ---Heap option for 783376
D/dalvikvm( 1627): ---Heap option for 4112
D/dalvikvm( 1627): GC_FOR_ALLOC freed 2303K, 14% free 28918K/33308K, paused 17ms, total 17ms
I/        ( 2419): [CAMERA]ispv3_dynamic_fps_thread, focus is running, can't change frame rate
I/        ( 2419): [CAMERA]ispv3_dynamic_fps_thread, focus is running, can't change frame rate
I/        ( 2419): [CAMERA]ispv3_dynamic_fps_thread, focus is running, can't change frame rate
D/dalvikvm( 1627): ---Heap option for 783376
D/dalvikvm( 1627): GC_FOR_ALLOC freed 2303K, 14% free 28918K/33308K, paused 17ms, total 17ms
I/        ( 2419): [CAMERA]ispv3_dynamic_fps_thread, focus is running, can't change frame rate
I/        ( 2419): [CAMERA]ispv3_dynamic_fps_thread, focus is running, can't change frame rate
I/        ( 2419): [CAMERA]ispv3_dynamic_fps_thread, focus is running, can't change frame rate
D/dalvikvm( 1627): ---Heap option for 783376
D/dalvikvm( 1627): ---Heap option for 4112
D/dalvikvm( 1627): GC_FOR_ALLOC freed 2303K, 14% free 28918K/33308K, paused 17ms, total 17ms
I/        ( 2419): [CAMERA]ispv3_dynamic_fps_thread, focus is running, can't change frame rate
I/        ( 2419): [CAMERA]ispv3_dynamic_fps_thread, focus is running, can't change frame rate
I/        ( 2419): [CAMERA]ispv3_dynamic_fps_thread, focus is running, can't change frame rate
D/dalvikvm( 1627): ---Heap option for 783376
D/dalvikvm( 1627): GC_FOR_ALLOC freed 2303K, 14% free 28918K/33308K, paused 17ms, total 17ms
I/        ( 2419): [CAMERA]ispv3_dynamic_fps_thread, focus is running, can't change frame rate
I/        ( 2419): [CAMERA]ispv3_dynamic_fps_thread, focus is running, can't change frame rate
I/        ( 2419): [CAMERA]ispv3_dynamic_fps_thread, focus is running, can't change frame rate
D/dalvikvm( 1627): ---Heap option for 783376
D/dalvikvm( 1627): GC_FOR_ALLOC freed 2303K, 14% free 28918K/33308K, paused 17ms, total 17ms
I/        ( 2419): [CAMERA]ispv3_dynamic_fps_thread, focus is running, can't change frame rate
I/        ( 2419): [CAMERA]ispv3_dynamic_fps_thread, focus is running, can't change frame rate
I/        ( 2419): [CAMERA]ispv3_dynamic_fps_thread, focus is running, can't change frame rate
D/dalvikvm( 1627): ---Heap option for 783376
D/dalvikvm( 1627): GC_FOR_ALLOC freed 2303K, 14% free 28918K/33308K, paused 17ms, total 17ms
I/        ( 2419): [CAMERA]ispv3_dynamic_fps_thread, focus is running, can't change frame rate
I/        ( 2419): [CAMERA]ispv3_dynamic_fps_thread, focus is running, can't change frame rate
I/        ( 2419): [CAMERA]ispv3_dynamic_fps_thread, focus is running, can't change frame rate
D/dalvikvm( 1627): ---Heap option for 783376
D/dalvikvm( 1627): ---Heap option for 4112
I/        ( 2419): [CAMERA]ispv3_dynamic_fps_thread, focus is running, can't change frame rate
D/dalvikvm( 1627): GC_FOR_ALLOC freed 2307K, 14% free 28918K/33308K, paused 17ms, total 17ms
I/        ( 2419): [CAMERA]ispv3_dynamic_fps_thread, focus is running, can't change frame rate
I/        ( 2419): [CAMERA]ispv3_dynamic_fps_thread, focus is running, can't change frame rate
D/dalvikvm( 1627): ---Heap option for 783376
D/dalvikvm( 1627): GC_FOR_ALLOC freed 2299K, 14% free 28918K/33308K, paused 17ms, total 17ms
I/        ( 2419): [CAMERA]ispv3_dynamic_fps_thread, focus is running, can't change frame rate
I/        ( 2419): [CAMERA]ispv3_dynamic_fps_thread, focus is running, can't change frame rate
I/        ( 2419): [CAMERA]ispv3_dynamic_fps_thread, focus is running, can't change frame rate
D/dalvikvm( 1627): ---Heap option for 783376
D/dalvikvm( 1627): GC_FOR_ALLOC freed 2307K, 14% free 28918K/33308K, paused 17ms, total 17ms
I/        ( 2419): [CAMERA]ispv3_dynamic_fps_thread, focus is running, can't change frame rate
I/        ( 2419): [CAMERA]ispv3_dynamic_fps_thread, focus is running, can't change frame rate
I/        ( 2419): [CAMERA]ispv3_dynamic_fps_thread, focus is running, can't change frame rate
D/dalvikvm( 1627): ---Heap option for 783376
D/dalvikvm( 1627): GC_FOR_ALLOC freed 2303K, 14% free 28918K/33308K, paused 17ms, total 17ms
I/        ( 2419): [CAMERA]ispv3_dynamic_fps_thread, focus is running, can't change frame rate
I/        ( 2419): [CAMERA]ispv3_dynamic_fps_thread, focus is running, can't change frame rate
I/        ( 2419): [CAMERA]ispv3_dynamic_fps_thread, focus is running, can't change frame rate
D/dalvikvm( 1627): ---Heap option for 783376
D/dalvikvm( 1627): GC_FOR_ALLOC freed 2303K, 14% free 28918K/33308K, paused 17ms, total 17ms
I/        ( 2419): [CAMERA]ispv3_dynamic_fps_thread, focus is running, can't change frame rate
I/        ( 2419): [CAMERA]ispv3_dynamic_fps_thread, focus is running, can't change frame rate
I/        ( 2419): [CAMERA]ispv3_dynamic_fps_thread, focus is running, can't change frame rate
D/dalvikvm( 1627): ---Heap option for 783376
D/dalvikvm( 1627): GC_FOR_ALLOC freed 2303K, 14% free 28918K/33308K, paused 17ms, total 17ms
I/        ( 2419): [CAMERA]ispv3_dynamic_fps_thread, focus is running, can't change frame rate
I/        ( 2419): [CAMERA]ispv3_dynamic_fps_thread, focus is running, can't change frame rate
I/        ( 2419): [CAMERA]ispv3_dynamic_fps_thread, focus is running, can't change frame rate
D/dalvikvm( 1627): ---Heap option for 783376
I/        ( 2419): [CAMERA]ispv3_dynamic_fps_thread, focus is running, can't change frame rate
D/dalvikvm( 1627): GC_FOR_ALLOC freed 2303K, 14% free 28918K/33308K, paused 16ms, total 16ms
I/        ( 2419): [CAMERA]ispv3_dynamic_fps_thread, focus is running, can't change frame rate
I/        ( 2419): [CAMERA]ispv3_dynamic_fps_thread, focus is running, can't change frame rate
D/dalvikvm( 1627): ---Heap option for 783376
D/dalvikvm( 1627): GC_FOR_ALLOC freed 2303K, 14% free 28918K/33308K, paused 17ms, total 17ms
I/        ( 2419): [CAMERA]ispv3_dynamic_fps_thread, focus is running, can't change frame rate
I/        ( 2419): [CAMERA]ispv3_dynamic_fps_thread, focus is running, can't change frame rate
I/        ( 2419): [CAMERA]ispv3_dynamic_fps_thread, focus is running, can't change frame rate
D/dalvikvm( 1627): ---Heap option for 783376
D/dalvikvm( 1627): GC_FOR_ALLOC freed 2303K, 14% free 28918K/33308K, paused 17ms, total 17ms
I/        ( 2419): [CAMERA]ispv3_dynamic_fps_thread, focus is running, can't change frame rate
I/        ( 2419): [CAMERA]ispv3_dynamic_fps_thread, focus is running, can't change frame rate
I/        ( 2419): [CAMERA]ispv3_dynamic_fps_thread, focus is running, can't change frame rate
D/dalvikvm( 1627): ---Heap option for 783376
