W/Binder  ( 3366): java.lang.NullPointerException
W/Binder  ( 3366): 	at android.inputmethodservice.IInputMethodWrapper.setSessionEnabled(IInputMethodWrapper.java:280)
W/Binder  ( 3366): 	at com.android.internal.view.IInputMethod$Stub.onTransact(IInputMethod.java:129)
W/Binder  ( 3366): 	at android.os.Binder.execTransact(Binder.java:404)
W/Binder  ( 3366): 	at dalvik.system.NativeStart.run(Native Method)
W/System.err( 3366): java.lang.NullPointerException
W/System.err( 3366): 	at android.inputmethodservice.IInputMethodWrapper.setSessionEnabled(IInputMethodWrapper.java:280)
W/System.err( 3366): 	at com.android.internal.view.IInputMethod$Stub.onTransact(IInputMethod.java:129)
W/System.err( 3366): 	at android.os.Binder.execTransact(Binder.java:404)
W/System.err( 3366): 	at dalvik.system.NativeStart.run(Native Method)
I/ActivityManager( 3009): filter receiver for action = com.kingroot.common.ACTION_TOP_ACTIVITY_CHANGED
I/ActivityManager( 3009): filter receiver for action = com.kingroot.common.ACTION_SWITCH_IN_DESKTOP
I/ActivityManager( 3009): filter receiver for action = com.kingroot.common.ACTION_TOP_APP_CHANGED
D/KeyguardViewMediator( 3212): setHidden false
D/KeyguardUpdateMonitor( 3212): sendKeyguardVisibilityChanged(true)
D/KeyguardUpdateMonitor( 3212): handleKeyguardVisibilityChanged(1)
D/KeyguardViewMediator( 3212): setHidden false
D/KeyguardUpdateMonitor( 3212): sendKeyguardVisibilityChanged(true)
D/KeyguardUpdateMonitor( 3212): handleKeyguardVisibilityChanged(1)
D/KeyguardViewMediator( 3212): setHidden false
D/KeyguardUpdateMonitor( 3212): sendKeyguardVisibilityChanged(true)
D/KeyguardUpdateMonitor( 3212): handleKeyguardVisibilityChanged(1)
I/PhoneStatusBar( 3243): hw_status_bar_operators = true, setSystemUIVisibily(SHOW_OPERATOR = false)
D/KeyguardViewMediator( 3212): setHidden false
D/KeyguardUpdateMonitor( 3212): sendKeyguardVisibilityChanged(true)
D/KeyguardUpdateMonitor( 3212): handleKeyguardVisibilityChanged(1)
D/KeyguardViewMediator( 3212): setHidden false
D/KeyguardUpdateMonitor( 3212): sendKeyguardVisibilityChanged(true)
D/KeyguardUpdateMonitor( 3212): handleKeyguardVisibilityChanged(1)
D/dalvikvm( 3354): GC_FOR_ALLOC freed 380K, 14% free 30159K/35056K, paused 40ms, total 40ms
D/PowerManagerService( 3009): acquireWakeLockInternal: lock=1138419288, flags=0x1, tag="RILJ", ws=null, uid=1001, pid=3443
D/PowerManagerNotifier( 3009): onWakeLockAcquired: flags=1, tag="RILJ", packageName=com.android.phone, ownerUid=1001, ownerPid=3443, workSource=null
D/PowerManagerService( 3009): updateWakeLockSummaryLocked: mWakefulness=Awake, mWakeLockSummary=0x1
D/PowerManagerService( 3009): updateScreenStateLocked: mDisplayReady=true, newScreenState=1, mWakefulness=1, mWakeLockSummary=0x1, mUserActivitySummary=0x0, mBootCompleted=true
D/PowerManagerService( 3009): Acquiring suspend blocker "PowerManagerService.WakeLocks".
D/PowerManagerService( 3009): releaseWakeLockInternal: lock=1138419288 [RILJ], flags=0x0
D/PowerManagerNotifier( 3009): onWakeLockReleased: flags=1, tag="RILJ", packageName=com.android.phone, ownerUid=1001, ownerPid=3443, workSource=null
D/PowerManagerService( 3009): updateWakeLockSummaryLocked: mWakefulness=Awake, mWakeLockSummary=0x0
D/PowerManagerService( 3009): updateScreenStateLocked: mDisplayReady=true, newScreenState=1, mWakefulness=1, mWakeLockSummary=0x0, mUserActivitySummary=0x0, mBootCompleted=true
D/PowerManagerService( 3009): Releasing suspend blocker "PowerManagerService.WakeLocks".
D/UTAnalytics:UploadTask( 2268): pid:2268 url:http://adashbc.m.taobao.com/rest/sur?ak=23419966&av=4.58.2&c=null&v=3.0&s=9982987407d5a43dc5dcb18768cee00c3af40b55&d=VgNVxUQGMP4DAI9jn5SIqYWo&sv=2.5.1.3_for_bc&p=a&t=1517453165212&u=&is=1&k=0,
D/UTAnalytics:UploadTask( 2268): pid:2268 result:{"t":1517453165730,"ret":"","success":"success"}
D/UTAnalytics:UploadTask( 2268): ,
D/UTAnalytics:UploadTask( 2268): pid:2268 winsize:62,
D/UTAnalytics:LogStoreMgr( 2268): pid:2268 [Log [id=8590, eventId=65501, index=]],
D/dalvikvm( 3354): GC_FOR_ALLOC freed 125K, 14% free 30248K/35056K, paused 38ms, total 38ms
D/UTAnalytics:UTSqliteLogStore( 2268): pid:2268 delete ,1, isSuccess:true,
D/UTAnalytics:CoreStatics( 2268): pid:2268 [uploadInc]:5,count:1,
D/UTAnalytics:CoreStatics( 2268): pid:2268 [uploadInc]:6,
D/UTAnalytics:UploadTask( 2268): pid:2268 logs.size():1, selfMonitorLogCount:0,
D/UTAnalytics:UploadTask( 2268): pid:2268 upload isSendSuccess:true, consume:718, delete consume:23,
D/PowerManagerService( 3009): handleSandman: canDream=false, mWakefulness=Awake
D/dalvikvm( 3354): GC_FOR_ALLOC freed 278K, 14% free 30158K/35056K, paused 38ms, total 39ms
D/dalvikvm( 3354): GC_FOR_ALLOC freed 94K, 14% free 30276K/35056K, paused 37ms, total 37ms
D/KeyguardViewMediator( 3212): setHidden false
D/KeyguardUpdateMonitor( 3212): sendKeyguardVisibilityChanged(true)
D/KeyguardUpdateMonitor( 3212): handleKeyguardVisibilityChanged(1)
D/KeyguardViewMediator( 3212): setHidden false
D/KeyguardUpdateMonitor( 3212): sendKeyguardVisibilityChanged(true)
D/KeyguardUpdateMonitor( 3212): handleKeyguardVisibilityChanged(1)
D/KeyguardViewMediator( 3212): setHidden false
D/KeyguardUpdateMonitor( 3212): sendKeyguardVisibilityChanged(true)
D/KeyguardUpdateMonitor( 3212): handleKeyguardVisibilityChanged(1)
D/KeyguardViewMediator( 3212): setHidden false
D/KeyguardUpdateMonitor( 3212): sendKeyguardVisibilityChanged(true)
D/KeyguardUpdateMonitor( 3212): handleKeyguardVisibilityChanged(1)
I/K3V3CpuGovernorPolicy( 3455): close previously scene Hmp policy : 922 , 448
D/HwWifiStateMachine( 3009): handleMessage: E msg.what=131155
D/HwWifiStateMachine( 3009): processMsg: ConnectedState
D/HwWifiStateMachine( 3009): processMsg: L2ConnectedState
D/WifiHW  ( 3009): wifi_send_command: cmd:'IFNAME=wlan0 SIGNAL_POLL'
D/wpa_supplicant( 3241): RX ctrl_iface - hexdump(len=11): 53 49 47 4e 41 4c 5f 50 4f 4c 4c
D/wpa_supplicant( 3241): wlan0: Control interface command 'SIGNAL_POLL'
D/wpa_supplicant( 3241): nl80211: survey data missing!
D/wpa_supplicant( 3241): wlan0: RSSI=-63, LINKSPEED=72, NOISE=9999, FREQUENCY=2462
D/WifiHW  ( 3009): wifi_send_command ret=0, len=48
D/HwWifiStateMachine( 3009): handleMessage: X
D/ArpVerifier( 3009): 10.155.239.254   0x1         0x2         2c:9d:1e:13:a2:e8     *        wlan0
D/ArpVerifier( 3009): 10.155.232.1     0x1         0x6         2c:9d:1e:ea:09:e8     *        wlan0
D/ArpVerifier( 3009): ARP wlan0,addr: /10.155.237.40,mac: f4:8e:92:24:01:26,gw: /10.155.232.1
D/MultiGW ( 3009): setGateWay 10.155.232.1
W/View    ( 3243): requestLayout() improperly called by com.android.systemui.statusbar.phone.IconMerger{43271138 V.E..... ......I. 0,0-270,75 #7f0a0067 app:id/notificationIcons} during layout: running second layout pass
D/ArpVerifier( 3009): There are 1 mac address for gateway 
D/ArpVerifier( 3009): mac is static ARP: 2c:9d:1e:ea:09:e8
D/ArpVerifier( 3009): transmit to state:HEART_CHECK
E/Thermal-daemon( 2425): [ap] temp_new :45  temp_old :46
E/Thermal-daemon( 2425): Report temperature: [ap] temp :45  report_threshold:1
D/ThermalStateManager( 3455): Thermal type: 0 cur_temperature:45
W/View    ( 3243): requestLayout() improperly called by com.android.systemui.statusbar.phone.IconMerger{43271138 V.E..... ......I. 0,0-270,75 #7f0a0067 app:id/notificationIcons} during layout: running second layout pass
W/View    ( 3243): requestLayout() improperly called by com.android.systemui.statusbar.phone.IconMerger{43271138 V.E..... ........ 0,0-270,75 #7f0a0067 app:id/notificationIcons} during second layout pass: posting in next frame
W/View    ( 3243): requestLayout() improperly called by com.android.systemui.statusbar.phone.IconMerger{43271138 V.E..... ......I. 0,0-270,75 #7f0a0067 app:id/notificationIcons} during second layout pass: posting in next frame
D/HwWifiStateMachine( 3009): handleMessage: E msg.what=131155
D/HwWifiStateMachine( 3009): processMsg: ConnectedState
D/HwWifiStateMachine( 3009): processMsg: L2ConnectedState
D/WifiHW  ( 3009): wifi_send_command: cmd:'IFNAME=wlan0 SIGNAL_POLL'
D/wpa_supplicant( 3241): RX ctrl_iface - hexdump(len=11): 53 49 47 4e 41 4c 5f 50 4f 4c 4c
D/wpa_supplicant( 3241): wlan0: Control interface command 'SIGNAL_POLL'
D/wpa_supplicant( 3241): nl80211: survey data missing!
D/wpa_supplicant( 3241): wlan0: RSSI=-61, LINKSPEED=72, NOISE=9999, FREQUENCY=2462
D/WifiHW  ( 3009): wifi_send_command ret=0, len=48
D/HwWifiStateMachine( 3009): handleMessage: X
V/UsbDeviceManager( 3009): power_state is false usb_state is false
D/WifiController( 3009): handleMessage: E msg.what=155652
D/WifiController( 3009): processMsg: DeviceActiveState
D/WifiController( 3009): processMsg: StaEnabledState
V/UsbDeviceManager( 3009): mBatteryChangedReceiver plugType is 2
D/WifiController( 3009): processMsg: DefaultState
D/WifiController( 3009): handleMessage: X
D/WifiController( 3009): battery changed pluggedType: 2
D/KeyguardUpdateMonitor( 3212): received broadcast android.intent.action.BATTERY_CHANGED
D/PowerManagerService( 3009): updateIsPoweredLocked: wasPowered=true, mIsPowered=true, oldPlugType=2, mPlugType=2, mBatteryLevel=91
D/KeyguardUpdateMonitor( 3212): handleBatteryUpdate
D/HwPowerMonitor.Utils( 3430): ScrOff setChargingState mIsCharging = true
D/HwSystemManager( 3788): BgPowerManagerService:BgPowerManagerSerivce plugged =2 currentThreshold = 8 mRawLevel = 91mLastRawLevel91
D/BgPowerManagerService( 3788):  mTimes = 276510 firstTime = 84957422 firstmBatteryCapacity =2694
D/PowerManagerService( 3009): handleSandman: canDream=false, mWakefulness=Awake
D/UTAnalytics:LogStoreMgr( 2268): pid:2268 [store],
D/UTAnalytics:UTSqliteLogStore( 2268): pid:2268 sql:SELECT * FROM log ORDER BY time ASC  LIMIT 62,
D/UTAnalytics:LogStoreMgr( 2268): pid:2268 [get],[],
D/UTAnalytics:UploadEngine( 2268): pid:2268 UTDC.bBackground:true,AppInfoUtil.isForeground(UTDC.getContext()) ,false,
D/UTAnalytics:UploadTask( 2268): pid:2268 mPeriod:300000,
W/View    ( 3243): requestLayout() improperly called by com.android.systemui.statusbar.phone.IconMerger{43271138 V.E..... ......I. 0,0-270,75 #7f0a0067 app:id/notificationIcons} during layout: running second layout pass
D/SupplicantHeartBeat( 3009): handleMessage: E msg.what=999903
D/SupplicantHeartBeat( 3009): processMsg: HeartAckState
D/WifiHW  ( 3009): wifi_send_command: cmd:'IFNAME=wlan0 HEART_BEAT CHECK'
D/wpa_supplicant( 3241): RX ctrl_iface - hexdump(len=16): 48 45 41 52 54 5f 42 45 41 54 20 43 48 45 43 4b
D/wpa_supplicant( 3241): wlan0: Control interface command 'HEART_BEAT CHECK'
I/wpa_supplicant( 3241): wlan0: HEART-BEAT-ACK: 3523
D/wpa_supplicant( 3241): CTRL_IFACE monitor send - hexdump(len=40): 2f 64 61 74 61 2f 6d 69 73 63 2f 77 69 66 69 2f 73 6f 63 6b 65 74 73 2f 77 70 61 5f 63 74 72 6c ...
D/WifiHW  ( 3009): wifi ctrl recv res=0, nread=36
D/WifiHW  ( 3009): wifi_send_command ret=0, len=21
D/HwWifiStateMachine( 3009): handleMessage: E msg.what=147506
D/SupplicantHeartBeat( 3009): transitionTo: destState=WaitingHeartAckState
D/SupplicantHeartBeat( 3009): handleMessage: new destination call exit/enter
D/SupplicantHeartBeat( 3009): setupTempStateStackWithStatesToEnter: X mTempStateStackCount=1,curStateInfo: state=EnterSupplicantStarted,active=true,parent=DefaultState
D/HwWifiStateMachine( 3009): processMsg: ConnectedState
D/HwWifiStateMachine( 3009): processMsg: L2ConnectedState
D/HwWifiStateMachine( 3009): processMsg: ConnectModeState
D/HwWifiStateMachine( 3009): processMsg: DriverStartedState
D/HwWifiStateMachine( 3009): processMsg: SupplicantStartedState
D/HwWifiStateMachine( 3009): handleMessage: X
D/SupplicantHeartBeat( 3009): invokeExitMethods: HeartAckState
D/SupplicantHeartBeat( 3009): moveTempStackToStateStack: i=0,j=2
D/SupplicantHeartBeat( 3009): moveTempStackToStateStack: X mStateStackTop=2,startingIndex=2,Top=WaitingHeartAckState
D/SupplicantHeartBeat( 3009): invokeEnterMethods: WaitingHeartAckState
D/SupplicantHeartBeat( 3009): handleMessage: X
D/SupplicantHeartBeat( 3009): handleMessage: E msg.what=147506
D/SupplicantHeartBeat( 3009): processMsg: WaitingHeartAckState
D/SupplicantHeartBeat( 3009): transitionTo: destState=HeartAckState
D/SupplicantHeartBeat( 3009): handleMessage: new destination call exit/enter
D/SupplicantHeartBeat( 3009): setupTempStateStackWithStatesToEnter: X mTempStateStackCount=1,curStateInfo: state=EnterSupplicantStarted,active=true,parent=DefaultState
D/SupplicantHeartBeat( 3009): invokeExitMethods: WaitingHeartAckState
D/SupplicantHeartBeat( 3009): moveTempStackToStateStack: i=0,j=2
D/SupplicantHeartBeat( 3009): moveTempStackToStateStack: X mStateStackTop=2,startingIndex=2,Top=HeartAckState
D/SupplicantHeartBeat( 3009): invokeEnterMethods: HeartAckState
D/SupplicantHeartBeat( 3009): handleMessage: X
W/View    ( 3243): requestLayout() improperly called by com.android.systemui.statusbar.phone.IconMerger{43271138 V.E..... ......I. 0,0-270,75 #7f0a0067 app:id/notificationIcons} during layout: running second layout pass
W/View    ( 3243): requestLayout() improperly called by com.android.systemui.statusbar.phone.IconMerger{43271138 V.E..... ........ 0,0-270,75 #7f0a0067 app:id/notificationIcons} during second layout pass: posting in next frame
W/View    ( 3243): requestLayout() improperly called by com.android.systemui.statusbar.phone.IconMerger{43271138 V.E..... ......I. 0,0-270,75 #7f0a0067 app:id/notificationIcons} during second layout pass: posting in next frame
D/HwWifiStateMachine( 3009): handleMessage: E msg.what=131155
D/HwWifiStateMachine( 3009): processMsg: ConnectedState
D/HwWifiStateMachine( 3009): processMsg: L2ConnectedState
D/WifiHW  ( 3009): wifi_send_command: cmd:'IFNAME=wlan0 SIGNAL_POLL'
D/wpa_supplicant( 3241): RX ctrl_iface - hexdump(len=11): 53 49 47 4e 41 4c 5f 50 4f 4c 4c
D/wpa_supplicant( 3241): wlan0: Control interface command 'SIGNAL_POLL'
D/wpa_supplicant( 3241): nl80211: survey data missing!
D/wpa_supplicant( 3241): wlan0: RSSI=-62, LINKSPEED=72, NOISE=9999, FREQUENCY=2462
D/WifiHW  ( 3009): wifi_send_command ret=0, len=48
D/HwWifiStateMachine( 3009): handleMessage: X
E/Thermal-daemon( 2425): [ap] temp_new :43  temp_old :45
E/Thermal-daemon( 2425): Report temperature: [ap] temp :43  report_threshold:1
D/ThermalStateManager( 3455): Thermal type: 0 cur_temperature:43
W/View    ( 3243): requestLayout() improperly called by com.android.systemui.statusbar.phone.IconMerger{43271138 V.E..... ......I. 0,0-270,75 #7f0a0067 app:id/notificationIcons} during layout: running second layout pass
D/SupplicantHeartBeat( 3009): handleMessage: E msg.what=999904
D/SupplicantHeartBeat( 3009): processMsg: HeartAckState
D/SupplicantHeartBeat( 3009): processMsg: EnterSupplicantStarted
D/SupplicantHeartBeat( 3009): processMsg: DefaultState
D/SupplicantHeartBeat( 3009): handleMessage: X
W/View    ( 3243): requestLayout() improperly called by com.android.systemui.statusbar.phone.IconMerger{43271138 V.E..... ......I. 0,0-270,75 #7f0a0067 app:id/notificationIcons} during layout: running second layout pass
W/View    ( 3243): requestLayout() improperly called by com.android.systemui.statusbar.phone.IconMerger{43271138 V.E..... ........ 0,0-270,75 #7f0a0067 app:id/notificationIcons} during second layout pass: posting in next frame
W/View    ( 3243): requestLayout() improperly called by com.android.systemui.statusbar.phone.IconMerger{43271138 V.E..... ......I. 0,0-270,75 #7f0a0067 app:id/notificationIcons} during second layout pass: posting in next frame
D/HwWifiStateMachine( 3009): handleMessage: E msg.what=131155
D/HwWifiStateMachine( 3009): processMsg: ConnectedState
D/HwWifiStateMachine( 3009): processMsg: L2ConnectedState
D/WifiHW  ( 3009): wifi_send_command: cmd:'IFNAME=wlan0 SIGNAL_POLL'
D/wpa_supplicant( 3241): RX ctrl_iface - hexdump(len=11): 53 49 47 4e 41 4c 5f 50 4f 4c 4c
D/wpa_supplicant( 3241): wlan0: Control interface command 'SIGNAL_POLL'
D/wpa_supplicant( 3241): nl80211: survey data missing!
D/wpa_supplicant( 3241): wlan0: RSSI=-63, LINKSPEED=72, NOISE=9999, FREQUENCY=2462
D/WifiHW  ( 3009): wifi_send_command ret=0, len=48
D/HwWifiStateMachine( 3009): handleMessage: X
D/HwWifiStateMachine( 3009): handleMessage: E msg.what=131155
D/HwWifiStateMachine( 3009): processMsg: ConnectedState
D/HwWifiStateMachine( 3009): processMsg: L2ConnectedState
D/WifiHW  ( 3009): wifi_send_command: cmd:'IFNAME=wlan0 SIGNAL_POLL'
D/wpa_supplicant( 3241): RX ctrl_iface - hexdump(len=11): 53 49 47 4e 41 4c 5f 50 4f 4c 4c
D/wpa_supplicant( 3241): wlan0: Control interface command 'SIGNAL_POLL'
D/wpa_supplicant( 3241): nl80211: survey data missing!
D/wpa_supplicant( 3241): wlan0: RSSI=-62, LINKSPEED=72, NOISE=9999, FREQUENCY=2462
D/WifiHW  ( 3009): wifi_send_command ret=0, len=48
D/HwWifiStateMachine( 3009): handleMessage: X
E/Thermal-daemon( 2425): [ap] temp_new :42  temp_old :43
E/Thermal-daemon( 2425): Report temperature: [ap] temp :42  report_threshold:1
D/ThermalStateManager( 3455): Thermal type: 0 cur_temperature:42
D/HwWifiStateMachine( 3009): handleMessage: E msg.what=131155
D/HwWifiStateMachine( 3009): processMsg: ConnectedState
D/HwWifiStateMachine( 3009): processMsg: L2ConnectedState
D/WifiHW  ( 3009): wifi_send_command: cmd:'IFNAME=wlan0 SIGNAL_POLL'
D/wpa_supplicant( 3241): RX ctrl_iface - hexdump(len=11): 53 49 47 4e 41 4c 5f 50 4f 4c 4c
D/wpa_supplicant( 3241): wlan0: Control interface command 'SIGNAL_POLL'
D/wpa_supplicant( 3241): nl80211: survey data missing!
D/wpa_supplicant( 3241): wlan0: RSSI=-62, LINKSPEED=72, NOISE=9999, FREQUENCY=2462
D/WifiHW  ( 3009): wifi_send_command ret=0, len=48
D/HwWifiStateMachine( 3009): handleMessage: X
W/View    ( 3243): requestLayout() improperly called by com.android.systemui.statusbar.phone.IconMerger{43271138 V.E..... ......I. 0,0-270,75 #7f0a0067 app:id/notificationIcons} during layout: running second layout pass
D/dalvikvm( 4803): Debugger has detached; object registry had 1 entries
D/dalvikvm( 4854): Debugger has detached; object registry had 1 entries
W/View    ( 3243): requestLayout() improperly called by com.android.systemui.statusbar.phone.IconMerger{43271138 V.E..... ......I. 0,0-270,75 #7f0a0067 app:id/notificationIcons} during layout: running second layout pass
W/View    ( 3243): requestLayout() improperly called by com.android.systemui.statusbar.phone.IconMerger{43271138 V.E..... ........ 0,0-270,75 #7f0a0067 app:id/notificationIcons} during second layout pass: posting in next frame
W/View    ( 3243): requestLayout() improperly called by com.android.systemui.statusbar.phone.IconMerger{43271138 V.E..... ......I. 0,0-270,75 #7f0a0067 app:id/notificationIcons} during second layout pass: posting in next frame
E/Thermal-daemon( 2425): [ap] temp_new :41  temp_old :42
E/Thermal-daemon( 2425): Report temperature: [ap] temp :41  report_threshold:1
D/ThermalStateManager( 3455): Thermal type: 0 cur_temperature:41
W/View    ( 3243): requestLayout() improperly called by com.android.systemui.statusbar.phone.IconMerger{43271138 V.E..... ......I. 0,0-270,75 #7f0a0067 app:id/notificationIcons} during layout: running second layout pass
D/HwWifiStateMachine( 3009): handleMessage: E msg.what=131155
D/HwWifiStateMachine( 3009): processMsg: ConnectedState
D/HwWifiStateMachine( 3009): processMsg: L2ConnectedState
D/WifiHW  ( 3009): wifi_send_command: cmd:'IFNAME=wlan0 SIGNAL_POLL'
D/wpa_supplicant( 3241): RX ctrl_iface - hexdump(len=11): 53 49 47 4e 41 4c 5f 50 4f 4c 4c
D/wpa_supplicant( 3241): wlan0: Control interface command 'SIGNAL_POLL'
D/wpa_supplicant( 3241): nl80211: survey data missing!
D/wpa_supplicant( 3241): wlan0: RSSI=-58, LINKSPEED=72, NOISE=9999, FREQUENCY=2462
D/WifiHW  ( 3009): wifi_send_command ret=0, len=48
D/HwWifiStateMachine( 3009): handleMessage: X
W/View    ( 3243): requestLayout() improperly called by com.android.systemui.statusbar.phone.IconMerger{43271138 V.E..... ......I. 0,0-270,75 #7f0a0067 app:id/notificationIcons} during layout: running second layout pass
W/View    ( 3243): requestLayout() improperly called by com.android.systemui.statusbar.phone.IconMerger{43271138 V.E..... ........ 0,0-270,75 #7f0a0067 app:id/notificationIcons} during second layout pass: posting in next frame
W/View    ( 3243): requestLayout() improperly called by com.android.systemui.statusbar.phone.IconMerger{43271138 V.E..... ......I. 0,0-270,75 #7f0a0067 app:id/notificationIcons} during second layout pass: posting in next frame
D/SupplicantHeartBeat( 3009): handleMessage: E msg.what=999903
D/SupplicantHeartBeat( 3009): processMsg: HeartAckState
D/WifiHW  ( 3009): wifi_send_command: cmd:'IFNAME=wlan0 HEART_BEAT CHECK'
D/wpa_supplicant( 3241): RX ctrl_iface - hexdump(len=16): 48 45 41 52 54 5f 42 45 41 54 20 43 48 45 43 4b
D/wpa_supplicant( 3241): wlan0: Control interface command 'HEART_BEAT CHECK'
I/wpa_supplicant( 3241): wlan0: HEART-BEAT-ACK: 3524
D/wpa_supplicant( 3241): CTRL_IFACE monitor send - hexdump(len=40): 2f 64 61 74 61 2f 6d 69 73 63 2f 77 69 66 69 2f 73 6f 63 6b 65 74 73 2f 77 70 61 5f 63 74 72 6c ...
D/WifiHW  ( 3009): wifi_send_command ret=0, len=21
D/WifiHW  ( 3009): wifi ctrl recv res=0, nread=36
D/SupplicantHeartBeat( 3009): transitionTo: destState=WaitingHeartAckState
D/SupplicantHeartBeat( 3009): handleMessage: new destination call exit/enter
D/HwWifiStateMachine( 3009): handleMessage: E msg.what=147506
D/SupplicantHeartBeat( 3009): setupTempStateStackWithStatesToEnter: X mTempStateStackCount=1,curStateInfo: state=EnterSupplicantStarted,active=true,parent=DefaultState
D/HwWifiStateMachine( 3009): processMsg: ConnectedState
D/HwWifiStateMachine( 3009): processMsg: L2ConnectedState
D/HwWifiStateMachine( 3009): processMsg: ConnectModeState
D/HwWifiStateMachine( 3009): processMsg: DriverStartedState
D/SupplicantHeartBeat( 3009): invokeExitMethods: HeartAckState
D/SupplicantHeartBeat( 3009): moveTempStackToStateStack: i=0,j=2
D/HwWifiStateMachine( 3009): processMsg: SupplicantStartedState
D/SupplicantHeartBeat( 3009): moveTempStackToStateStack: X mStateStackTop=2,startingIndex=2,Top=WaitingHeartAckState
D/SupplicantHeartBeat( 3009): invokeEnterMethods: WaitingHeartAckState
D/HwWifiStateMachine( 3009): handleMessage: X
D/SupplicantHeartBeat( 3009): handleMessage: X
D/SupplicantHeartBeat( 3009): handleMessage: E msg.what=147506
D/SupplicantHeartBeat( 3009): processMsg: WaitingHeartAckState
D/SupplicantHeartBeat( 3009): transitionTo: destState=HeartAckState
D/SupplicantHeartBeat( 3009): handleMessage: new destination call exit/enter
D/SupplicantHeartBeat( 3009): setupTempStateStackWithStatesToEnter: X mTempStateStackCount=1,curStateInfo: state=EnterSupplicantStarted,active=true,parent=DefaultState
D/SupplicantHeartBeat( 3009): invokeExitMethods: WaitingHeartAckState
D/SupplicantHeartBeat( 3009): moveTempStackToStateStack: i=0,j=2
D/SupplicantHeartBeat( 3009): moveTempStackToStateStack: X mStateStackTop=2,startingIndex=2,Top=HeartAckState
D/SupplicantHeartBeat( 3009): invokeEnterMethods: HeartAckState
D/SupplicantHeartBeat( 3009): handleMessage: X
V/AlarmManager( 3009): Checking for alarms... rtc=1517453187398, elapsed=85250806
D/PowerManagerService( 3009): acquireWakeLockInternal: lock=1133052808, flags=0x1, tag="AlarmManager", ws=WorkSource{10099}, uid=1000, pid=3009
D/PowerManagerNotifier( 3009): onWakeLockAcquired: flags=1, tag="AlarmManager", packageName=android, ownerUid=1000, ownerPid=3009, workSource=WorkSource{10099}
D/PowerManagerService( 3009): updateWakeLockSummaryLocked: mWakefulness=Awake, mWakeLockSummary=0x1
D/PowerManagerService( 3009): updateScreenStateLocked: mDisplayReady=true, newScreenState=1, mWakefulness=1, mWakeLockSummary=0x1, mUserActivitySummary=0x0, mBootCompleted=true
D/PowerManagerService( 3009): Acquiring suspend blocker "PowerManagerService.WakeLocks".
V/AlarmManager( 3009): sending alarm Alarm{43d880a8 type 0 com.ijinshan.browser_fast},repeatInterval = 0
V/AlarmManager( 3009): set(PendingIntent{43da7a60: PendingIntentRecord{43f169e0 com.ijinshan.browser_fast startService}}) : type=0 triggerAtTime=1517453247428 win=0 tElapsed=85310836 maxElapsed=85310836 interval=0 standalone=false
D/PowerManagerService( 3009): handleSandman: canDream=false, mWakefulness=Awake
D/PowerManagerService( 3009): releaseWakeLockInternal: lock=1133052808 [AlarmManager], flags=0x0
D/PowerManagerNotifier( 3009): onWakeLockReleased: flags=1, tag="AlarmManager", packageName=android, ownerUid=1000, ownerPid=3009, workSource=WorkSource{10099}
D/PowerManagerService( 3009): updateWakeLockSummaryLocked: mWakefulness=Awake, mWakeLockSummary=0x0
D/PowerManagerService( 3009): updateScreenStateLocked: mDisplayReady=true, newScreenState=1, mWakefulness=1, mWakeLockSummary=0x0, mUserActivitySummary=0x0, mBootCompleted=true
D/PowerManagerService( 3009): Releasing suspend blocker "PowerManagerService.WakeLocks".
D/PowerManagerService( 3009): handleSandman: canDream=false, mWakefulness=Awake
D/HwWifiStateMachine( 3009): handleMessage: E msg.what=131155
D/HwWifiStateMachine( 3009): processMsg: ConnectedState
D/HwWifiStateMachine( 3009): processMsg: L2ConnectedState
D/WifiHW  ( 3009): wifi_send_command: cmd:'IFNAME=wlan0 SIGNAL_POLL'
D/wpa_supplicant( 3241): RX ctrl_iface - hexdump(len=11): 53 49 47 4e 41 4c 5f 50 4f 4c 4c
D/wpa_supplicant( 3241): wlan0: Control interface command 'SIGNAL_POLL'
D/wpa_supplicant( 3241): nl80211: survey data missing!
D/wpa_supplicant( 3241): wlan0: RSSI=-59, LINKSPEED=72, NOISE=9999, FREQUENCY=2462
D/WifiHW  ( 3009): wifi_send_command ret=0, len=48
D/HwWifiStateMachine( 3009): handleMessage: X
V/AlarmManager( 3009): set(PendingIntent{43bdfb28: PendingIntentRecord{43eb1370 com.UCMobile broadcastIntent}}) : type=0 triggerAtTime=1517453458352 win=-1 tElapsed=85521760 maxElapsed=85724255 interval=0 standalone=false
W/View    ( 3243): requestLayout() improperly called by com.android.systemui.statusbar.phone.IconMerger{43271138 V.E..... ......I. 0,0-270,75 #7f0a0067 app:id/notificationIcons} during layout: running second layout pass
D/UTAnalytics:CommitTask( 2268): pid:2268 check&commit event:65502,
D/UTAnalytics:CommitTask( 2268): pid:2268 check&commit event:65133,
D/UTAnalytics:CommitTask( 2268): pid:2268 next:65502,
D/UTAnalytics:CommitTask( 2268): pid:2268 next:65133,
D/UTAnalytics:CommitTask( 2268): pid:2268 check&commit event:65501,
D/UTAnalytics:CommitTask( 2268): pid:2268 check&commit event:65503,
D/UTAnalytics:CommitTask( 2268): pid:2268 next:65501,
D/UTAnalytics:CommitTask( 2268): pid:2268 next:65503,
E/Thermal-daemon( 2425): [flash_led] temp_new :38  temp_old :39
E/Thermal-daemon( 2425): Report temperature: [flash_led] temp :38  report_threshold:1
D/ThermalStateManager( 3455): Thermal type: 3 cur_temperature:38
W/View    ( 3243): requestLayout() improperly called by com.android.systemui.statusbar.phone.IconMerger{43271138 V.E..... ......I. 0,0-270,75 #7f0a0067 app:id/notificationIcons} during layout: running second layout pass
W/View    ( 3243): requestLayout() improperly called by com.android.systemui.statusbar.phone.IconMerger{43271138 V.E..... ........ 0,0-270,75 #7f0a0067 app:id/notificationIcons} during second layout pass: posting in next frame
W/View    ( 3243): requestLayout() improperly called by com.android.systemui.statusbar.phone.IconMerger{43271138 V.E..... ......I. 0,0-270,75 #7f0a0067 app:id/notificationIcons} during second layout pass: posting in next frame
D/SupplicantHeartBeat( 3009): handleMessage: E msg.what=999904
D/SupplicantHeartBeat( 3009): processMsg: HeartAckState
D/SupplicantHeartBeat( 3009): processMsg: EnterSupplicantStarted
D/SupplicantHeartBeat( 3009): processMsg: DefaultState
D/SupplicantHeartBeat( 3009): handleMessage: X
D/HwWifiStateMachine( 3009): handleMessage: E msg.what=131155
D/HwWifiStateMachine( 3009): processMsg: ConnectedState
D/HwWifiStateMachine( 3009): processMsg: L2ConnectedState
D/WifiHW  ( 3009): wifi_send_command: cmd:'IFNAME=wlan0 SIGNAL_POLL'
D/wpa_supplicant( 3241): RX ctrl_iface - hexdump(len=11): 53 49 47 4e 41 4c 5f 50 4f 4c 4c
D/wpa_supplicant( 3241): wlan0: Control interface command 'SIGNAL_POLL'
D/wpa_supplicant( 3241): nl80211: survey data missing!
D/wpa_supplicant( 3241): wlan0: RSSI=-59, LINKSPEED=72, NOISE=9999, FREQUENCY=2462
D/WifiHW  ( 3009): wifi_send_command ret=0, len=48
D/HwWifiStateMachine( 3009): handleMessage: X
W/View    ( 3243): requestLayout() improperly called by com.android.systemui.statusbar.phone.IconMerger{43271138 V.E..... ......I. 0,0-270,75 #7f0a0067 app:id/notificationIcons} during layout: running second layout pass
D/WifiStateMachine( 3009): RouteDetect receive msg EVENT_ROUTE_CHECK
D/NetdConnector( 3009): SND -> {2646 interface route readDefRoute}
E/CommandListener( 2411): readDefRoute call readDefRoute
E/SecondaryTablController( 2411): isWifiDefaultRouteExisted /system/bin/ip route
D/AndroidRuntime( 5077): 
D/AndroidRuntime( 5077): >>>>>> AndroidRuntime START com.android.internal.os.RuntimeInit <<<<<<
D/AndroidRuntime( 5077): CheckJNI is OFF
D/dalvikvm( 5077): Trying to load lib libjavacore.so 0x0
D/dalvikvm( 5077): Added shared lib libjavacore.so 0x0
D/dalvikvm( 5077): Trying to load lib libnativehelper.so 0x0
D/dalvikvm( 5077): Added shared lib libnativehelper.so 0x0
D/dalvikvm( 5077): No JNI_OnLoad found in libnativehelper.so 0x0, skipping init
D/dalvikvm( 5077): Note: class Landroid/app/ActivityManagerNative; has 179 unimplemented (abstract) methods
V/HWSERVICES( 5077): huangbangbang hwnative_get_component_register
V/HwFrameworkFactory( 5077): : successes to get AllImpl object and return....
E/android_hardware_fm.cpp( 5077): register_android_hardware_fm_fmradio
E/FM_HAL  ( 5077): [FM_HAL], fm_dynamic_lib is libbcmfm_if
E/FM_HAL  ( 5077): [FM_HAL], libname is libbcmfm_if
D/FM_HAL  ( 5077): fm_get_module entrance
D/FM_HAL  ( 5077): load entrance
D/FM_HAL  ( 5077): fm_get_module, ret is 0
D/FM_HAL  ( 5077): fm_control_open [libbcmfm_if]
D/FM_HAL  ( 5077): module name is[fm interface module]
E/fm_if.c ( 5077): find the id:libbcmfm_if and begins to open the devices
D/fm_if.c ( 5077): device open sucess, func:fm_device_open,line:1773,ret:0
D/FM_HAL  ( 5077): OK ret = [0],0 means success,1 means failure
E/android_hardware_fm.cpp( 5077): register_android_hardware_fm_fmradio, ret is 0
E/        ( 5077): ProtocolErrorLog wangkang test!!
D/AndroidRuntime( 5077): Calling main entry com.android.commands.pm.Pm
D/dalvikvm( 3354): GC_FOR_ALLOC freed 665K, 14% free 30377K/35056K, paused 26ms, total 26ms
D/dalvikvm( 3354): GC_FOR_ALLOC freed 1666K, 13% free 30606K/35056K, paused 31ms, total 31ms
D/dalvikvm( 3354): GC_FOR_ALLOC freed 1471K, 13% free 30616K/35056K, paused 30ms, total 30ms
D/SecondaryTablController( 2411): RouteDetect line= default via 10.155.232.1 dev wlan0 
D/SecondaryTablController( 2411): ret is 0
E/CommandListener( 2411): readDefRoute Rsp ok
D/NetdConnector( 3009): RMV <- {200 2646 isWifiDefaultRouteExisted ok}
E/NetdConnector( 3009): NDC Command {2646 interface route readDefRoute} took too long (1013ms)
D/WifiStateMachine( 3009): RouteDetect default exist, return true
D/dalvikvm( 3443): GC_FOR_ALLOC freed 1279K, 12% free 28283K/31992K, paused 38ms, total 38ms
D/HwWifiStateMachine( 3009): handleMessage: E msg.what=131155
D/HwWifiStateMachine( 3009): processMsg: ConnectedState
D/HwWifiStateMachine( 3009): processMsg: L2ConnectedState
D/WifiHW  ( 3009): wifi_send_command: cmd:'IFNAME=wlan0 SIGNAL_POLL'
D/wpa_supplicant( 3241): RX ctrl_iface - hexdump(len=11): 53 49 47 4e 41 4c 5f 50 4f 4c 4c
D/wpa_supplicant( 3241): wlan0: Control interface command 'SIGNAL_POLL'
D/wpa_supplicant( 3241): nl80211: survey data missing!
D/wpa_supplicant( 3241): wlan0: RSSI=-57, LINKSPEED=72, NOISE=9999, FREQUENCY=2462
D/WifiHW  ( 3009): wifi_send_command ret=0, len=48
D/HwWifiStateMachine( 3009): handleMessage: X
W/ActivityManager( 3009): No content provider found for permission revoke: file:///data/local/tmp/com.jqh.jni.demojni
W/ActivityManager( 3009): No content provider found for permission revoke: file:///data/local/tmp/com.jqh.jni.demojni
I/PackageManager( 3009): Copying native libraries to /data/app-lib/vmdl-1266616987
D/dalvikvm( 3009): GC_CONCURRENT freed 3949K, 15% free 44508K/51944K, paused 5ms+8ms, total 121ms
D/dalvikvm( 3009): WAIT_FOR_CONCURRENT_GC blocked 110ms
E/Thermal-daemon( 2425): [pa_0] temp_new :37  temp_old :38
E/Thermal-daemon( 2425): Report temperature: [pa_0] temp :37  report_threshold:1
D/ThermalStateManager( 3455): Thermal type: 1 cur_temperature:37
E/JavaBinder( 6182): !!! FAILED BINDER TRANSACTION !!!
I/ActivityManager( 3009): Force stopping com.jqh.jni.demojni appid=10719 user=-1: uninstall pkg
I/PackageManager( 3009): Package com.jqh.jni.demojni codePath changed from /data/app/com.jqh.jni.demojni-1.apk to /data/app/com.jqh.jni.demojni-2.apk; Retaining data and using new
I/PackageManager( 3009): Running dexopt on: com.jqh.jni.demojni
W/dalvikvm( 5100): method Landroid/support/v7/widget/ListViewCompat;.lookForSelectablePosition incorrectly overrides package-private method with same name in Landroid/widget/ListView;
D/dalvikvm( 5100): DexOpt: load 117ms, verify+opt 370ms, 2489188 bytes
W/PackageManager( 3009): Code path for pkg : com.jqh.jni.demojni changing from /data/app/com.jqh.jni.demojni-1.apk to /data/app/com.jqh.jni.demojni-2.apk
W/PackageManager( 3009): Resource path for pkg : com.jqh.jni.demojni changing from /data/app/com.jqh.jni.demojni-1.apk to /data/app/com.jqh.jni.demojni-2.apk
I/ActivityManager( 3009): Force stopping com.jqh.jni.demojni appid=10719 user=-1: update pkg
W/PackageManager( 3009): Not granting permission android.permission.MOUNT_UNMOUNT_FILESYSTEMS to package com.jqh.jni.demojni (protectionLevel=18 flags=0x48be46)
I/ActivityManager( 3009): Force stopping com.jqh.jni.demojni appid=10719 user=0: pkg removed
I/ActivityManager( 3009): filter receiver for action = android.intent.action.PACKAGE_REMOVED
I/ActivityManager( 3009): FireWall skip STOPPED apk that not in unprotected list: com.huawei.remoteassistant for broadcast action: android.intent.action.PACKAGE_REMOVED
I/ActivityManager( 3009): filter receiver for action = android.intent.action.PACKAGE_ADDED
I/ActivityManager( 3009): FireWall skip STOPPED apk that not in unprotected list: com.huawei.remoteassistant for broadcast action: android.intent.action.PACKAGE_ADDED
I/InputReader( 3009): Reconfiguring input devices.  changes=0x00000010
D/dalvikvm( 3870): GC_EXPLICIT freed 532K, 12% free 28544K/32172K, paused 10ms+6ms, total 66ms
D/dalvikvm( 3511): GC_EXPLICIT freed 1380K, 17% free 41808K/49840K, paused 8ms+22ms, total 97ms
I/HwLauncher( 3511): Model  onReceive intent=Intent { act=android.intent.action.PACKAGE_REMOVED dat=package:com.jqh.jni.demojni flg=0x4000010 (has extras) }
I/HwLauncher( 3511): Model isStk =false replacing = true package = com.jqh.jni.demojni
I/HwLauncher( 3511): SimpleLauncherModeaction= android.intent.action.PACKAGE_REMOVEDpackageName = com.jqh.jni.demojni
D/dalvikvm( 3788): GC_EXPLICIT freed 883K, 18% free 31631K/38536K, paused 8ms+8ms, total 114ms
I/HwSystemManager( 3788): HsmPackageManager:Receive intent:Intent { act=android.intent.action.PACKAGE_REMOVED dat=package:com.jqh.jni.demojni flg=0x4000010 (has extras) }
I/HwSystemManager( 3788): HsmPackageManager:replacing:true
I/HwSystemManager( 3853): HsmPackageManager:Receive intent:Intent { act=android.intent.action.PACKAGE_REMOVED dat=package:com.jqh.jni.demojni flg=0x4000010 (has extras) }
I/HwSystemManager( 3853): HsmPackageManager:replacing:true
I/PushLog2551( 6970): [main-1]support ctrlsocket.(android/PushServiceTools.java:63)
I/HwLauncher( 3511): Model  onReceive intent=Intent { act=android.intent.action.PACKAGE_ADDED dat=package:com.jqh.jni.demojni flg=0x4000010 (has extras) }
D/dalvikvm(28048): GC_EXPLICIT freed 567K, 8% free 27997K/30380K, paused 103ms+3ms, total 133ms
I/HwLauncher( 3511): Model isStk =false replacing = true package = com.jqh.jni.demojni
I/HwLauncher( 3511): MutilSelectedIconsonPreHandleUpdatedTask : mIsInMutilSelectMode = false task = 2 packages = [com.jqh.jni.demojni]
I/HwLauncher( 3511): SimpleLauncherModeaction= android.intent.action.PACKAGE_ADDEDpackageName = com.jqh.jni.demojni
I/HwLauncher( 3511): Model mAllAppsList.updatePackage com.jqh.jni.demojni
I/HwSystemManager( 3788): HsmPackageManager:Receive intent:Intent { act=android.intent.action.PACKAGE_ADDED dat=package:com.jqh.jni.demojni flg=0x4000010 (has extras) }
I/HwSystemManager( 3788): HsmPackageManager:replacing:true
W/PushLog2551( 6970): [main-1]no macAddress in device_info(android/CommFun.java:1209)
I/PackageManager( 3009):   Action: "android.intent.action.SENDTO"
I/PackageManager( 3009):   Category: "android.intent.category.DEFAULT"
I/HwSystemManager( 3853): HsmPackageManager:Receive intent:Intent { act=android.intent.action.PACKAGE_ADDED dat=package:com.jqh.jni.demojni flg=0x4000010 (has extras) }
I/HwSystemManager( 3853): HsmPackageManager:replacing:true
I/PackageManager( 3009):   Scheme: "sms"
I/PackageManager( 3009): Adding preferred activity ComponentInfo{com.android.contacts/com.android.mms.ui.ComposeMessageActivity} for user 0 :
D/PowerManagerService( 3009): acquireWakeLockInternal: lock=1137338672, flags=0x1, tag="eventloop", ws=null, uid=1000, pid=6970
D/PowerManagerNotifier( 3009): onWakeLockAcquired: flags=1, tag="eventloop", packageName=android, ownerUid=1000, ownerPid=6970, workSource=null
D/PowerManagerService( 3009): updateWakeLockSummaryLocked: mWakefulness=Awake, mWakeLockSummary=0x1
D/PowerManagerService( 3009): updateScreenStateLocked: mDisplayReady=true, newScreenState=1, mWakefulness=1, mWakeLockSummary=0x1, mUserActivitySummary=0x0, mBootCompleted=true
D/PowerManagerService( 3009): Acquiring suspend blocker "PowerManagerService.WakeLocks".
I/InputReader( 3009): Reconfiguring input devices.  changes=0x00000010
D/PowerManagerService( 3009): releaseWakeLockInternal: lock=1137338672 [eventloop], flags=0x0
D/PowerManagerNotifier( 3009): onWakeLockReleased: flags=1, tag="eventloop", packageName=android, ownerUid=1000, ownerPid=6970, workSource=null
D/PowerManagerService( 3009): updateWakeLockSummaryLocked: mWakefulness=Awake, mWakeLockSummary=0x0
D/PowerManagerService( 3009): updateScreenStateLocked: mDisplayReady=true, newScreenState=1, mWakefulness=1, mWakeLockSummary=0x0, mUserActivitySummary=0x0, mBootCompleted=true
D/PowerManagerService( 3009): Releasing suspend blocker "PowerManagerService.WakeLocks".
D/PowerManagerService( 3009): acquireWakeLockInternal: lock=1137338672, flags=0x1, tag="eventloop", ws=null, uid=1000, pid=6970
D/PowerManagerNotifier( 3009): onWakeLockAcquired: flags=1, tag="eventloop", packageName=android, ownerUid=1000, ownerPid=6970, workSource=null
D/PowerManagerService( 3009): updateWakeLockSummaryLocked: mWakefulness=Awake, mWakeLockSummary=0x1
D/PowerManagerService( 3009): updateScreenStateLocked: mDisplayReady=true, newScreenState=1, mWakefulness=1, mWakeLockSummary=0x1, mUserActivitySummary=0x0, mBootCompleted=true
D/PowerManagerService( 3009): Acquiring suspend blocker "PowerManagerService.WakeLocks".
D/PowerManagerService( 3009): releaseWakeLockInternal: lock=1137338672 [eventloop], flags=0x0
D/PowerManagerNotifier( 3009): onWakeLockReleased: flags=1, tag="eventloop", packageName=android, ownerUid=1000, ownerPid=6970, workSource=null
D/PowerManagerService( 3009): updateWakeLockSummaryLocked: mWakefulness=Awake, mWakeLockSummary=0x0
D/PowerManagerService( 3009): updateScreenStateLocked: mDisplayReady=true, newScreenState=1, mWakefulness=1, mWakeLockSummary=0x0, mUserActivitySummary=0x0, mBootCompleted=true
D/PowerManagerService( 3009): Releasing suspend blocker "PowerManagerService.WakeLocks".
D/PowerManagerService( 3009): handleSandman: canDream=false, mWakefulness=Awake
I/ApplicationsProvider(28048): sendGCMsg()
I/HwLauncher( 3511): AllIdleAppsList  updatePackage : package[com.jqh.jni.demojni] matched activity's size is 1 and data List size is 68
D/HwLauncher( 3511): GetOemName.getOemName:metadata is null and the app is DemoJni
I/HwLauncher( 3511): Launcher.IconCache, cacheLocked begin Utilities.createIconBitmap entry.title = DemoJni
I/HwLauncher( 3511): Launcher.IconCache, getDrawableForDensity begin, iconId = 2130903040
D/Documents(29580): Used cached roots for com.android.providers.downloads.documents
D/Documents(29580): Used cached roots for com.android.externalstorage.documents
D/Documents(29580): Used cached roots for com.android.providers.media.documents
D/Documents(29580): Update found 6 roots in 24ms
D/Documents(29580): Used cached roots for com.android.providers.downloads.documents
D/Documents(29580): Used cached roots for com.android.externalstorage.documents
D/Documents(29580): Used cached roots for com.android.providers.media.documents
D/Documents(29580): Update found 6 roots in 38ms
I/ActivityManager( 3009): filter receiver for action = android.intent.action.PACKAGE_REPLACED
I/PushLog2551( 6970): [main-1]support ctrlsocket.(android/PushServiceTools.java:63)
I/HwLauncher( 3511): Launcher.IconCache, getDrawableForDensity end,iconId = 2130903040
I/HwLauncher( 3511): Launcher.Utilities createIconBitmap sourceWidth = 180sourceHeight = 180
I/HwLauncher( 3511): Launcher.IconCache, cacheLocked end Utilities.createIconBitmap entry.title = DemoJni
I/HwLauncher( 3511): Model shortcutInfo.title = DemoJni
I/HwLauncher( 3511): SimpleLauncherModemAllAppsList.updatePackage com.jqh.jni.demojni
I/HwLauncher( 3511): Workspace updateShortcuts apps.size() 1
I/HwLauncher( 3511): Launcher.Folder childCount: 9
I/HwLauncher( 3511): Launcher.Folder childCount: 9
I/HwLauncher( 3511): Workspace updateShortcuts shortcutInfo = DemoJni
D/PowerManagerService( 3009): acquireWakeLockInternal: lock=1137338672, flags=0x1, tag="eventloop", ws=null, uid=1000, pid=6970
D/PowerManagerNotifier( 3009): onWakeLockAcquired: flags=1, tag="eventloop", packageName=android, ownerUid=1000, ownerPid=6970, workSource=null
I/HwLauncher( 3511): SimpleAllAppsList  updatePackage : package[com.jqh.jni.demojni] matched activity's size is 1 and data List size is 0
I/PackageManager( 3009):   Action: "android.intent.action.SENDTO"
D/PowerManagerService( 3009): updateWakeLockSummaryLocked: mWakefulness=Awake, mWakeLockSummary=0x1
D/PowerManagerService( 3009): updateScreenStateLocked: mDisplayReady=true, newScreenState=1, mWakefulness=1, mWakeLockSummary=0x1, mUserActivitySummary=0x0, mBootCompleted=true
I/PackageManager( 3009): Adding preferred activity ComponentInfo{com.android.contacts/com.android.mms.ui.ComposeMessageActivity} for user 0 :
D/PowerManagerService( 3009): Acquiring suspend blocker "PowerManagerService.WakeLocks".
I/PackageManager( 3009):   Category: "android.intent.category.DEFAULT"
I/PackageManager( 3009):   Scheme: "smsto"
D/PowerManagerService( 3009): releaseWakeLockInternal: lock=1137338672 [eventloop], flags=0x0
D/PowerManagerNotifier( 3009): onWakeLockReleased: flags=1, tag="eventloop", packageName=android, ownerUid=1000, ownerPid=6970, workSource=null
D/PowerManagerService( 3009): updateWakeLockSummaryLocked: mWakefulness=Awake, mWakeLockSummary=0x0
W/ActivityManager( 3009): Unable to start service Intent { act=event.android.intent.action.PACKAGE_REMOVED dat=package:com.jqh.jni.demojni flg=0x4000010 cmp=com.UCMobile/com.pp.plugin.appstore.service.PPActionService (has extras) } U=0: not found
D/PowerManagerService( 3009): updateScreenStateLocked: mDisplayReady=true, newScreenState=1, mWakefulness=1, mWakeLockSummary=0x0, mUserActivitySummary=0x0, mBootCompleted=true
V/SMCSAMSHelper( 3009): SMCSAMSHelper.addSTPEvent: cost 0 ms end.
V/SMCSAMSHelper( 3009): SMCSAMSHelper.smartTrimAddProcessRelation: cost 0 ms end.
I/PackageManager( 3009):   Action: "android.intent.action.SENDTO"
I/PackageManager( 3009):   Category: "android.intent.category.DEFAULT"
I/PackageManager( 3009):   Scheme: "mms"
D/PowerManagerService( 3009): Releasing suspend blocker "PowerManagerService.WakeLocks".
I/PackageManager( 3009): Adding preferred activity ComponentInfo{com.android.contacts/com.android.mms.ui.ComposeMessageActivity} for user 0 :
D/HwLauncher( 3511): Launcher.LauncherProvider  launcher-restore query - uri:content://com.huawei.android.launcher.settings/favorites_simpleui?notify=false 
I/HwLauncher( 3511): SimpleAllAppsList  findAndUpdateInfoInDB : found 0 shortcutInfo for package[com.jqh.jni.demojni] in db
I/HwLauncher( 3511): SimpleAllAppsList  updatePackage do not add new SimpleApplicationInfo,It's in normal now. package = com.jqh.jni.demojni
W/HwLauncher( 3511): SimpleLauncherModeNobody to tell about the new app.  Launcher is probably loading.
D/dalvikvm( 6182): GC_CONCURRENT freed 1972K, 11% free 29734K/33168K, paused 6ms+13ms, total 147ms
D/PowerManagerService( 3009): handleSandman: canDream=false, mWakefulness=Awake
I/PackageManager( 3009):   Action: "android.intent.action.SENDTO"
I/PackageManager( 3009):   Category: "android.intent.category.DEFAULT"
I/PackageManager( 3009):   Scheme: "mmsto"
D/BackupManagerService( 3009): Received broadcast Intent { act=android.intent.action.PACKAGE_REMOVED dat=package:com.jqh.jni.demojni flg=0x4000010 (has extras) }
I/PackageManager( 3009): Adding preferred activity ComponentInfo{com.android.contacts/com.android.mms.ui.ComposeMessageActivity} for user 0 :
V/SMCSAMSHelper( 3009): SMCSAMSHelper.addSTPEven