I/        ( 2419): [CAMERA]ispv3_dynamic_fps_thread, focus is running, can't change frame rate
I/        ( 2419): [CAMERA]ispv3_dynamic_fps_thread, focus is running, can't change frame rate
I/        ( 2419): [CAMERA]ispv3_dynamic_fps_thread, focus is running, can't change frame rate
D/dalvikvm( 1627): ---Heap option for 783376
D/dalvikvm( 1627): GC_FOR_ALLOC freed 2303K, 14% free 28918K/33308K, paused 17ms, total 17ms
I/        ( 2419): [CAMERA]ispv3_dynamic_fps_thread, focus is running, can't change frame rate
D/HwWifiStateMachine( 3009): handleMessage: E msg.what=131155
D/HwWifiStateMachine( 3009): processMsg: ConnectedState
D/HwWifiStateMachine( 3009): processMsg: L2ConnectedState
D/WifiHW  ( 3009): wifi_send_command: cmd:'IFNAME=wlan0 SIGNAL_POLL'
D/wpa_supplicant( 3241): RX ctrl_iface - hexdump(len=11): 53 49 47 4e 41 4c 5f 50 4f 4c 4c
D/wpa_supplicant( 3241): wlan0: Control interface command 'SIGNAL_POLL'
D/wpa_supplicant( 3241): nl80211: survey data missing!
D/wpa_supplicant( 3241): wlan0: RSSI=-64, LINKSPEED=72, NOISE=9999, FREQUENCY=2462
D/WifiHW  ( 3009): wifi_send_command ret=0, len=48
D/HwWifiStateMachine( 3009): handleMessage: X
I/        ( 2419): [CAMERA]ispv3_dynamic_fps_thread, focus is running, can't change frame rate
I/        ( 2419): [CAMERA]ispv3_dynamic_fps_thread, focus is running, can't change frame rate
D/dalvikvm( 1627): ---Heap option for 783376
D/dalvikvm( 1627): GC_FOR_ALLOC freed 2303K, 14% free 28918K/33308K, paused 17ms, total 17ms
I/        ( 2419): [CAMERA]ispv3_dynamic_fps_thread, focus is running, can't change frame rate
I/        ( 2419): [CAMERA]ispv3_dynamic_fps_thread, focus is running, can't change frame rate
I/        ( 2419): [CAMERA]++++frame 3000:cur_y=0x1, gain=0x180, expo=0x74d0, fps:30
I/        ( 2419): [CAMERA]ispv3_dynamic_fps_thread, focus is running, can't change frame rate
D/dalvikvm( 1627): ---Heap option for 783376
D/dalvikvm( 1627): GC_FOR_ALLOC freed 2303K, 14% free 28918K/33308K, paused 17ms, total 17ms
I/        ( 2419): [CAMERA]ispv3_dynamic_fps_thread, focus is running, can't change frame rate
I/        ( 2419): [CAMERA]ispv3_dynamic_fps_thread, focus is running, can't change frame rate
I/        ( 2419): [CAMERA]ispv3_dynamic_fps_thread, focus is running, can't change frame rate
D/dalvikvm( 1627): ---Heap option for 783376
D/dalvikvm( 1627): GC_FOR_ALLOC freed 2307K, 14% free 28918K/33308K, paused 16ms, total 16ms
I/        ( 2419): [CAMERA]ispv3_dynamic_fps_thread, focus is running, can't change frame rate
I/        ( 2419): [CAMERA]ispv3_dynamic_fps_thread, focus is running, can't change frame rate
I/        ( 2419): [CAMERA]ispv3_dynamic_fps_thread, focus is running, can't change frame rate
D/dalvikvm( 1627): ---Heap option for 783376
D/dalvikvm( 1627): GC_FOR_ALLOC freed 2303K, 14% free 28918K/33308K, paused 17ms, total 17ms
I/        ( 2419): [CAMERA]ispv3_dynamic_fps_thread, focus is running, can't change frame rate
I/        ( 2419): [CAMERA]ispv3_dynamic_fps_thread, focus is running, can't change frame rate
I/        ( 2419): [CAMERA]ispv3_dynamic_fps_thread, focus is running, can't change frame rate
D/dalvikvm( 1627): ---Heap option for 783376
I/        ( 2419): [CAMERA]ispv3_dynamic_fps_thread, focus is running, can't change frame rate
D/dalvikvm( 1627): GC_FOR_ALLOC freed 2303K, 14% free 28918K/33308K, paused 17ms, total 17ms
I/        ( 2419): [CAMERA]ispv3_dynamic_fps_thread, focus is running, can't change frame rate
I/        ( 2419): [CAMERA]ispv3_dynamic_fps_thread, focus is running, can't change frame rate
D/dalvikvm( 1627): ---Heap option for 783376
I/        ( 2419): [CAMERA]ispv3_dynamic_fps_thread, focus is running, can't change frame rate
D/dalvikvm( 1627): GC_FOR_ALLOC freed 2303K, 14% free 28918K/33308K, paused 17ms, total 17ms
I/        ( 2419): [CAMERA]ispv3_dynamic_fps_thread, focus is running, can't change frame rate
I/        ( 2419): [CAMERA]ispv3_dynamic_fps_thread, focus is running, can't change frame rate
D/dalvikvm( 1627): ---Heap option for 783376
D/dalvikvm( 1627): GC_FOR_ALLOC freed 2303K, 14% free 28918K/33308K, paused 17ms, total 17ms
I/        ( 2419): [CAMERA]ispv3_dynamic_fps_thread, focus is running, can't change frame rate
I/        ( 2419): [CAMERA]ispv3_dynamic_fps_thread, focus is running, can't change frame rate
I/        ( 2419): [CAMERA]ispv3_dynamic_fps_thread, focus is running, can't change frame rate
D/dalvikvm( 1627): ---Heap option for 783376
D/dalvikvm( 1627): GC_FOR_ALLOC freed 2303K, 14% free 28918K/33308K, paused 17ms, total 17ms
I/        ( 2419): [CAMERA]ispv3_dynamic_fps_thread, focus is running, can't change frame rate
I/        ( 2419): [CAMERA]ispv3_dynamic_fps_thread, focus is running, can't change frame rate
I/        ( 2419): [CAMERA]ispv3_dynamic_fps_thread, focus is running, can't change frame rate
D/dalvikvm( 1627): ---Heap option for 783376
D/dalvikvm( 1627): GC_FOR_ALLOC freed 2307K, 14% free 28918K/33308K, paused 17ms, total 17ms
I/        ( 2419): [CAMERA]ispv3_dynamic_fps_thread, focus is running, can't change frame rate
I/        ( 2419): [CAMERA]ispv3_dynamic_fps_thread, focus is running, can't change frame rate
I/        ( 2419): [CAMERA]ispv3_dynamic_fps_thread, focus is running, can't change frame rate
D/dalvikvm( 1627): ---Heap option for 783376
D/dalvikvm( 1627): GC_FOR_ALLOC freed 2303K, 14% free 28918K/33308K, paused 16ms, total 16ms
I/        ( 2419): [CAMERA]ispv3_dynamic_fps_thread, focus is running, can't change frame rate
I/        ( 2419): [CAMERA]ispv3_dynamic_fps_thread, focus is running, can't change frame rate
I/        ( 2419): [CAMERA]ispv3_dynamic_fps_thread, focus is running, can't change frame rate
D/dalvikvm( 1627): ---Heap option for 783376
D/dalvikvm( 1627): GC_FOR_ALLOC freed 2303K, 14% free 28918K/33308K, paused 17ms, total 17ms
I/        ( 2419): [CAMERA]ispv3_dynamic_fps_thread, focus is running, can't change frame rate
I/        ( 2419): [CAMERA]ispv3_dynamic_fps_thread, focus is running, can't change frame rate
I/        ( 2419): [CAMERA]ispv3_dynamic_fps_thread, focus is running, can't change frame rate
D/dalvikvm( 1627): ---Heap option for 783376
D/dalvikvm( 1627): ---Heap option for 4112
I/        ( 2419): [CAMERA]ispv3_dynamic_fps_thread, focus is running, can't change frame rate
D/dalvikvm( 1627): GC_FOR_ALLOC freed 2303K, 14% free 28918K/33308K, paused 17ms, total 17ms
I/        ( 2419): [CAMERA]ispv3_dynamic_fps_thread, focus is running, can't change frame rate
I/        ( 2419): [CAMERA]ispv3_dynamic_fps_thread, focus is running, can't change frame rate
D/dalvikvm( 1627): ---Heap option for 783376
I/        ( 2419): [CAMERA]ispv3_dynamic_fps_thread, focus is running, can't change frame rate
D/dalvikvm( 1627): GC_FOR_ALLOC freed 2303K, 14% free 28918K/33308K, paused 17ms, total 17ms
I/        ( 2419): [CAMERA]ispv3_dynamic_fps_thread, focus is running, can't change frame rate
I/        ( 2419): [CAMERA]ispv3_dynamic_fps_thread, focus is running, can't change frame rate
D/dalvikvm( 1627): ---Heap option for 783376
D/dalvikvm( 1627): GC_FOR_ALLOC freed 2303K, 14% free 28918K/33308K, paused 17ms, total 17ms
I/        ( 2419): [CAMERA]ispv3_dynamic_fps_thread, focus is running, can't change frame rate
I/        ( 2419): [CAMERA]ispv3_dynamic_fps_thread, focus is running, can't change frame rate
I/        ( 2419): [CAMERA]ispv3_dynamic_fps_thread, focus is running, can't change frame rate
D/dalvikvm( 1627): ---Heap option for 783376
D/dalvikvm( 1627): GC_FOR_ALLOC freed 2303K, 14% free 28918K/33308K, paused 16ms, total 16ms
I/        ( 2419): [CAMERA]ispv3_dynamic_fps_thread, focus is running, can't change frame rate
I/        ( 2419): [CAMERA]ispv3_dynamic_fps_thread, focus is running, can't change frame rate
I/        ( 2419): [CAMERA]ispv3_dynamic_fps_thread, focus is running, can't change frame rate
D/dalvikvm( 1627): ---Heap option for 783376
D/dalvikvm( 1627): GC_FOR_ALLOC freed 2303K, 14% free 28918K/33308K, paused 17ms, total 17ms
I/        ( 2419): [CAMERA]ispv3_dynamic_fps_thread, focus is running, can't change frame rate
I/        ( 2419): [CAMERA]ispv3_dynamic_fps_thread, focus is running, can't change frame rate
I/        ( 2419): [CAMERA]ispv3_dynamic_fps_thread, focus is running, can't change frame rate
D/dalvikvm( 1627): ---Heap option for 783376
D/dalvikvm( 1627): ---Heap option for 4112
I/        ( 2419): [CAMERA]ispv3_dynamic_fps_thread, focus is running, can't change frame rate
D/dalvikvm( 1627): GC_FOR_ALLOC freed 2307K, 14% free 28918K/33308K, paused 17ms, total 17ms
I/        ( 2419): [CAMERA]ispv3_dynamic_fps_thread, focus is running, can't change frame rate
I/        ( 2419): [CAMERA]ispv3_dynamic_fps_thread, focus is running, can't change frame rate
D/dalvikvm( 1627): ---Heap option for 783376
D/dalvikvm( 1627): GC_FOR_ALLOC freed 2299K, 14% free 28918K/33308K, paused 17ms, total 17ms
I/        ( 2419): [CAMERA]ispv3_dynamic_fps_thread, focus is running, can't change frame rate
I/        ( 2419): [CAMERA]ispv3_dynamic_fps_thread, focus is running, can't change frame rate
I/        ( 2419): [CAMERA]ispv3_dynamic_fps_thread, focus is running, can't change frame rate
D/dalvikvm( 1627): ---Heap option for 783376
D/dalvikvm( 1627): GC_FOR_ALLOC freed 2307K, 14% free 28918K/33308K, paused 17ms, total 17ms
I/        ( 2419): [CAMERA]ispv3_dynamic_fps_thread, focus is running, can't change frame rate
I/        ( 2419): [CAMERA]ispv3_dynamic_fps_thread, focus is running, can't change frame rate
I/        ( 2419): [CAMERA]ispv3_dynamic_fps_thread, focus is running, can't change frame rate
D/dalvikvm( 1627): ---Heap option for 783376
D/dalvikvm( 1627): GC_FOR_ALLOC freed 2303K, 14% free 28918K/33308K, paused 16ms, total 16ms
I/        ( 2419): [CAMERA]ispv3_dynamic_fps_thread, focus is running, can't change frame rate
I/        ( 2419): [CAMERA]ispv3_dynamic_fps_thread, focus is running, can't change frame rate
I/        ( 2419): [CAMERA]ispv3_dynamic_fps_thread, focus is running, can't change frame rate
D/dalvikvm( 1627): ---Heap option for 783376
D/dalvikvm( 1627): GC_FOR_ALLOC freed 2303K, 14% free 28918K/33308K, paused 17ms, total 17ms
I/        ( 2419): [CAMERA]ispv3_dynamic_fps_thread, focus is running, can't change frame rate
I/        ( 2419): [CAMERA]ispv3_dynamic_fps_thread, focus is running, can't change frame rate
I/        ( 2419): [CAMERA]ispv3_dynamic_fps_thread, focus is running, can't change frame rate
D/dalvikvm( 1627): ---Heap option for 783376
D/dalvikvm( 1627): GC_FOR_ALLOC freed 2303K, 14% free 28918K/33308K, paused 17ms, total 17ms
I/        ( 2419): [CAMERA]ispv3_dynamic_fps_thread, focus is running, can't change frame rate
I/        ( 2419): [CAMERA]ispv3_dynamic_fps_thread, focus is running, can't change frame rate
I/        ( 2419): [CAMERA]ispv3_dynamic_fps_thread, focus is running, can't change frame rate
D/dalvikvm( 1627): ---Heap option for 783376
D/dalvikvm( 1627): GC_FOR_ALLOC freed 2303K, 14% free 28918K/33308K, paused 17ms, total 17ms
I/        ( 2419): [CAMERA]ispv3_dynamic_fps_thread, focus is running, can't change frame rate
I/        ( 2419): [CAMERA]ispv3_dynamic_fps_thread, focus is running, can't change frame rate
I/        ( 2419): [CAMERA]ispv3_dynamic_fps_thread, focus is running, can't change frame rate
D/dalvikvm( 1627): ---Heap option for 783376
D/dalvikvm( 1627): GC_FOR_ALLOC freed 2303K, 14% free 28918K/33308K, paused 17ms, total 17ms
I/        ( 2419): [CAMERA]ispv3_dynamic_fps_thread, focus is running, can't change frame rate
I/        ( 2419): [CAMERA]ispv3_dynamic_fps_thread, focus is running, can't change frame rate
I/        ( 2419): [CAMERA]ispv3_dynamic_fps_thread, focus is running, can't change frame rate
D/dalvikvm( 1627): ---Heap option for 783376
D/dalvikvm( 1627): GC_FOR_ALLOC freed 2303K, 14% free 28918K/33308K, paused 16ms, total 16ms
I/        ( 2419): [CAMERA]ispv3_dynamic_fps_thread, focus is running, can't change frame rate
I/        ( 2419): [CAMERA]ispv3_dynamic_fps_thread, focus is running, can't change frame rate
I/        ( 2419): [CAMERA]ispv3_dynamic_fps_thread, focus is running, can't change frame rate
D/dalvikvm( 1627): ---Heap option for 783376
D/dalvikvm( 1627): GC_FOR_ALLOC freed 2307K, 14% free 28918K/33308K, paused 17ms, total 17ms
I/        ( 2419): [CAMERA]ispv3_dynamic_fps_thread, focus is running, can't change frame rate
I/        ( 2419): [CAMERA]ispv3_dynamic_fps_thread, focus is running, can't change frame rate
I/        ( 2419): [CAMERA]ispv3_dynamic_fps_thread, focus is running, can't change frame rate
D/dalvikvm( 1627): ---Heap option for 783376
D/dalvikvm( 1627): GC_FOR_ALLOC freed 2303K, 14% free 28918K/33308K, paused 17ms, total 17ms
I/        ( 2419): [CAMERA]ispv3_dynamic_fps_thread, focus is running, can't change frame rate
I/        ( 2419): [CAMERA]ispv3_dynamic_fps_thread, focus is running, can't change frame rate
I/        ( 2419): [CAMERA]ispv3_dynamic_fps_thread, focus is running, can't change frame rate
D/dalvikvm( 1627): ---Heap option for 783376
D/dalvikvm( 1627): GC_FOR_ALLOC freed 2303K, 14% free 28918K/33308K, paused 17ms, total 17ms
I/        ( 2419): [CAMERA]ispv3_dynamic_fps_thread, focus is running, can't change frame rate
I/        ( 2419): [CAMERA]ispv3_dynamic_fps_thread, focus is running, can't change frame rate
I/        ( 2419): [CAMERA]ispv3_dynamic_fps_thread, focus is running, can't change frame rate
D/dalvikvm( 1627): ---Heap option for 783376
D/WifiController( 3009): handleMessage: E msg.what=155652
D/KeyguardUpdateMonitor( 3212): received broadcast android.intent.action.BATTERY_CHANGED
D/WifiController( 3009): processMsg: DeviceActiveState
D/WifiController( 3009): processMsg: StaEnabledState
D/WifiController( 3009): processMsg: DefaultState
D/WifiController( 3009): handleMessage: X
D/KeyguardUpdateMonitor( 3212): handleBatteryUpdate
V/UsbDeviceManager( 3009): mBatteryChangedReceiver plugType is 2
D/PowerManagerService( 3009): updateIsPoweredLocked: wasPowered=true, mIsPowered=true, oldPlugType=2, mPlugType=2, mBatteryLevel=91
D/WifiController( 3009): battery changed pluggedType: 2
D/HwSystemManager( 3788): BgPowerManagerService:BgPowerManagerSerivce plugged =2 currentThreshold = 8 mRawLevel = 91mLastRawLevel91
D/BgPowerManagerService( 3788):  mTimes = 260564 firstTime = 84957422 firstmBatteryCapacity =2694
D/dalvikvm( 1627): GC_FOR_ALLOC freed 2303K, 14% free 28918K/33308K, paused 17ms, total 17ms
D/HwPowerMonitor.Utils( 3430): ScrOff setChargingState mIsCharging = true
I/        ( 2419): [CAMERA]ispv3_dynamic_fps_thread, focus is running, can't change frame rate
I/        ( 2419): [CAMERA]ispv3_dynamic_fps_thread, focus is running, can't change frame rate
D/PowerManagerService( 3009): handleSandman: canDream=false, mWakefulness=Awake
I/        ( 2419): [CAMERA]ispv3_dynamic_fps_thread, focus is running, can't change frame rate
D/dalvikvm( 1627): ---Heap option for 783376
I/        ( 2419): [CAMERA]ispv3_dynamic_fps_thread, focus is running, can't change frame rate
D/dalvikvm( 1627): GC_FOR_ALLOC freed 2303K, 14% free 28918K/33308K, paused 17ms, total 17ms
I/        ( 2419): [CAMERA]ispv3_dynamic_fps_thread, focus is running, can't change frame rate
D/HwWifiStateMachine( 3009): handleMessage: E msg.what=131155
D/HwWifiStateMachine( 3009): processMsg: ConnectedState
D/HwWifiStateMachine( 3009): processMsg: L2ConnectedState
D/WifiHW  ( 3009): wifi_send_command: cmd:'IFNAME=wlan0 SIGNAL_POLL'
D/wpa_supplicant( 3241): RX ctrl_iface - hexdump(len=11): 53 49 47 4e 41 4c 5f 50 4f 4c 4c
D/wpa_supplicant( 3241): wlan0: Control interface command 'SIGNAL_POLL'
D/wpa_supplicant( 3241): nl80211: survey data missing!
D/wpa_supplicant( 3241): wlan0: RSSI=-63, LINKSPEED=72, NOISE=9999, FREQUENCY=2462
D/WifiHW  ( 3009): wifi_send_command ret=0, len=48
D/HwWifiStateMachine( 3009): handleMessage: X
I/        ( 2419): [CAMERA]ispv3_dynamic_fps_thread, focus is running, can't change frame rate
D/dalvikvm( 1627): ---Heap option for 783376
D/dalvikvm( 1627): GC_FOR_ALLOC freed 2303K, 14% free 28918K/33308K, paused 17ms, total 17ms
I/        ( 2419): [CAMERA]ispv3_dynamic_fps_thread, focus is running, can't change frame rate
I/        ( 2419): [CAMERA]ispv3_dynamic_fps_thread, focus is running, can't change frame rate
I/        ( 2419): [CAMERA]ispv3_dynamic_fps_thread, focus is running, can't change frame rate
D/dalvikvm( 1627): ---Heap option for 783376
D/dalvikvm( 1627): GC_FOR_ALLOC freed 2307K, 14% free 28918K/33308K, paused 17ms, total 17ms
I/        ( 2419): [CAMERA]ispv3_dynamic_fps_thread, focus is running, can't change frame rate
I/        ( 2419): [CAMERA]ispv3_dynamic_fps_thread, focus is running, can't change frame rate
I/        ( 2419): [CAMERA]ispv3_dynamic_fps_thread, focus is running, can't change frame rate
D/dalvikvm( 1627): ---Heap option for 783376
I/        ( 2419): [CAMERA]ispv3_dynamic_fps_thread, focus is running, can't change frame rate
D/dalvikvm( 1627): GC_FOR_ALLOC freed 2303K, 14% free 28918K/33308K, paused 17ms, total 17ms
I/        ( 2419): [CAMERA]ispv3_dynamic_fps_thread, focus is running, can't change frame rate
I/        ( 2419): [CAMERA]ispv3_dynamic_fps_thread, focus is running, can't change frame rate
D/dalvikvm( 1627): ---Heap option for 783376
D/dalvikvm( 1627): GC_FOR_ALLOC freed 2303K, 14% free 28918K/33308K, paused 17ms, total 17ms
I/        ( 2419): [CAMERA]ispv3_dynamic_fps_thread, focus is running, can't change frame rate
I/        ( 2419): [CAMERA]ispv3_dynamic_fps_thread, focus is running, can't change frame rate
I/        ( 2419): [CAMERA]ispv3_dynamic_fps_thread, focus is running, can't change frame rate
D/dalvikvm( 1627): ---Heap option for 783376
D/dalvikvm( 1627): GC_FOR_ALLOC freed 2303K, 14% free 28918K/33308K, paused 17ms, total 17ms
I/        ( 2419): [CAMERA]++++frame 3100:cur_y=0x1, gain=0x180, expo=0x74d0, fps:30
I/        ( 2419): [CAMERA]ispv3_dynamic_fps_thread, focus is running, can't change frame rate
I/        ( 2419): [CAMERA]ispv3_dynamic_fps_thread, focus is running, can't change frame rate
I/        ( 2419): [CAMERA]ispv3_dynamic_fps_thread, focus is running, can't change frame rate
D/dalvikvm( 1627): ---Heap option for 783376
D/dalvikvm( 1627): GC_FOR_ALLOC freed 2303K, 14% free 28918K/33308K, paused 17ms, total 17ms
I/        ( 2419): [CAMERA]ispv3_dynamic_fps_thread, focus is running, can't change frame rate
I/        ( 2419): [CAMERA]ispv3_dynamic_fps_thread, focus is running, can't change frame rate
I/        ( 2419): [CAMERA]ispv3_dynamic_fps_thread, focus is running, can't change frame rate
D/dalvikvm( 1627): ---Heap option for 783376
D/dalvikvm( 1627): GC_FOR_ALLOC freed 2303K, 14% free 28918K/33308K, paused 17ms, total 17ms
I/        ( 2419): [CAMERA]ispv3_dynamic_fps_thread, focus is running, can't change frame rate
I/        ( 2419): [CAMERA]ispv3_dynamic_fps_thread, focus is running, can't change frame rate
I/        ( 2419): [CAMERA]ispv3_dynamic_fps_thread, focus is running, can't change frame rate
D/dalvikvm( 1627): ---Heap option for 783376
D/dalvikvm( 1627): GC_FOR_ALLOC freed 2303K, 14% free 28918K/33308K, paused 17ms, total 17ms
I/        ( 2419): [CAMERA]ispv3_dynamic_fps_thread, focus is running, can't change frame rate
I/        ( 2419): [CAMERA]ispv3_dynamic_fps_thread, focus is running, can't change frame rate
I/        ( 2419): [CAMERA]ispv3_dynamic_fps_thread, focus is running, can't change frame rate
D/dalvikvm( 1627): ---Heap option for 783376
D/dalvikvm( 1627): GC_FOR_ALLOC freed 2307K, 14% free 28918K/33308K, paused 17ms, total 17ms
I/        ( 2419): [CAMERA]ispv3_dynamic_fps_thread, focus is running, can't change frame rate
I/        ( 2419): [CAMERA]ispv3_dynamic_fps_thread, focus is running, can't change frame rate
I/        ( 2419): [CAMERA]ispv3_dynamic_fps_thread, focus is running, can't change frame rate
D/dalvikvm( 1627): ---Heap option for 783376
D/dalvikvm( 1627): GC_FOR_ALLOC freed 2303K, 14% free 28918K/33308K, paused 17ms, total 17ms
I/        ( 2419): [CAMERA]ispv3_dynamic_fps_thread, focus is running, can't change frame rate
I/        ( 2419): [CAMERA]ispv3_dynamic_fps_thread, focus is running, can't change frame rate
I/        ( 2419): [CAMERA]ispv3_dynamic_fps_thread, focus is running, can't change frame rate
D/dalvikvm( 1627): ---Heap option for 783376
I/        ( 2419): [CAMERA]ispv3_dynamic_fps_thread, focus is running, can't change frame rate
D/dalvikvm( 1627): GC_FOR_ALLOC freed 2303K, 14% free 28918K/33308K, paused 17ms, total 17ms
I/        ( 2419): [CAMERA]ispv3_dynamic_fps_thread, focus is running, can't change frame rate
I/        ( 2419): [CAMERA]ispv3_dynamic_fps_thread, focus is running, can't change frame rate
D/dalvikvm( 1627): ---Heap option for 783376
D/dalvikvm( 1627): GC_FOR_ALLOC freed 2303K, 14% free 28918K/33308K, paused 17ms, total 17ms
I/        ( 2419): [CAMERA]ispv3_dynamic_fps_thread, focus is running, can't change frame rate
I/        ( 2419): [CAMERA]ispv3_dynamic_fps_thread, focus is running, can't change frame rate
I/        ( 2419): [CAMERA]ispv3_dynamic_fps_thread, focus is running, can't change frame rate
D/dalvikvm( 1627): ---Heap option for 783376
D/dalvikvm( 1627): GC_FOR_ALLOC freed 2303K, 14% free 28918K/33308K, paused 17ms, total 17ms
I/        ( 2419): [CAMERA]ispv3_dynamic_fps_thread, focus is running, can't change frame rate
I/        ( 2419): [CAMERA]ispv3_dynamic_fps_thread, focus is running, can't change frame rate
I/        ( 2419): [CAMERA]ispv3_dynamic_fps_thread, focus is running, can't change frame rate
D/dalvikvm( 1627): ---Heap option for 783376
I/        ( 2419): [CAMERA]ispv3_dynamic_fps_thread, focus is running, can't change frame rate
D/dalvikvm( 1627): GC_FOR_ALLOC freed 2303K, 14% free 28918K/33308K, paused 17ms, total 17ms
I/        ( 2419): [CAMERA]ispv3_dynamic_fps_thread, focus is running, can't change frame rate
I/        ( 2419): [CAMERA]ispv3_dynamic_fps_thread, focus is running, can't change frame rate
D/dalvikvm( 1627): ---Heap option for 783376
I/        ( 2419): [CAMERA]ispv3_dynamic_fps_thread, focus is running, can't change frame rate
D/dalvikvm( 1627): GC_FOR_ALLOC freed 2308K, 14% free 28918K/33308K, paused 17ms, total 17ms
I/        ( 2419): [CAMERA]ispv3_dynamic_fps_thread, focus is running, can't change frame rate
I/        ( 2419): [CAMERA]ispv3_dynamic_fps_thread, focus is running, can't change frame rate
D/dalvikvm( 1627): ---Heap option for 783376
I/        ( 2419): [CAMERA]ispv3_dynamic_fps_thread, focus is running, can't change frame rate
D/dalvikvm( 1627): GC_FOR_ALLOC freed 2303K, 14% free 28918K/33308K, paused 17ms, total 17ms
I/        ( 2419): [CAMERA]ispv3_dynamic_fps_thread, focus is running, can't change frame rate
I/        ( 2419): [CAMERA]ispv3_dynamic_fps_thread, focus is running, can't change frame rate
D/dalvikvm( 1627): ---Heap option for 783376
D/dalvikvm( 1627): GC_FOR_ALLOC freed 2303K, 14% free 28918K/33308K, paused 17ms, total 17ms
I/        ( 2419): [CAMERA]ispv3_dynamic_fps_thread, focus is running, can't change frame rate
I/        ( 2419): [CAMERA]ispv3_dynamic_fps_thread, focus is running, can't change frame rate
I/        ( 2419): [CAMERA]ispv3_dynamic_fps_thread, focus is running, can't change frame rate
D/dalvikvm( 1627): ---Heap option for 783376
D/dalvikvm( 1627): GC_FOR_ALLOC freed 2303K, 14% free 28918K/33308K, paused 17ms, total 17ms
I/        ( 2419): [CAMERA]ispv3_dynamic_fps_thread, focus is running, can't change frame rate
I/        ( 2419): [CAMERA]ispv3_dynamic_fps_thread, focus is running, can't change frame rate
I/        ( 2419): [CAMERA]ispv3_dynamic_fps_thread, focus is running, can't change frame rate
D/dalvikvm( 1627): ---Heap option for 783376
I/        ( 2419): [CAMERA]ispv3_dynamic_fps_thread, focus is running, can't change frame rate
D/dalvikvm( 1627): GC_FOR_ALLOC freed 2303K, 14% free 28918K/33308K, paused 18ms, total 18ms
I/        ( 2419): [CAMERA]ispv3_dynamic_fps_thread, focus is running, can't change frame rate
I/        ( 2419): [CAMERA]ispv3_dynamic_fps_thread, focus is running, can't change frame rate
D/dalvikvm( 1627): ---Heap option for 783376
D/dalvikvm( 1627): GC_FOR_ALLOC freed 2303K, 14% free 28918K/33308K, paused 17ms, total 17ms
I/        ( 2419): [CAMERA]ispv3_dynamic_fps_thread, focus is running, can't change frame rate
I/        ( 2419): [CAMERA]ispv3_dynamic_fps_thread, focus is running, can't change frame rate
I/        ( 2419): [CAMERA]ispv3_dynamic_fps_thread, focus is running, can't change frame rate
D/dalvikvm( 1627): ---Heap option for 783376
D/dalvikvm( 1627): GC_FOR_ALLOC freed 2303K, 14% free 28918K/33308K, paused 17ms, total 17ms
I/        ( 2419): [CAMERA]ispv3_dynamic_fps_thread, focus is running, can't change frame rate
I/        ( 2419): [CAMERA]ispv3_dynamic_fps_thread, focus is running, can't change frame rate
I/        ( 2419): [CAMERA]ispv3_dynamic_fps_thread, focus is running, can't change frame rate
D/dalvikvm( 1627): ---Heap option for 783376
D/dalvikvm( 1627): GC_FOR_ALLOC freed 2303K, 14% free 28918K/33308K, paused 17ms, total 17ms
I/        ( 2419): [CAMERA]ispv3_dynamic_fps_thread, focus is running, can't change frame rate
I/        ( 2419): [CAMERA]ispv3_dynamic_fps_thread, focus is running, can't change frame rate
I/        ( 2419): [CAMERA]ispv3_dynamic_fps_thread, focus is running, can't change frame rate
D/dalvikvm( 1627): ---Heap option for 783376
D/dalvikvm( 1627): GC_FOR_ALLOC freed 2303K, 14% free 28918K/33308K, paused 17ms, total 17ms
I/        ( 2419): [CAMERA]ispv3_dynamic_fps_thread, focus is running, can't change frame rate
I/        ( 2419): [CAMERA]ispv3_dynamic_fps_thread, focus is running, can't change frame rate
I/        ( 2419): [CAMERA]ispv3_dynamic_fps_thread, focus is running, can't change frame rate
D/dalvikvm( 1627): ---Heap option for 783376
D/dalvikvm( 1627): GC_FOR_ALLOC freed 2303K, 14% free 28918K/33308K, paused 17ms, total 17ms
I/        ( 2419): [CAMERA]ispv3_dynamic_fps_thread, focus is running, can't change frame rate
I/        ( 2419): [CAMERA]ispv3_dynamic_fps_thread, focus is running, can't change frame rate
I/        ( 2419): [CAMERA]ispv3_dynamic_fps_thread, focus is running, can't change frame rate
D/dalvikvm( 1627): ---Heap option for 783376
I/        ( 2419): [CAMERA]ispv3_dynamic_fps_thread, focus is running, can't change frame rate
D/dalvikvm( 1627): GC_FOR_ALLOC freed 2308K, 14% free 28918K/33308K, paused 17ms, total 17ms
D/SupplicantHeartBeat( 3009): handleMessage: E msg.what=999903
D/SupplicantHeartBeat( 3009): processMsg: HeartAckState
D/WifiHW  ( 3009): wifi_send_command: cmd:'IFNAME=wlan0 HEART_BEAT CHECK'
D/wpa_supplicant( 3241): RX ctrl_iface - hexdump(len=16): 48 45 41 52 54 5f 42 45 41 54 20 43 48 45 43 4b
D/wpa_supplicant( 3241): wlan0: Control interface command 'HEART_BEAT CHECK'
I/wpa_supplicant( 3241): wlan0: HEART-BEAT-ACK: 3522
D/wpa_supplicant( 3241): CTRL_IFACE monitor send - hexdump(len=40): 2f 64 61 74 61 2f 6d 69 73 63 2f 77 69 66 69 2f 73 6f 63 6b 65 74 73 2f 77 70 61 5f 63 74 72 6c ...
D/WifiHW  ( 3009): wifi ctrl recv res=0, nread=36
D/HwWifiStateMachine( 3009): handleMessage: E msg.what=147506
D/HwWifiStateMachine( 3009): processMsg: ConnectedState
D/HwWifiStateMachine( 3009): processMsg: L2ConnectedState
D/HwWifiStateMachine( 3009): processMsg: ConnectModeState
D/HwWifiStateMachine( 3009): processMsg: DriverStartedState
D/HwWifiStateMachine( 3009): processMsg: SupplicantStartedState
D/HwWifiStateMachine( 3009): handleMessage: X
D/WifiHW  ( 3009): wifi_send_command ret=0, len=21
I/        ( 2419): [CAMERA]ispv3_dynamic_fps_thread, focus is running, can't change frame rate
D/SupplicantHeartBeat( 3009): transitionTo: destState=WaitingHeartAckState
D/SupplicantHeartBeat( 3009): handleMessage: new destination call exit/enter
D/SupplicantHeartBeat( 3009): setupTempStateStackWithStatesToEnter: X mTempStateStackCount=1,curStateInfo: state=EnterSupplicantStarted,active=true,parent=DefaultState
D/SupplicantHeartBeat( 3009): invokeExitMethods: HeartAckState
D/SupplicantHeartBeat( 3009): moveTempStackToStateStack: i=0,j=2
D/SupplicantHeartBeat( 3009): moveTempStackToStateStack: X mStateStackTop=2,startingIndex=2,Top=WaitingHeartAckState
D/SupplicantHeartBeat( 3009): invokeEnterMethods: WaitingHeartAckState
D/SupplicantHeartBeat( 3009): handleMessage: X
D/SupplicantHeartBeat( 3009): handleMessage: E msg.what=147506
D/SupplicantHeartBeat( 3009): processMsg: WaitingHeartAckState
D/SupplicantHeartBeat( 3009): transitionTo: destState=HeartAckState
D/SupplicantHeartBeat( 3009): handleMessage: new destination call exit/enter
D/SupplicantHeartBeat( 3009): setupTempStateStackWithStatesToEnter: X mTempStateStackCount=1,curStateInfo: state=EnterSupplicantStarted,active=true,parent=DefaultState
D/SupplicantHeartBeat( 3009): invokeExitMethods: WaitingHeartAckState
D/SupplicantHeartBeat( 3009): moveTempStackToStateStack: i=0,j=2
D/SupplicantHeartBeat( 3009): moveTempStackToStateStack: X mStateStackTop=2,startingIndex=2,Top=HeartAckState
D/SupplicantHeartBeat( 3009): invokeEnterMethods: HeartAckState
D/SupplicantHeartBeat( 3009): handleMessage: X
I/        ( 2419): [CAMERA]ispv3_dynamic_fps_thread, focus is running, can't change frame rate
D/dalvikvm( 1627): ---Heap option for 783376
D/dalvikvm( 1627): GC_FOR_ALLOC freed 2303K, 14% free 28918K/33308K, paused 17ms, total 17ms
I/        ( 2419): [CAMERA]ispv3_dynamic_fps_thread, focus is running, can't change frame rate
I/        ( 2419): [CAMERA]ispv3_dynamic_fps_thread, focus is running, can't change frame rate
I/        ( 2419): [CAMERA]ispv3_dynamic_fps_thread, focus is running, can't change frame rate
D/dalvikvm( 1627): ---Heap option for 783376
I/        ( 2419): [CAMERA]ispv3_dynamic_fps_thread, focus is running, can't change frame rate
D/dalvikvm( 1627): GC_FOR_ALLOC freed 2303K, 14% free 28918K/33308K, paused 17ms, total 17ms
I/        ( 2419): [CAMERA]ispv3_dynamic_fps_thread, focus is running, can't change frame rate
I/        ( 2419): [CAMERA]ispv3_dynamic_fps_thread, focus is running, can't change frame rate
D/dalvikvm( 1627): ---Heap option for 783376
D/dalvikvm( 1627): GC_FOR_ALLOC freed 2303K, 14% free 28918K/33308K, paused 17ms, total 17ms
I/        ( 2419): [CAMERA]ispv3_dynamic_fps_thread, focus is running, can't change frame rate
I/        ( 2419): [CAMERA]ispv3_dynamic_fps_thread, focus is running, can't change frame rate
I/        ( 2419): [CAMERA]ispv3_dynamic_fps_thread, focus is running, can't change frame rate
D/dalvikvm( 1627): ---Heap option for 783376
D/dalvikvm( 1627): GC_FOR_ALLOC freed 2303K, 14% free 28918K/33308K, paused 17ms, total 17ms
I/        ( 2419): [CAMERA]ispv3_dynamic_fps_thread, focus is running, can't change frame rate
I/        ( 2419): [CAMERA]ispv3_dynamic_fps_thread, focus is running, can't change frame rate
I/        ( 2419): [CAMERA]ispv3_dynamic_fps_thread, focus is running, can't change frame rate
D/dalvikvm( 1627): ---Heap option for 783376
I/        ( 2419): [CAMERA]ispv3_dynamic_fps_thread, focus is running, can't change frame rate
D/dalvikvm( 1627): GC_FOR_ALLOC freed 2308K, 14% free 28918K/33308K, paused 17ms, total 17ms
I/        ( 2419): [CAMERA]ispv3_dynamic_fps_thread, focus is running, can't change frame rate
D/HwWifiStateMachine( 3009): handleMessage: E msg.what=131155
D/HwWifiStateMachine( 3009): processMsg: ConnectedState
D/HwWifiStateMachine( 3009): processMsg: L2ConnectedState
D/WifiHW  ( 3009): wifi_send_command: cmd:'IFNAME=wlan0 SIGNAL_POLL'
D/wpa_supplicant( 3241): RX ctrl_iface - hexdump(len=11): 53 49 47 4e 41 4c 5f 50 4f 4c 4c
D/wpa_supplicant( 3241): wlan0: Control interface command 'SIGNAL_POLL'
I/        ( 2419): [CAMERA]ispv3_dynamic_fps_thread, focus is running, can't change frame rate
D/wpa_supplicant( 3241): nl80211: survey data missing!
D/wpa_supplicant( 3241): wlan0: RSSI=-64, LINKSPEED=72, NOISE=9999, FREQUENCY=2462
D/WifiHW  ( 3009): wifi_send_command ret=0, len=48
D/HwWifiStateMachine( 3009): handleMessage: X
D/dalvikvm( 1627): ---Heap option for 783376
D/dalvikvm( 1627): GC_FOR_ALLOC freed 2303K, 14% free 28918K/33308K, paused 17ms, total 17ms
I/        ( 2419): [CAMERA]ispv3_dynamic_fps_thread, focus is running, can't change frame rate
I/        ( 2419): [CAMERA]ispv3_dynamic_fps_thread, focus is running, can't change frame rate
I/        ( 2419): [CAMERA]ispv3_dynamic_fps_thread, focus is running, can't change frame rate
D/dalvikvm( 1627): ---Heap option for 783376
D/dalvikvm( 1627): GC_FOR_ALLOC freed 2303K, 14% free 28918K/33308K, paused 17ms, total 17ms
I/        ( 2419): [CAMERA]ispv3_dynamic_fps_thread, focus is running, can't change frame rate
I/        ( 2419): [CAMERA]ispv3_dynamic_fps_thread, focus is running, can't change frame rate
I/        ( 2419): [CAMERA]ispv3_dynamic_fps_thread, focus is running, can't change frame rate
D/dalvikvm( 1627): ---Heap option for 783376
D/dalvikvm( 1627): GC_FOR_ALLOC freed 2303K, 14% free 28918K/33308K, paused 17ms, total 17ms
I/        ( 2419): [CAMERA]ispv3_dynamic_fps_thread, focus is running, can't change frame rate
I/        ( 2419): [CAMERA]ispv3_dynamic_fps_thread, focus is running, can't change frame rate
I/        ( 2419): [CAMERA]ispv3_dynamic_fps_thread, focus is running, can't change frame rate
D/dalvikvm( 1627): ---Heap option for 783376
D/dalvikvm( 1627): GC_FOR_ALLOC freed 2303K, 14% free 28918K/33308K, paused 17ms, total 17ms
I/        ( 2419): [CAMERA]ispv3_dynamic_fps_thread, focus is running, can't change frame rate
I/        ( 2419): [CAMERA]ispv3_dynamic_fps_thread, focus is running, can't change frame rate
I/        ( 2419): [CAMERA]ispv3_dynamic_fps_thread, focus is running, can't change frame rate
D/dalvikvm( 1627): ---Heap option for 783376
D/dalvikvm( 1627): GC_FOR_ALLOC freed 2303K, 14% free 28918K/33308K, paused 18ms, total 18ms
I/        ( 2419): [CAMERA]ispv3_dynamic_fps_thread, focus is running, can't change frame rate
I/        ( 2419): [CAMERA]ispv3_dynamic_fps_thread, focus is running, can't change frame rate
I/        ( 2419): [CAMERA]ispv3_dynamic_fps_thread, focus is running, can't change frame rate
D/dalvikvm( 1627): ---Heap option for 783376
D/dalvikvm( 1627): GC_FOR_ALLOC freed 2303K, 14% free 28918K/33308K, paused 17ms, total 17ms
I/        ( 2419): [CAMERA]ispv3_dynamic_fps_thread, focus is running, can't change frame rate
I/        ( 2419): [CAMERA]ispv3_dynamic_fps_thread, focus is running, can't change frame rate
I/        ( 2419): [CAMERA]ispv3_dynamic_fps_thread, focus is running, can't change frame rate
D/dalvikvm( 1627): ---Heap option for 783376
D/dalvikvm( 1627): GC_FOR_ALLOC freed 2303K, 14% free 28918K/33308K, paused 17ms, total 17ms
I/        ( 2419): [CAMERA]ispv3_dynamic_fps_thread, focus is running, can't change frame rate
I/        ( 2419): [CAMERA]ispv3_dynamic_fps_thread, focus is running, can't change frame rate
I/        ( 2419): [CAMERA]ispv3_dynamic_fps_thread, focus is running, can't change frame rate
D/dalvikvm( 1627): ---Heap option for 783376
D/dalvikvm( 1627): GC_FOR_ALLOC freed 2307K, 14% free 28918K/33308K, paused 17ms, total 17ms
I/        ( 2419): [CAMERA]ispv3_dynamic_fps_thread, focus is running, can't change frame rate
I/        ( 2419): [CAMERA]++++frame 3200:cur_y=0x1, gain=0x180, expo=0x74d0, fps:30
I/        ( 2419): [CAMERA]ispv3_dynamic_fps_thread, focus is running, can't change frame rate
I/        ( 2419): [CAMERA]ispv3_dynamic_fps_thread, focus is running, can't change frame rate
D/dalvikvm( 1627): ---Heap option for 783376
D/dalvikvm( 1627): GC_FOR_ALLOC freed 2303K, 14% free 28918K/33308K, paused 17ms, total 17ms
I/        ( 2419): [CAMERA]ispv3_dynamic_fps_thread, focus is running, can't change frame rate
I/        ( 2419): [CAMERA]ispv3_dynamic_fps_thread, focus is running, can't change frame rate
I/        ( 2419): [CAMERA]ispv3_dynamic_fps_thread, focus is running, can't change frame rate
D/dalvikvm( 1627): ---Heap option for 783376
D/dalvikvm( 1627): GC_FOR_ALLOC freed 2303K, 14% free 28918K/33308K, paused 17ms, total 17ms
I/        ( 2419): [CAMERA]ispv3_dynamic_fps_thread, focus is running, can't change frame rate
I/        ( 2419): [CAMERA]ispv3_dynamic_fps_thread, focus is running, can't change frame rate
W/View    ( 3243): requestLayout() improperly called by com.android.systemui.statusbar.phone.IconMerger{43271138 V.E..... ......I. 0,0-270,75 #7f0a0067 app:id/notificationIcons} during layout: running second layout pass
W/View    ( 3243): requestLayout() improperly called by com.android.systemui.statusbar.phone.IconMerger{43271138 V.E..... ........ 0,0-270,75 #7f0a0067 app:id/notificationIcons} during second layout pass: posting in next frame
I/        ( 2419): [CAMERA]ispv3_dynamic_fps_thread, focus is running, can't change frame rate
W/View    ( 3243): requestLayout() improperly called by com.android.systemui.statusbar.phone.IconMerger{43271138 V.E..... ......I. 0,0-270,75 #7f0a0067 app:id/notificationIcons} during second layout pass: posting in next frame
D/dalvikvm( 1627): ---Heap option for 783376
I/        ( 2419): [CAMERA]ispv3_dynamic_fps_thread, focus is running, can't change frame rate
D/dalvikvm( 1627): GC_FOR_ALLOC freed 2303K, 14% free 28918K/33308K, paused 17ms, total 17ms
I/        ( 2419): [CAMERA]ispv3_dynamic_fps_thread, focus is running, can't change frame rate
I/        ( 2419): [CAMERA]ispv3_dynamic_fps_thread, focus is running, can't change frame rate
D/dalvikvm( 1627): ---Heap option for 783376
I/        ( 2419): [CAMERA]ispv3_dynamic_fps_thread, focus is running, can't change frame rate
D/dalvikvm( 1627): GC_FOR_ALLOC freed 2303K, 14% free 28918K/33308K, paused 17ms, total 17ms
I/        ( 2419): [CAMERA]ispv3_dynamic_fps_thread, focus is running, can't change frame rate
I/        ( 2419): [CAMERA]ispv3_dynamic_fps_thread, focus is running, can't change frame rate
D/dalvikvm( 1627): ---Heap option for 783376
D/dalvikvm( 1627): GC_FOR_ALLOC freed 2307K, 14% free 28918K/33308K, paused 17ms, total 17ms
I/        ( 2419): [CAMERA]ispv3_dynamic_fps_thread, focus is running, can't change frame rate
D/kbmonitor( 7527): wait status02:1 time:300000 level:5
D/kbmonitor( 7527): wait status:1 time:300000 level:5
I/        ( 2419): [CAMERA]ispv3_dynamic_fps_thread, focus is running, can't change frame rate
I/        ( 2419): [CAMERA]ispv3_dynamic_fps_thread, focus is running, can't change frame rate
D/dalvikvm( 1627): ---Heap option for 783376
I/        ( 2419): [CAMERA]ispv3_dynamic_fps_thread, focus is running, can't change frame rate
D/dalvikvm( 1627): GC_FOR_ALLOC freed 2303K, 14% free 28918K/33308K, paused 17ms, total 17ms
I/        ( 2419): [CAMERA]ispv3_dynamic_fps_thread, focus is running, can't change frame rate
I/        ( 2419): [CAMERA]ispv3_dynamic_fps_thread, focus is running, can't change frame rate
D/dalvikvm( 1627): ---Heap option for 783376
D/dalvikvm( 1627): GC_FOR_ALLOC freed 2303K, 14% free 28918K/33308K, paused 17ms, total 17ms
I/        ( 2419): [CAMERA]ispv3_dynamic_fps_thread, focus is running, can't change frame rate
I/        ( 2419): [CAMERA]ispv3_dynamic_fps_thread, focus is running, can't change frame rate
I/        ( 2419): [CAMERA]ispv3_dynamic_fps_thread, focus is running, can't change frame rate
D/dalvikvm( 1627): ---Heap option for 783376
D/dalvikvm( 1627): GC_FOR_ALLOC freed 2303K, 14% free 28918K/33308K, paused 17ms, total 17ms
I/        ( 2419): [CAMERA]ispv3_dynamic_fps_thread, focus is running, can't change frame rate
I/        ( 2419): [CAMERA]ispv3_dynamic_fps_thread, focus is running, can't change frame rate
I/        ( 2419): [CAMERA]ispv3_dynamic_fps_thread, focus is running, can't change frame rate
D/dalvikvm( 1627): ---Heap option for 783376
D/dalvikvm( 1627): GC_FOR_ALLOC freed 2303K, 14% free 28918K/33308K, paused 17ms, total 17ms
I/        ( 2419): [CAMERA]ispv3_dynamic_fps_thread, focus is running, can't change frame rate
I/        ( 2419): [CAMERA]ispv3_dynamic_fps_thread, focus is running, can't change frame rate
I/        ( 2419): [CAMERA]ispv3_dynamic_fps_thread, focus is running, can't change frame rate
D/dalvikvm( 1627): ---Heap option for 783376
D/dalvikvm( 1627): GC_FOR_ALLOC freed 2303K, 14% free 28918K/33308K, paused 16ms, total 16ms
I/        ( 2419): [CAMERA]ispv3_dynamic_fps_thread, focus is running, can't change frame rate
I/        ( 2419): [CAMERA]ispv3_dynamic_fps_thread, focus is running, can't change frame rate
I/        ( 2419): [CAMERA]ispv3_dynamic_fps_thread, focus is running, can't change frame rate
D/dalvikvm( 1627): ---Heap option for 783376
D/dalvikvm( 1627): GC_FOR_ALLOC freed 2303K, 14% free 28918K/33308K, paused 17ms, total 17ms
I/        ( 2419): [CAMERA]ispv3_dynamic_fps_thread, focus is running, can't change frame rate
I/        ( 2419): [CAMERA]ispv3_dynamic_fps_thread, focus is running, can't change frame rate
I/        ( 2419): [CAMERA]ispv3_dynamic_fps_thread, focus is running, can't change frame rate
D/dalvikvm( 1627): ---Heap option for 783376
D/dalvikvm( 1627): GC_FOR_ALLOC freed 2303K, 14% free 28918K/33308K, paused 17ms, total 17ms
I/        ( 2419): [CAMERA]ispv3_dynamic_fps_thread, focus is running, can't change frame rate
I/        ( 2419): [CAMERA]ispv3_dynamic_fps_thread, focus is running, can't change frame rate
I/        ( 2419): [CAMERA]ispv3_dynamic_fps_thread, focus is running, can't change frame rate
D/dalvikvm( 1627): ---Heap option for 783376
D/dalvikvm( 1627): ---Heap option for 4112
D/dalvikvm( 1627): GC_FOR_ALLOC freed 2307K, 14% free 28918K/33308K, paused 17ms, total 17ms
I/        ( 2419): [CAMERA]ispv3_dynamic_fps_thread, focus is running, can't change frame rate
I/        ( 2419): [CAMERA]ispv3_dynamic_fps_thread, focus is running, can't change frame rate
I/        ( 2419): [CAMERA]ispv3_dynamic_fps_thread, focus is running, can't change frame rate
D/dalvikvm( 1627): ---Heap option for 783376
D/dalvikvm( 1627): ---Heap option for 4112
I/        ( 2419): [CAMERA]ispv3_dynamic_fps_thread, focus is running, can't change frame rate
D/dalvikvm( 1627): GC_FOR_ALLOC freed 2303K, 14% free 28918K/33308K, paused 17ms, total 17ms
I/        ( 2419): [CAMERA]ispv3_dynamic_fps_thread, focus is running, can't change frame rate
I/        ( 2419): [CAMERA]ispv3_dynamic_fps_thread, focus is running, can't change frame rate
D/dalvikvm( 1627): ---Heap option for 783376
I/        ( 2419): [CAMERA]ispv3_dynamic_fps_thread, focus is running, can't change frame rate
D/dalvikvm( 1627): GC_FOR_ALLOC freed 2303K, 14% free 28918K/33308K, paused 17ms, total 17ms
I/        ( 2419): [CAMERA]ispv3_dynamic_fps_thread, focus is running, can't change frame rate
D/KeyguardUpdateMonitor( 3212): received broadcast android.intent.action.TIME_TICK
D/KeyguardUpdateMonitor( 3212): handleTimeUpdate
V/AlarmManager( 3009): Checking for alarms... rtc=1517453160000, elapsed=85223408
D/PowerManagerService( 3009): acquireWakeLockInternal: lock=1133052808, flags=0x1, tag="AlarmManager", ws=WorkSource{1000}, uid=1000, pid=3009
D/PowerManagerNotifier( 3009): onWakeLockAcquired: flags=1, tag="AlarmManager", packageName=android, ownerUid=1000, ownerPid=3009, workSource=WorkSource{1000}
D/PowerManagerService( 3009): updateWakeLockSummaryLocked: mWakefulness=Awake, mWakeLockSummary=0x1
D/PowerManagerService( 3009): updateScreenStateLocked: mDisplayReady=true, newScreenState=1, mWakefulness=1, mWakeLockSummary=0x1, mUserActivitySummary=0x0, mBootCompleted=true
I/        ( 2419): [CAMERA]ispv3_dynamic_fps_thread, focus is running, can't change frame rate
W/View    ( 3243): requestLayout() improperly called by com.android.systemui.statusbar.phone.IconMerger{43271138 V.E..... ......I. 0,0-270,75 #7f0a0067 app:id/notificationIcons} during layout: running second layout pass
D/dalvikvm( 1627): ---Heap option for 783376
D/PowerManagerService( 3009): releaseWakeLockInternal: lock=1133052808 [AlarmManager], flags=0x0
D/PowerManagerNotifier( 3009): onWakeLockReleased: flags=1, tag="AlarmManager", packageName=android, ownerUid=1000, ownerPid=3009, workSource=WorkSource{1000}
D/PowerManagerService( 3009): updateWakeLockSummaryLocked: mWakefulness=Awake, mWakeLockSummary=0x1
D/PowerManagerService( 3009): updateScreenStateLocked: mDisplayReady=true, newScreenState=1, mWakefulness=1, mWakeLockSummary=0x1, mUserActivitySummary=0x0, mBootCompleted=true
D/dalvikvm( 1627): GC_FOR_ALLOC freed 2303K, 14% free 28918K/33308K, paused 16ms, total 16ms
I/        ( 2419): [CAMERA]ispv3_dynamic_fps_thread, focus is running, can't change frame rate
D/PowerManagerService( 3009): handleSandman: canDream=false, mWakefulness=Awake
I/        ( 2419): [CAMERA]ispv3_dynamic_fps_thread, focus is running, can't change frame rate
I/        ( 2419): [CAMERA]ispv3_dynamic_fps_thread, focus is running, can't change frame rate
D/dalvikvm( 1627): ---Heap option for 783376
I/        ( 2419): [CAMERA]ispv3_dynamic_fps_thread, focus is running, can't change frame rate
D/dalvikvm( 1627): GC_FOR_ALLOC freed 2303K, 14% free 28918K/33308K, paused 18ms, total 18ms
I/        ( 2419): [CAMERA]ispv3_dynamic_fps_thread, focus is running, can't change frame rate
D/SupplicantHeartBeat( 3009): handleMessage: E msg.what=999904
D/SupplicantHeartBeat( 3009): processMsg: HeartAckState
D/SupplicantHeartBeat( 3009): processMsg: EnterSupplicantStarted
D/SupplicantHeartBeat( 3009): processMsg: DefaultState
D/SupplicantHeartBeat( 3009): handleMessage: X
I/        ( 2419): [CAMERA]ispv3_dynamic_fps_thread, focus is running, can't change frame rate
D/dalvikvm( 1627): ---Heap option for 783376
D/dalvikvm( 1627): ---Heap option for 4112
I/        ( 2419): [CAMERA]ispv3_dynamic_fps_thread, focus is running, can't change frame rate
D/dalvikvm( 1627): GC_FOR_ALLOC freed 2307K, 14% free 28918K/33308K, paused 17ms, total 17ms
I/        ( 2419): [CAMERA]ispv3_dynamic_fps_thread, focus is running, can't change frame rate
I/        ( 2419): [CAMERA]ispv3_dynamic_fps_thread, focus is running, can't change frame rate
D/dalvikvm( 1627): ---Heap option for 783376
D/dalvikvm( 1627): GC_FOR_ALLOC freed 2299K, 14% free 28918K/33308K, paused 17ms, total 17ms
I/        ( 2419): [CAMERA]ispv3_dynamic_fps_thread, focus is running, can't change frame rate
I/        ( 2419): [CAMERA]ispv3_dynamic_fps_thread, focus is running, can't change frame rate
I/        ( 2419): [CAMERA]ispv3_dynamic_fps_thread, focus is running, can't change frame rate
D/dalvikvm( 1627): ---Heap option for 783376
D/dalvikvm( 1627): GC_FOR_ALLOC freed 2303K, 14% free 28918K/33308K, paused 17ms, total 17ms
I/        ( 2419): [CAMERA]ispv3_dynamic_fps_thread, focus is running, can't change frame rate
I/        ( 2419): [CAMERA]ispv3_dynamic_fps_thread, focus is running, can't change frame rate
I/        ( 2419): [CAMERA]ispv3_dynamic_fps_thread, focus is running, can't change frame rate
D/dalvikvm( 1627): ---Heap option for 783376
D/dalvikvm( 1627): GC_FOR_ALLOC freed 2303K, 14% free 28918K/33308K, paused 17ms, total 17ms
I/        ( 2419): [CAMERA]ispv3_dynamic_fps_thread, focus is running, can't change frame rate
I/        ( 2419): [CAMERA]ispv3_dynamic_fps_thread, focus is running, can't change frame rate
I/        ( 2419): [CAMERA]ispv3_dynamic_fps_thread, focus is running, can't change frame rate
D/dalvikvm( 1627): ---Heap option for 783376
D/dalvikvm( 1627): GC_FOR_ALLOC freed 2303K, 14% free 28918K/33308K, paused 17ms, total 17ms
I/        ( 2419): [CAMERA]ispv3_dynamic_fps_thread, focus is running, can't change frame rate
I/        ( 2419): [CAMERA]ispv3_dynamic_fps_thread, focus is running, can't change frame rate
I/        ( 2419): [CAMERA]ispv3_dynamic_fps_thread, focus is running, can't change frame rate
W/View    ( 3243): requestLayout() improperly called by com.android.systemui.statusbar.phone.IconMerger{43271138 V.E..... ......I. 0,0-270,75 #7f0a0067 app:id/notificationIcons} during layout: running second layout pass
D/dalvikvm( 1627): ---Heap option for 783376
W/View    ( 3243): requestLayout() improperly called by com.android.systemui.statusbar.phone.IconMerger{43271138 V.E..... ........ 0,0-270,75 #7f0a0067 app:id/notificationIcons} during second layout pass: posting in next frame
W/View    ( 3243): requestLayout() improperly called by com.android.systemui.statusbar.phone.IconMerger{43271138 V.E..... ......I. 0,0-270,75 #7f0a0067 app:id/notificationIcons} during second layout pass: posting in next frame
D/HwWifiStateMachine( 3009): handleMessage: E msg.what=131155
D/HwWifiStateMachine( 3009): processMsg: ConnectedState
D/HwWifiStateMachine( 3009): processMsg: L2ConnectedState
D/WifiHW  ( 3009): wifi_send_command: cmd:'IFNAME=wlan0 SIGNAL_POLL'
D/wpa_supplicant( 3241): RX ctrl_iface - hexdump(len=11): 53 49 47 4e 41 4c 5f 50 4f 4c 4c
D/wpa_supplicant( 3241): wlan0: Control interface command 'SIGNAL_POLL'
I/        ( 2419): [CAMERA]ispv3_dynamic_fps_thread, focus is running, can't change frame rate
D/dalvikvm( 1627): GC_FOR_ALLOC freed 2307K, 14% free 28918K/33308K, paused 17ms, total 17ms
D/wpa_supplicant( 3241): nl80211: survey data missing!
D/wpa_supplicant( 3241): wlan0: RSSI=-61, LINKSPEED=72, NOISE=9999, FREQUENCY=2462
D/WifiHW  ( 3009): wifi_send_command ret=0, len=48
D/HwWifiStateMachine( 3009): handleMessage: X
I/        ( 2419): [CAMERA]ispv3_dynamic_fps_thread, focus is running, can't change frame rate
I/        ( 2419): [CAMERA]ispv3_dynamic_fps_thread, focus is running, can't change frame rate
D/dalvikvm( 1627): ---Heap option for 783376
D/dalvikvm( 1627): GC_FOR_ALLOC freed 2303K, 14% free 28918K/33308K, paused 17ms, total 17ms
