D/SettingsProvider( 3009): AppName: com.UCMobile
D/SettingsProvider( 3009): method:PUT_system||request:dd7893586a493dc3||newValue:76ade47435c2f009399bbfc57cab917dbcb8f8c6f09d7c17349eb0d879f1f85126f0bb7d69616891ccd473467df0d5d79ef80808aad544270a35ec9342d772d8b84dacc0bde3712fd975ebe174bcafa1c22d89c363397b26d177fe6c7e122e7b2253a6a714afc5b3a83629fc393a5d6ff2d362a7dd730ef445e6f958a1ec244e985486c99cdce38504620ca916b8c81f1062ac7a55e221fa258d327acc81db08d5692010aa49e4bdc1f957db5649b709368fa2c7ef01f848e32bfe1bfc3d194bea0e9189a89f4f8e196c452fe00b09dc64b2e7724ae3a0203bddaadfbb0efa1b046662fc538072e9f5355b90fbbccd905e28ada2c0d706219b3ddef3322e9d8d5b80764a56fc79007a69e4da3b6cfb3b
W/BackupManagerService( 3009): dataChanged but no participant pkg='com.android.providers.settings' uid=10102
D/PowerManagerService( 3009): userActivityNoUpdateLocked: eventTime=52879264, event=2, flags=0x0, uid=1000
D/PowerManagerNotifier( 3009): onUserActivity: event=2, uid=1000
D/PowerManagerService( 3009): updateUserActivitySummaryLocked: mWakefulness=Awake, mUserActivitySummary=0x1, nextTimeout=52903264 (in 23995 ms)
D/PowerManagerService( 3009): updateScreenStateLocked: mDisplayReady=false, newScreenState=2, mWakefulness=1, mWakeLockSummary=0x0, mUserActivitySummary=0x1, mBootCompleted=true
D/PowerManagerNotifier( 3009): onScreenBrightness: brightness=165
D/PowerManagerService( 3009): updateScreenStateLocked: mDisplayReady=true, newScreenState=2, mWakefulness=1, mWakeLockSummary=0x0, mUserActivitySummary=0x1, mBootCompleted=true
D/PowerManagerService( 3009): handleSandman: canDream=false, mWakefulness=Awake
I/ActivityManager( 3009): START u0 {cmp=com.jqh.jni.demojni/.PushAVStreamActivity} from pid 1627
V/HwWindowManagerService( 3009): moveTaskToTop mTaskChanged:true
D/PowerManagerService( 3009): acquireWakeLockInternal: lock=1127274288, flags=0x1, tag="ActivityManager-Launch", ws=null, uid=1000, pid=3009
D/PowerManagerNotifier( 3009): onWakeLockAcquired: flags=1, tag="ActivityManager-Launch", packageName=android, ownerUid=1000, ownerPid=3009, workSource=null
D/PowerManagerService( 3009): updateWakeLockSummaryLocked: mWakefulness=Awake, mWakeLockSummary=0x1
D/PowerManagerService( 3009): updateScreenStateLocked: mDisplayReady=true, newScreenState=2, mWakefulness=1, mWakeLockSummary=0x1, mUserActivitySummary=0x1, mBootCompleted=true
D/PowerManagerService( 3009): Acquiring suspend blocker "PowerManagerService.WakeLocks".
V/HwWindowManagerService( 3009): setFocusedApp update app ops, mTaskChanged set to:false
D/PowerManagerService( 3009): handleSandman: canDream=false, mWakefulness=Awake
I/PermissionManager( 1627): camera remind result:true
I/PermissionManager( 1627): camera remind result:true
D/SettingsProvider( 3009): AppName: com.UCMobile
D/SettingsProvider( 3009): method:PUT_system||request:dd7893586a493dc3||newValue:76ade47435c2f009399bbfc57cab917dbcb8f8c6f09d7c17349eb0d879f1f85126f0bb7d69616891ccd473467df0d5d79ef80808aad544270a35ec9342d772d8b84dacc0bde3712fd975ebe174bcafa1c22d89c363397b26d177fe6c7e122e7b2253a6a714afc5b3a83629fc393a5d6ff2d362a7dd730ef445e6f958a1ec244e985486c99cdce38504620ca916b8c81f1062ac7a55e221fa258d327acc81db08d5692010aa49e4bdc1f957db5649b709c932b743c5e77d3a1faaf92c2c5b4188ea0e9189a89f4f8e196c452fe00b09dc4811a4b41b54dc6a4dd6cb46f3195d691e42d21184c8d097db9a2cf6e30014c1c6c00957681c973882f4c1a77a0fee596cbc44fbf563654308a343bbf195de91
W/BackupManagerService( 3009): dataChanged but no participant pkg='com.android.providers.settings' uid=10102
D/PowerManagerService( 3009): releaseWakeLockInternal: lock=1127274288 [ActivityManager-Launch], flags=0x0
D/PowerManagerNotifier( 3009): onWakeLockReleased: flags=1, tag="ActivityManager-Launch", packageName=android, ownerUid=1000, ownerPid=3009, workSource=null
D/PowerManagerService( 3009): updateWakeLockSummaryLocked: mWakefulness=Awake, mWakeLockSummary=0x0
D/PowerManagerService( 3009): updateScreenStateLocked: mDisplayReady=true, newScreenState=2, mWakefulness=1, mWakeLockSummary=0x0, mUserActivitySummary=0x1, mBootCompleted=true
D/PowerManagerService( 3009): Releasing suspend blocker "PowerManagerService.WakeLocks".
D/PowerManagerService( 3009): handleSandman: canDream=false, mWakefulness=Awake
D/PowerManagerService( 3009): releaseWakeLockInternal: lock=1139946168 [not found], flags=0x0
D/PowerManagerService( 3009): releaseWakeLockInternal: lock=1136830752 [not found], flags=0x0
D/PowerManagerService( 3009): userActivityNoUpdateLocked: eventTime=52882083, event=2, flags=0x0, uid=1000
D/PowerManagerNotifier( 3009): onUserActivity: event=2, uid=1000
D/PowerManagerService( 3009): updateUserActivitySummaryLocked: mWakefulness=Awake, mUserActivitySummary=0x1, nextTimeout=52906083 (in 23999 ms)
D/PowerManagerService( 3009): updateScreenStateLocked: mDisplayReady=true, newScreenState=2, mWakefulness=1, mWakeLockSummary=0x0, mUserActivitySummary=0x1, mBootCompleted=true
D/PowerManagerService( 3009): handleSandman: canDream=false, mWakefulness=Awake
V/AlarmManager( 3009): set(PendingIntent{444158f8: PendingIntentRecord{43eb1370 com.UCMobile broadcastIntent}}) : type=0 triggerAtTime=1517453325197 win=-1 tElapsed=85388605 maxElapsed=85591103 interval=0 standalone=false
V/AlarmManager( 3009): Checking for alarms... rtc=1517453055211, elapsed=85118619
V/AlarmManager( 3009): Checking for alarms... rtc=1517453055211, elapsed=85118619
D/PowerManagerService( 3009): acquireWakeLockInternal: lock=1142989128, flags=0x1, tag="AudioMix", ws=null, uid=1013, pid=2419
D/PowerManagerNotifier( 3009): onWakeLockAcquired: flags=1, tag="AudioMix", packageName=media, ownerUid=1013, ownerPid=2419, workSource=null
D/PowerManagerService( 3009): updateWakeLockSummaryLocked: mWakefulness=Awake, mWakeLockSummary=0x1
D/PowerManagerService( 3009): updateScreenStateLocked: mDisplayReady=true, newScreenState=2, mWakefulness=1, mWakeLockSummary=0x1, mUserActivitySummary=0x1, mBootCompleted=true
D/PowerManagerService( 3009): Acquiring suspend blocker "PowerManagerService.WakeLocks".
D/PowerManagerService( 3009): updateWakeLockWorkSourceInternal: lock=1142989128 [AudioMix], ws=null
D/PowerManagerService( 3009): acquireWakeLockInternal: lock=1142835216, flags=0x1, tag="AudioIn", ws=null, uid=1013, pid=2419
D/PowerManagerNotifier( 3009): onWakeLockAcquired: flags=1, tag="AudioIn", packageName=media, ownerUid=1013, ownerPid=2419, workSource=null
D/PowerManagerService( 3009): updateWakeLockSummaryLocked: mWakefulness=Awake, mWakeLockSummary=0x1
D/PowerManagerService( 3009): updateScreenStateLocked: mDisplayReady=true, newScreenState=2, mWakefulness=1, mWakeLockSummary=0x1, mUserActivitySummary=0x1, mBootCompleted=true
D/PowerManagerService( 3009): releaseWakeLockInternal: lock=1142835216 [AudioIn], flags=0x0
D/PowerManagerNotifier( 3009): onWakeLockReleased: flags=1, tag="AudioIn", packageName=media, ownerUid=1013, ownerPid=2419, workSource=null
D/PowerManagerService( 3009): updateWakeLockSummaryLocked: mWakefulness=Awake, mWakeLockSummary=0x1
D/PowerManagerService( 3009): updateScreenStateLocked: mDisplayReady=true, newScreenState=2, mWakefulness=1, mWakeLockSummary=0x1, mUserActivitySummary=0x1, mBootCompleted=true
D/PowerManagerService( 3009): acquireWakeLockInternal: lock=1140990520, flags=0x1, tag="AudioIn", ws=WorkSource{10719}, uid=1013, pid=2419
D/PowerManagerNotifier( 3009): onWakeLockAcquired: flags=1, tag="AudioIn", packageName=media, ownerUid=1013, ownerPid=2419, workSource=WorkSource{10719}
D/PowerManagerService( 3009): updateWakeLockSummaryLocked: mWakefulness=Awake, mWakeLockSummary=0x1
D/PowerManagerService( 3009): updateScreenStateLocked: mDisplayReady=true, newScreenState=2, mWakefulness=1, mWakeLockSummary=0x1, mUserActivitySummary=0x1, mBootCompleted=true
D/PowerManagerService( 3009): updateWakeLockWorkSourceInternal: lock=1140990520 [AudioIn], ws=WorkSource{10719}
D/PowerManagerService( 3009): handleSandman: canDream=false, mWakefulness=Awake
D/PowerManagerService( 3009): releaseWakeLockInternal: lock=1138317296 [not found], flags=0x0
V/AlarmManager( 3009): Checking for alarms... rtc=1517453064260, elapsed=85127668
V/AlarmManager( 3009): set again repeat alarm: next ,nextElapsed = 88687700,repeatInterval = 3600000
V/AlarmManager( 3009): set again repeat alarm: next ,nextElapsed = 85694700,repeatInterval = 600000
V/AlarmManager( 3009): sending alarm Alarm{43e99830 type 0 com.UCMobile},repeatInterval = 3600000
D/PowerManagerService( 3009): acquireWakeLockInternal: lock=1133052808, flags=0x1, tag="AlarmManager", ws=WorkSource{10102}, uid=1000, pid=3009
D/PowerManagerNotifier( 3009): onWakeLockAcquired: flags=1, tag="AlarmManager", packageName=android, ownerUid=1000, ownerPid=3009, workSource=WorkSource{10102}
D/PowerManagerService( 3009): updateWakeLockSummaryLocked: mWakefulness=Awake, mWakeLockSummary=0x1
D/PowerManagerService( 3009): updateScreenStateLocked: mDisplayReady=true, newScreenState=2, mWakefulness=1, mWakeLockSummary=0x1, mUserActivitySummary=0x1, mBootCompleted=true
V/AlarmManager( 3009): sending alarm Alarm{44264c48 type 0 com.UCMobile},repeatInterval = 600000
W/ActivityManager( 3009): Unable to start service Intent { act=action.interval.alarm.timer cmp=com.UCMobile/com.pp.plugin.appstore.service.PPActionService (has extras) } U=0: not found
V/AlarmManager( 3009): sending alarm Alarm{44264c90 type 0 com.tencent.mtt},repeatInterval = 0
D/PowerManagerService( 3009): updateWakeLockWorkSourceInternal: lock=1133052808 [AlarmManager], ws=WorkSource{10101}
D/PowerManagerNotifier( 3009): onWakeLockReleased: flags=1, tag="AlarmManager", packageName=android, ownerUid=1000, ownerPid=3009, workSource=WorkSource{10102}
D/PowerManagerNotifier( 3009): onWakeLockAcquired: flags=1, tag="AlarmManager", packageName=android, ownerUid=1000, ownerPid=3009, workSource=WorkSource{10101}
D/PowerManagerService( 3009): releaseWakeLockInternal: lock=1133052808 [AlarmManager], flags=0x0
D/PowerManagerNotifier( 3009): onWakeLockReleased: flags=1, tag="AlarmManager", packageName=android, ownerUid=1000, ownerPid=3009, workSource=WorkSource{10101}
D/PowerManagerService( 3009): updateWakeLockSummaryLocked: mWakefulness=Awake, mWakeLockSummary=0x1
D/PowerManagerService( 3009): updateScreenStateLocked: mDisplayReady=true, newScreenState=2, mWakefulness=1, mWakeLockSummary=0x1, mUserActivitySummary=0x1, mBootCompleted=true
V/AlarmManager( 3009): set(PendingIntent{43d00348: PendingIntentRecord{43247d60 com.tencent.mtt startService}}) : type=0 triggerAtTime=1517453334288 win=0 tElapsed=85397696 maxElapsed=85397696 interval=0 standalone=false
D/PowerManagerService( 3009): handleSandman: canDream=false, mWakefulness=Awake
V/NotificationService( 3009): notifications are disabled by AppOps for com.tencent.mtt
E/NotificationService( 3009): Suppressing notification from package com.tencent.mtt by user request.
V/NotificationService( 3009): notifications are disabled by AppOps for com.tencent.mtt
E/NotificationService( 3009): Suppressing notification from package com.tencent.mtt by user request.
D/PowerManagerService( 3009): releaseWakeLockInternal: lock=1142989128 [AudioMix], flags=0x0
D/PowerManagerNotifier( 3009): onWakeLockReleased: flags=1, tag="AudioMix", packageName=media, ownerUid=1013, ownerPid=2419, workSource=null
D/PowerManagerService( 3009): updateWakeLockSummaryLocked: mWakefulness=Awake, mWakeLockSummary=0x1
D/PowerManagerService( 3009): updateScreenStateLocked: mDisplayReady=true, newScreenState=2, mWakefulness=1, mWakeLockSummary=0x1, mUserActivitySummary=0x1, mBootCompleted=true
D/PowerManagerService( 3009): handleSandman: canDream=false, mWakefulness=Awake
V/NotificationService( 3009): notifications are disabled by AppOps for com.tencent.mtt
E/NotificationService( 3009): Suppressing notification from package com.tencent.mtt by user request.
V/AlarmManager( 3009): Checking for alarms... rtc=1517453067384, elapsed=85130792
V/AlarmManager( 3009): sending alarm Alarm{44264cd8 type 0 com.ijinshan.browser_fast},repeatInterval = 0
D/PowerManagerService( 3009): acquireWakeLockInternal: lock=1133052808, flags=0x1, tag="AlarmManager", ws=WorkSource{10108}, uid=1000, pid=3009
D/PowerManagerNotifier( 3009): onWakeLockAcquired: flags=1, tag="AlarmManager", packageName=android, ownerUid=1000, ownerPid=3009, workSource=WorkSource{10108}
D/PowerManagerService( 3009): updateWakeLockSummaryLocked: mWakefulness=Awake, mWakeLockSummary=0x1
D/PowerManagerService( 3009): updateScreenStateLocked: mDisplayReady=true, newScreenState=2, mWakefulness=1, mWakeLockSummary=0x1, mUserActivitySummary=0x1, mBootCompleted=true
D/PowerManagerService( 3009): releaseWakeLockInternal: lock=1133052808 [AlarmManager], flags=0x0
D/PowerManagerNotifier( 3009): onWakeLockReleased: flags=1, tag="AlarmManager", packageName=android, ownerUid=1000, ownerPid=3009, workSource=WorkSource{10108}
D/PowerManagerService( 3009): updateWakeLockSummaryLocked: mWakefulness=Awake, mWakeLockSummary=0x1
D/PowerManagerService( 3009): updateScreenStateLocked: mDisplayReady=true, newScreenState=2, mWakefulness=1, mWakeLockSummary=0x1, mUserActivitySummary=0x1, mBootCompleted=true
V/AlarmManager( 3009): set(PendingIntent{443189a0: PendingIntentRecord{43f169e0 com.ijinshan.browser_fast startService}}) : type=0 triggerAtTime=1517453127392 win=0 tElapsed=85190799 maxElapsed=85190799 interval=0 standalone=false
D/PowerManagerService( 3009): handleSandman: canDream=false, mWakefulness=Awake
D/WifiStateMachine( 3009): RouteDetect receive msg EVENT_ROUTE_CHECK
D/NetdConnector( 3009): SND -> {2641 interface route readDefRoute}
D/NetdConnector( 3009): RMV <- {200 2641 isWifiDefaultRouteExisted ok}
E/NetdConnector( 3009): NDC Command {2641 interface route readDefRoute} took too long (1005ms)
D/WifiStateMachine( 3009): RouteDetect default exist, return true
V/UsbDeviceManager( 3009): power_state is false usb_state is false
V/UsbDeviceManager( 3009): mBatteryChangedReceiver plugType is 2
D/WifiController( 3009): battery changed pluggedType: 2
D/PowerManagerService( 3009): updateIsPoweredLocked: wasPowered=true, mIsPowered=true, oldPlugType=2, mPlugType=2, mBatteryLevel=91
D/PowerManagerService( 3009): handleSandman: canDream=false, mWakefulness=Awake
D/PowerManagerService( 3009): handleUserActivityTimeout
D/PowerManagerService( 3009): updateUserActivitySummaryLocked: mWakefulness=Awake, mUserActivitySummary=0x2, nextTimeout=52912083 (in 5999 ms)
D/PowerManagerService( 3009): updateScreenStateLocked: mDisplayReady=false, newScreenState=1, mWakefulness=1, mWakeLockSummary=0x1, mUserActivitySummary=0x2, mBootCompleted=true
D/PowerManagerNotifier( 3009): onScreenBrightness: brightness=6
D/PowerManagerService( 3009): updateScreenStateLocked: mDisplayReady=true, newScreenState=1, mWakefulness=1, mWakeLockSummary=0x1, mUserActivitySummary=0x2, mBootCompleted=true
D/PowerManagerService( 3009): handleSandman: canDream=false, mWakefulness=Awake
D/PowerManagerService( 3009): handleUserActivityTimeout
D/PowerManagerService( 3009): updateUserActivitySummaryLocked: mWakefulness=Awake, mUserActivitySummary=0x0, nextTimeout=51654171 (1257913 ms ago)
D/PowerManagerService( 3009): updateScreenStateLocked: mDisplayReady=true, newScreenState=1, mWakefulness=1, mWakeLockSummary=0x1, mUserActivitySummary=0x0, mBootCompleted=true
D/PowerManagerService( 3009): handleSandman: canDream=false, mWakefulness=Awake
W/ProcessCpuTracker( 3009): Skipping unknown process pid 3022
V/AlarmManager( 3009): set(PendingIntent{44177308: PendingIntentRecord{43eb1370 com.UCMobile broadcastIntent}}) : type=0 triggerAtTime=1517453358168 win=-1 tElapsed=85421576 maxElapsed=85624073 interval=0 standalone=false
V/UsbDeviceManager( 3009): mBatteryChangedReceiver plugType is 2
D/PowerManagerService( 3009): updateIsPoweredLocked: wasPowered=true, mIsPowered=true, oldPlugType=2, mPlugType=2, mBatteryLevel=91
D/WifiController( 3009): battery changed pluggedType: 2
D/PowerManagerService( 3009): handleSandman: canDream=false, mWakefulness=Awake
D/WifiStateMachine( 3009): RouteDetect receive msg EVENT_ROUTE_CHECK
D/NetdConnector( 3009): SND -> {2642 interface route readDefRoute}
V/AlarmManager( 3009): Checking for alarms... rtc=1517453100000, elapsed=85163408
D/PowerManagerService( 3009): acquireWakeLockInternal: lock=1133052808, flags=0x1, tag="AlarmManager", ws=WorkSource{1000}, uid=1000, pid=3009
D/PowerManagerNotifier( 3009): onWakeLockAcquired: flags=1, tag="AlarmManager", packageName=android, ownerUid=1000, ownerPid=3009, workSource=WorkSource{1000}
D/PowerManagerService( 3009): updateWakeLockSummaryLocked: mWakefulness=Awake, mWakeLockSummary=0x1
D/PowerManagerService( 3009): updateScreenStateLocked: mDisplayReady=true, newScreenState=1, mWakefulness=1, mWakeLockSummary=0x1, mUserActivitySummary=0x0, mBootCompleted=true
D/PowerManagerService( 3009): handleSandman: canDream=false, mWakefulness=Awake
D/NetdConnector( 3009): RMV <- {200 2642 isWifiDefaultRouteExisted ok}
E/NetdConnector( 3009): NDC Command {2642 interface route readDefRoute} took too long (1007ms)
D/WifiStateMachine( 3009): RouteDetect default exist, return true
D/PowerManagerService( 3009): releaseWakeLockInternal: lock=1133052808 [AlarmManager], flags=0x0
D/PowerManagerNotifier( 3009): onWakeLockReleased: flags=1, tag="AlarmManager", packageName=android, ownerUid=1000, ownerPid=3009, workSource=WorkSource{1000}
D/PowerManagerService( 3009): updateWakeLockSummaryLocked: mWakefulness=Awake, mWakeLockSummary=0x1
D/PowerManagerService( 3009): updateScreenStateLocked: mDisplayReady=true, newScreenState=1, mWakefulness=1, mWakeLockSummary=0x1, mUserActivitySummary=0x0, mBootCompleted=true
D/PowerManagerService( 3009): handleSandman: canDream=false, mWakefulness=Awake
D/PowerManagerService( 3009): releaseWakeLockInternal: lock=1135414728 [not found], flags=0x0
D/PowerManagerService( 3009): releaseWakeLockInternal: lock=1135368568 [not found], flags=0x0
V/AlarmManager( 3009): Checking for alarms... rtc=1517453107356, elapsed=85170764
V/AlarmManager( 3009): sending alarm Alarm{43e0e770 type 0 com.ijinshan.browser_fast},repeatInterval = 0
D/PowerManagerService( 3009): acquireWakeLockInternal: lock=1133052808, flags=0x1, tag="AlarmManager", ws=WorkSource{10108}, uid=1000, pid=3009
D/PowerManagerNotifier( 3009): onWakeLockAcquired: flags=1, tag="AlarmManager", packageName=android, ownerUid=1000, ownerPid=3009, workSource=WorkSource{10108}
D/PowerManagerService( 3009): updateWakeLockSummaryLocked: mWakefulness=Awake, mWakeLockSummary=0x1
D/PowerManagerService( 3009): updateScreenStateLocked: mDisplayReady=true, newScreenState=1, mWakefulness=1, mWakeLockSummary=0x1, mUserActivitySummary=0x0, mBootCompleted=true
D/PowerManagerService( 3009): releaseWakeLockInternal: lock=1133052808 [AlarmManager], flags=0x0
D/PowerManagerNotifier( 3009): onWakeLockReleased: flags=1, tag="AlarmManager", packageName=android, ownerUid=1000, ownerPid=3009, workSource=WorkSource{10108}
D/PowerManagerService( 3009): updateWakeLockSummaryLocked: mWakefulness=Awake, mWakeLockSummary=0x1
D/PowerManagerService( 3009): updateScreenStateLocked: mDisplayReady=true, newScreenState=1, mWakefulness=1, mWakeLockSummary=0x1, mUserActivitySummary=0x0, mBootCompleted=true
V/AlarmManager( 3009): set(PendingIntent{44076008: PendingIntentRecord{432e7dc8 com.ijinshan.browser_fast startService}}) : type=0 triggerAtTime=1517453407367 win=0 tElapsed=85470775 maxElapsed=85470775 interval=0 standalone=false
D/PowerManagerService( 3009): handleSandman: canDream=false, mWakefulness=Awake
D/HwNotificationManagerService( 3009): coverNotificationContentView pkgname=com.ijinshan.browser_fast uid=10108
I/HwNotificationManagerService( 3009): update in NotificationContentViewRecord NotificationContentViewRecord{43b24c48 pkg=com.ijinshan.browser_fast uid=10108 id=4e20 tag=null userId=0}
V/AlarmManager( 3009): set(PendingIntent{43ecd9e8: PendingIntentRecord{432e7dc8 com.ijinshan.browser_fast startService}}) : type=0 triggerAtTime=1517453407596 win=0 tElapsed=85471004 maxElapsed=85471004 interval=0 standalone=false
D/HwNotificationManagerService( 3009): coverNotificationContentView pkgname=com.ijinshan.browser_fast uid=10108
I/HwNotificationManagerService( 3009): update in NotificationContentViewRecord NotificationContentViewRecord{43b24c48 pkg=com.ijinshan.browser_fast uid=10108 id=4e20 tag=null userId=0}
V/UsbDeviceManager( 3009): power_state is false usb_state is false
V/UsbDeviceManager( 3009): mBatteryChangedReceiver plugType is 2
D/WifiController( 3009): battery changed pluggedType: 2
D/PowerManagerService( 3009): updateIsPoweredLocked: wasPowered=true, mIsPowered=true, oldPlugType=2, mPlugType=2, mBatteryLevel=91
D/PowerManagerService( 3009): handleSandman: canDream=false, mWakefulness=Awake
V/AlarmManager( 3009): Checking for alarms... rtc=1517453127391, elapsed=85190799
V/AlarmManager( 3009): sending alarm Alarm{43ab49d0 type 0 com.ijinshan.browser_fast},repeatInterval = 0
D/PowerManagerService( 3009): acquireWakeLockInternal: lock=1133052808, flags=0x1, tag="AlarmManager", ws=WorkSource{10108}, uid=1000, pid=3009
D/PowerManagerNotifier( 3009): onWakeLockAcquired: flags=1, tag="AlarmManager", packageName=android, ownerUid=1000, ownerPid=3009, workSource=WorkSource{10108}
D/PowerManagerService( 3009): updateWakeLockSummaryLocked: mWakefulness=Awake, mWakeLockSummary=0x1
D/PowerManagerService( 3009): updateScreenStateLocked: mDisplayReady=true, newScreenState=1, mWakefulness=1, mWakeLockSummary=0x1, mUserActivitySummary=0x0, mBootCompleted=true
D/PowerManagerService( 3009): releaseWakeLockInternal: lock=1133052808 [AlarmManager], flags=0x0
D/PowerManagerNotifier( 3009): onWakeLockReleased: flags=1, tag="AlarmManager", packageName=android, ownerUid=1000, ownerPid=3009, workSource=WorkSource{10108}
D/PowerManagerService( 3009): updateWakeLockSummaryLocked: mWakefulness=Awake, mWakeLockSummary=0x1
D/PowerManagerService( 3009): updateScreenStateLocked: mDisplayReady=true, newScreenState=1, mWakefulness=1, mWakeLockSummary=0x1, mUserActivitySummary=0x0, mBootCompleted=true
V/AlarmManager( 3009): set(PendingIntent{441a6390: PendingIntentRecord{43f169e0 com.ijinshan.browser_fast startService}}) : type=0 triggerAtTime=1517453187398 win=0 tElapsed=85250806 maxElapsed=85250806 interval=0 standalone=false
--------- beginning of /dev/log/main
I/        ( 2419): [CAMERA]ispv3_dynamic_fps_thread, focus is running, can't change frame rate
D/PowerManagerService( 3009): handleSandman: canDream=false, mWakefulness=Awake
I/        ( 2419): [CAMERA]ispv3_dynamic_fps_thread, focus is running, can't change frame rate
I/        ( 2419): [CAMERA]ispv3_dynamic_fps_thread, focus is running, can't change frame rate
D/dalvikvm( 1627): ---Heap option for 783376
D/dalvikvm( 1627): GC_FOR_ALLOC freed 2303K, 14% free 28918K/33308K, paused 17ms, total 17ms
I/        ( 2419): [CAMERA]ispv3_dynamic_fps_thread, focus is running, can't change frame rate
I/        ( 2419): [CAMERA]ispv3_dynamic_fps_thread, focus is running, can't change frame rate
D/HwWifiStateMachine( 3009): handleMessage: E msg.what=131155
D/HwWifiStateMachine( 3009): processMsg: ConnectedState
D/HwWifiStateMachine( 3009): processMsg: L2ConnectedState
D/WifiHW  ( 3009): wifi_send_command: cmd:'IFNAME=wlan0 SIGNAL_POLL'
D/wpa_supplicant( 3241): RX ctrl_iface - hexdump(len=11): 53 49 47 4e 41 4c 5f 50 4f 4c 4c
D/wpa_supplicant( 3241): wlan0: Control interface command 'SIGNAL_POLL'
D/wpa_supplicant( 3241): nl80211: survey data missing!
D/wpa_supplicant( 3241): wlan0: RSSI=-61, LINKSPEED=72, NOISE=9999, FREQUENCY=2462
D/WifiHW  ( 3009): wifi_send_command ret=0, len=48
D/HwWifiStateMachine( 3009): handleMessage: X
I/        ( 2419): [CAMERA]ispv3_dynamic_fps_thread, focus is running, can't change frame rate
D/dalvikvm( 1627): ---Heap option for 783376
I/        ( 2419): [CAMERA]ispv3_dynamic_fps_thread, focus is running, can't change frame rate
D/dalvikvm( 1627): GC_FOR_ALLOC freed 2303K, 14% free 28918K/33308K, paused 17ms, total 17ms
I/        ( 2419): [CAMERA]ispv3_dynamic_fps_thread, focus is running, can't change frame rate
I/        ( 2419): [CAMERA]ispv3_dynamic_fps_thread, focus is running, can't change frame rate
D/dalvikvm( 1627): ---Heap option for 783376
D/dalvikvm( 1627): GC_FOR_ALLOC freed 2303K, 14% free 28918K/33308K, paused 17ms, total 17ms
I/        ( 2419): [CAMERA]ispv3_dynamic_fps_thread, focus is running, can't change frame rate
W/View    ( 3243): requestLayout() improperly called by com.android.systemui.statusbar.phone.IconMerger{43271138 V.E..... ......I. 0,0-270,75 #7f0a0067 app:id/notificationIcons} during layout: running second layout pass
I/        ( 2419): [CAMERA]ispv3_dynamic_fps_thread, focus is running, can't change frame rate
I/        ( 2419): [CAMERA]ispv3_dynamic_fps_thread, focus is running, can't change frame rate
D/dalvikvm( 1627): ---Heap option for 783376
D/dalvikvm( 1627): GC_FOR_ALLOC freed 2303K, 14% free 28918K/33308K, paused 17ms, total 17ms
I/        ( 2419): [CAMERA]ispv3_dynamic_fps_thread, focus is running, can't change frame rate
I/        ( 2419): [CAMERA]ispv3_dynamic_fps_thread, focus is running, can't change frame rate
I/        ( 2419): [CAMERA]ispv3_dynamic_fps_thread, focus is running, can't change frame rate
D/dalvikvm( 1627): ---Heap option for 783376
D/dalvikvm( 1627): GC_FOR_ALLOC freed 2307K, 14% free 28918K/33308K, paused 17ms, total 17ms
I/        ( 2419): [CAMERA]ispv3_dynamic_fps_thread, focus is running, can't change frame rate
I/        ( 2419): [CAMERA]ispv3_dynamic_fps_thread, focus is running, can't change frame rate
I/        ( 2419): [CAMERA]ispv3_dynamic_fps_thread, focus is running, can't change frame rate
D/dalvikvm( 1627): ---Heap option for 783376
D/dalvikvm( 1627): GC_FOR_ALLOC freed 2303K, 14% free 28918K/33308K, paused 17ms, total 17ms
I/        ( 2419): [CAMERA]ispv3_dynamic_fps_thread, focus is running, can't change frame rate
I/        ( 2419): [CAMERA]ispv3_dynamic_fps_thread, focus is running, can't change frame rate
I/        ( 2419): [CAMERA]ispv3_dynamic_fps_thread, focus is running, can't change frame rate
D/dalvikvm( 1627): ---Heap option for 783376
I/        ( 2419): [CAMERA]ispv3_dynamic_fps_thread, focus is running, can't change frame rate
D/dalvikvm( 1627): GC_FOR_ALLOC freed 2303K, 14% free 28918K/33308K, paused 17ms, total 17ms
I/        ( 2419): [CAMERA]ispv3_dynamic_fps_thread, focus is running, can't change frame rate
I/        ( 2419): [CAMERA]ispv3_dynamic_fps_thread, focus is running, can't change frame rate
D/dalvikvm( 1627): ---Heap option for 783376
D/dalvikvm( 1627): GC_FOR_ALLOC freed 2303K, 14% free 28918K/33308K, paused 17ms, total 17ms
I/        ( 2419): [CAMERA]ispv3_dynamic_fps_thread, focus is running, can't change frame rate
I/        ( 2419): [CAMERA]ispv3_dynamic_fps_thread, focus is running, can't change frame rate
I/        ( 2419): [CAMERA]ispv3_dynamic_fps_thread, focus is running, can't change frame rate
D/dalvikvm( 1627): ---Heap option for 783376
D/dalvikvm( 1627): GC_FOR_ALLOC freed 2303K, 14% free 28918K/33308K, paused 17ms, total 17ms
I/        ( 2419): [CAMERA]ispv3_dynamic_fps_thread, focus is running, can't change frame rate
I/        ( 2419): [CAMERA]ispv3_dynamic_fps_thread, focus is running, can't change frame rate
I/        ( 2419): [CAMERA]ispv3_dynamic_fps_thread, focus is running, can't change frame rate
D/dalvikvm( 1627): ---Heap option for 783376
D/dalvikvm( 1627): GC_FOR_ALLOC freed 2303K, 14% free 28918K/33308K, paused 17ms, total 17ms
I/        ( 2419): [CAMERA]ispv3_dynamic_fps_thread, focus is running, can't change frame rate
I/        ( 2419): [CAMERA]ispv3_dynamic_fps_thread, focus is running, can't change frame rate
I/        ( 2419): [CAMERA]ispv3_dynamic_fps_thread, focus is running, can't change frame rate
D/dalvikvm( 1627): ---Heap option for 783376
D/dalvikvm( 1627): GC_FOR_ALLOC freed 2303K, 14% free 28918K/33308K, paused 17ms, total 17ms
I/        ( 2419): [CAMERA]ispv3_dynamic_fps_thread, focus is running, can't change frame rate
I/        ( 2419): [CAMERA]ispv3_dynamic_fps_thread, focus is running, can't change frame rate
I/        ( 2419): [CAMERA]ispv3_dynamic_fps_thread, focus is running, can't change frame rate
D/dalvikvm( 1627): ---Heap option for 783376
D/dalvikvm( 1627): GC_FOR_ALLOC freed 2303K, 14% free 28918K/33308K, paused 17ms, total 17ms
I/        ( 2419): [CAMERA]ispv3_dynamic_fps_thread, focus is running, can't change frame rate
I/        ( 2419): [CAMERA]++++frame 2300:cur_y=0x1, gain=0x180, expo=0x74d0, fps:30
I/        ( 2419): [CAMERA]ispv3_dynamic_fps_thread, focus is running, can't change frame rate
I/        ( 2419): [CAMERA]ispv3_dynamic_fps_thread, focus is running, can't change frame rate
D/dalvikvm( 1627): ---Heap option for 783376
D/dalvikvm( 1627): GC_FOR_ALLOC freed 2307K, 14% free 28918K/33308K, paused 17ms, total 17ms
I/        ( 2419): [CAMERA]ispv3_dynamic_fps_thread, focus is running, can't change frame rate
W/View    ( 3243): requestLayout() improperly called by com.android.systemui.statusbar.phone.IconMerger{43271138 V.E..... ......I. 0,0-270,75 #7f0a0067 app:id/notificationIcons} during layout: running second layout pass
W/View    ( 3243): requestLayout() improperly called by com.android.systemui.statusbar.phone.IconMerger{43271138 V.E..... ........ 0,0-270,75 #7f0a0067 app:id/notificationIcons} during second layout pass: posting in next frame
I/        ( 2419): [CAMERA]ispv3_dynamic_fps_thread, focus is running, can't change frame rate
W/View    ( 3243): requestLayout() improperly called by com.android.systemui.statusbar.phone.IconMerger{43271138 V.E..... ......I. 0,0-270,75 #7f0a0067 app:id/notificationIcons} during second layout pass: posting in next frame
I/        ( 2419): [CAMERA]ispv3_dynamic_fps_thread, focus is running, can't change frame rate
D/dalvikvm( 1627): ---Heap option for 783376
D/dalvikvm( 1627): GC_FOR_ALLOC freed 2303K, 14% free 28918K/33308K, paused 17ms, total 17ms
I/        ( 2419): [CAMERA]ispv3_dynamic_fps_thread, focus is running, can't change frame rate
I/        ( 2419): [CAMERA]ispv3_dynamic_fps_thread, focus is running, can't change frame rate
I/        ( 2419): [CAMERA]ispv3_dynamic_fps_thread, focus is running, can't change frame rate
D/dalvikvm( 1627): ---Heap option for 783376
D/dalvikvm( 1627): GC_FOR_ALLOC freed 2303K, 14% free 28918K/33308K, paused 17ms, total 17ms
I/        ( 2419): [CAMERA]ispv3_dynamic_fps_thread, focus is running, can't change frame rate
I/        ( 2419): [CAMERA]ispv3_dynamic_fps_thread, focus is running, can't change frame rate
I/        ( 2419): [CAMERA]ispv3_dynamic_fps_thread, focus is running, can't change frame rate
D/dalvikvm( 1627): ---Heap option for 783376
D/dalvikvm( 1627): GC_FOR_ALLOC freed 2303K, 14% free 28918K/33308K, paused 17ms, total 17ms
I/        ( 2419): [CAMERA]ispv3_dynamic_fps_thread, focus is running, can't change frame rate
I/        ( 2419): [CAMERA]ispv3_dynamic_fps_thread, focus is running, can't change frame rate
I/        ( 2419): [CAMERA]ispv3_dynamic_fps_thread, focus is running, can't change frame rate
D/dalvikvm( 1627): ---Heap option for 783376
D/dalvikvm( 1627): GC_FOR_ALLOC freed 2303K, 14% free 28918K/33308K, paused 17ms, total 17ms
I/        ( 2419): [CAMERA]ispv3_dynamic_fps_thread, focus is running, can't change frame rate
I/        ( 2419): [CAMERA]ispv3_dynamic_fps_thread, focus is running, can't change frame rate
I/        ( 2419): [CAMERA]ispv3_dynamic_fps_thread, focus is running, can't change frame rate
D/dalvikvm( 1627): ---Heap option for 783376
D/dalvikvm( 1627): GC_FOR_ALLOC freed 2307K, 14% free 28918K/33308K, paused 16ms, total 16ms
I/        ( 2419): [CAMERA]ispv3_dynamic_fps_thread, focus is running, can't change frame rate
I/        ( 2419): [CAMERA]ispv3_dynamic_fps_thread, focus is running, can't change frame rate
I/        ( 2419): [CAMERA]ispv3_dynamic_fps_thread, focus is running, can't change frame rate
D/dalvikvm( 1627): ---Heap option for 783376
D/dalvikvm( 1627): GC_FOR_ALLOC freed 2303K, 14% free 28918K/33308K, paused 16ms, total 16ms
I/        ( 2419): [CAMERA]ispv3_dynamic_fps_thread, focus is running, can't change frame rate
I/        ( 2419): [CAMERA]ispv3_dynamic_fps_thread, focus is running, can't change frame rate
I/        ( 2419): [CAMERA]ispv3_dynamic_fps_thread, focus is running, can't change frame rate
D/dalvikvm( 1627): ---Heap option for 783376
D/dalvikvm( 1627): GC_FOR_ALLOC freed 2303K, 14% free 28918K/33308K, paused 17ms, total 17ms
I/        ( 2419): [CAMERA]ispv3_dynamic_fps_thread, focus is running, can't change frame rate
I/        ( 2419): [CAMERA]ispv3_dynamic_fps_thread, focus is running, can't change frame rate
I/        ( 2419): [CAMERA]ispv3_dynamic_fps_thread, focus is running, can't change frame rate
D/dalvikvm( 1627): ---Heap option for 783376
D/dalvikvm( 1627): GC_FOR_ALLOC freed 2303K, 14% free 28918K/33308K, paused 17ms, total 17ms
I/        ( 2419): [CAMERA]ispv3_dynamic_fps_thread, focus is running, can't change frame rate
I/        ( 2419): [CAMERA]ispv3_dynamic_fps_thread, focus is running, can't change frame rate
I/        ( 2419): [CAMERA]ispv3_dynamic_fps_thread, focus is running, can't change frame rate
D/dalvikvm( 1627): ---Heap option for 783376
D/dalvikvm( 1627): GC_FOR_ALLOC freed 2303K, 14% free 28918K/33308K, paused 16ms, total 16ms
I/        ( 2419): [CAMERA]ispv3_dynamic_fps_thread, focus is running, can't change frame rate
I/        ( 2419): [CAMERA]ispv3_dynamic_fps_thread, focus is running, can't change frame rate
I/        ( 2419): [CAMERA]ispv3_dynamic_fps_thread, focus is running, can't change frame rate
D/dalvikvm( 1627): ---Heap option for 783376
D/dalvikvm( 1627): GC_FOR_ALLOC freed 2303K, 14% free 28918K/33308K, paused 18ms, total 18ms
I/        ( 2419): [CAMERA]ispv3_dynamic_fps_thread, focus is running, can't change frame rate
W/View    ( 3243): requestLayout() improperly called by com.android.systemui.statusbar.phone.IconMerger{43271138 V.E..... ......I. 0,0-270,75 #7f0a0067 app:id/notificationIcons} during layout: running second layout pass
I/        ( 2419): [CAMERA]ispv3_dynamic_fps_thread, focus is running, can't change frame rate
I/        ( 2419): [CAMERA]ispv3_dynamic_fps_thread, focus is running, can't change frame rate
D/dalvikvm( 1627): ---Heap option for 783376
D/dalvikvm( 1627): GC_FOR_ALLOC freed 2303K, 14% free 28918K/33308K, paused 17ms, total 17ms
I/        ( 2419): [CAMERA]ispv3_dynamic_fps_thread, focus is running, can't change frame rate
I/        ( 2419): [CAMERA]ispv3_dynamic_fps_thread, focus is running, can't change frame rate
I/        ( 2419): [CAMERA]ispv3_dynamic_fps_thread, focus is running, can't change frame rate
D/dalvikvm( 1627): ---Heap option for 783376
D/dalvikvm( 1627): GC_FOR_ALLOC freed 2303K, 14% free 28918K/33308K, paused 17ms, total 17ms
I/        ( 2419): [CAMERA]ispv3_dynamic_fps_thread, focus is running, can't change frame rate
I/        ( 2419): [CAMERA]ispv3_dynamic_fps_thread, focus is running, can't change frame rate
I/        ( 2419): [CAMERA]ispv3_dynamic_fps_thread, focus is running, can't change frame rate
D/dalvikvm( 1627): ---Heap option for 783376
I/        ( 2419): [CAMERA]ispv3_dynamic_fps_thread, focus is running, can't change frame rate
D/dalvikvm( 1627): GC_FOR_ALLOC freed 2307K, 14% free 28918K/33308K, paused 17ms, total 17ms
I/        ( 2419): [CAMERA]ispv3_dynamic_fps_thread, focus is running, can't change frame rate
I/        ( 2419): [CAMERA]ispv3_dynamic_fps_thread, focus is running, can't change frame rate
D/dalvikvm( 1627): ---Heap option for 783376
D/dalvikvm( 1627): ---Heap option for 4112
D/dalvikvm( 1627): GC_FOR_ALLOC freed 2303K, 14% free 28918K/33308K, paused 16ms, total 16ms
I/        ( 2419): [CAMERA]ispv3_dynamic_fps_thread, focus is running, can't change frame rate
I/        ( 2419): [CAMERA]ispv3_dynamic_fps_thread, focus is running, can't change frame rate
D/SupplicantHeartBeat( 3009): handleMessage: E msg.what=999904
D/SupplicantHeartBeat( 3009): processMsg: HeartAckState
D/SupplicantHeartBeat( 3009): processMsg: EnterSupplicantStarted
D/SupplicantHeartBeat( 3009): processMsg: DefaultState
D/SupplicantHeartBeat( 3009): handleMessage: X
I/        ( 2419): [CAMERA]ispv3_dynamic_fps_thread, focus is running, can't change frame rate
D/dalvikvm( 1627): ---Heap option for 783376
D/dalvikvm( 1627): GC_FOR_ALLOC freed 2303K, 14% free 28918K/33308K, paused 17ms, total 17ms
I/        ( 2419): [CAMERA]ispv3_dynamic_fps_thread, focus is running, can't change frame rate
I/        ( 2419): [CAMERA]ispv3_dynamic_fps_thread, focus is running, can't change frame rate
I/        ( 2419): [CAMERA]ispv3_dynamic_fps_thread, focus is running, can't change frame rate
D/dalvikvm( 1627): ---Heap option for 783376
D/dalvikvm( 1627): GC_FOR_ALLOC freed 2303K, 14% free 28918K/33308K, paused 17ms, total 17ms
I/        ( 2419): [CAMERA]ispv3_dynamic_fps_thread, focus is running, can't change frame rate
I/        ( 2419): [CAMERA]ispv3_dynamic_fps_thread, focus is running, can't change frame rate
I/        ( 2419): [CAMERA]ispv3_dynamic_fps_thread, focus is running, can't change frame rate
D/dalvikvm( 1627): ---Heap option for 783376
D/dalvikvm( 1627): GC_FOR_ALLOC freed 2303K, 14% free 28918K/33308K, paused 17ms, total 17ms
I/        ( 2419): [CAMERA]ispv3_dynamic_fps_thread, focus is running, can't change frame rate
I/        ( 2419): [CAMERA]ispv3_dynamic_fps_thread, focus is running, can't change frame rate
I/        ( 2419): [CAMERA]ispv3_dynamic_fps_thread, focus is running, can't change frame rate
D/dalvikvm( 1627): ---Heap option for 783376
D/dalvikvm( 1627): ---Heap option for 4112
D/dalvikvm( 1627): GC_FOR_ALLOC freed 2307K, 14% free 28918K/33308K, paused 17ms, total 17ms
I/        ( 2419): [CAMERA]ispv3_dynamic_fps_thread, focus is running, can't change frame rate
I/        ( 2419): [CAMERA]ispv3_dynamic_fps_thread, focus is running, can't change frame rate
I/        ( 2419): [CAMERA]ispv3_dynamic_fps_thread, focus is running, can't change frame rate
D/dalvikvm( 1627): ---Heap option for 783376
D/HwWifiStateMachine( 3009): handleMessage: E msg.what=131155
D/HwWifiStateMachine( 3009): processMsg: ConnectedState
D/HwWifiStateMachine( 3009): processMsg: L2ConnectedState
D/WifiHW  ( 3009): wifi_send_command: cmd:'IFNAME=wlan0 SIGNAL_POLL'
D/wpa_supplicant( 3241): RX ctrl_iface - hexdump(len=11): 53 49 47 4e 41 4c 5f 50 4f 4c 4c
D/wpa_supplicant( 3241): wlan0: Control interface command 'SIGNAL_POLL'
D/wpa_supplicant( 3241): nl80211: survey data missing!
D/wpa_supplicant( 3241): wlan0: RSSI=-64, LINKSPEED=72, NOISE=9999, FREQUENCY=2462
D/WifiHW  ( 3009): wifi_send_command ret=0, len=48
D/HwWifiStateMachine( 3009): handleMessage: X
D/WifiStateMachine( 3009): RouteDetect receive msg EVENT_ROUTE_CHECK
D/NetdConnector( 3009): SND -> {2643 interface route readDefRoute}
E/CommandListener( 2411): readDefRoute call readDefRoute
E/SecondaryTablController( 2411): isWifiDefaultRouteExisted /system/bin/ip route
D/dalvikvm( 1627): GC_FOR_ALLOC freed 2299K, 14% free 28918K/33308K, paused 17ms, total 17ms
I/        ( 2419): [CAMERA]ispv3_dynamic_fps_thread, focus is running, can't change frame rate
I/        ( 2419): [CAMERA]ispv3_dynamic_fps_thread, focus is running, can't change frame rate
I/        ( 2419): [CAMERA]ispv3_dynamic_fps_thread, focus is running, can't change frame rate
D/dalvikvm( 1627): ---Heap option for 783376
D/dalvikvm( 1627): ---Heap option for 4112
D/dalvikvm( 1627): GC_FOR_ALLOC freed 2307K, 14% free 28918K/33308K, paused 17ms, total 17ms
I/        ( 2419): [CAMERA]ispv3_dynamic_fps_thread, focus is running, can't change frame rate
I/        ( 2419): [CAMERA]ispv3_dynamic_fps_thread, focus is running, can't change frame rate
I/        ( 2419): [CAMERA]ispv3_dynamic_fps_thread, focus is running, can't change frame rate
D/dalvikvm( 1627): ---Heap option for 783376
I/        ( 2419): [CAMERA]ispv3_dynamic_fps_thread, focus is running, can't change frame rate
D/dalvikvm( 1627): GC_FOR_ALLOC freed 2303K, 14% free 28918K/33308K, paused 17ms, total 17ms
I/        ( 2419): [CAMERA]ispv3_dynamic_fps_thread, focus is running, can't change frame rate
I/        ( 2419): [CAMERA]ispv3_dynamic_fps_thread, focus is running, can't change frame rate
D/dalvikvm( 1627): ---Heap option for 783376
I/        ( 2419): [CAMERA]ispv3_dynamic_fps_thread, focus is running, can't change frame rate
D/dalvikvm( 1627): GC_FOR_ALLOC freed 2303K, 14% free 28918K/33308K, paused 17ms, total 17ms
I/        ( 2419): [CAMERA]ispv3_dynamic_fps_thread, focus is running, can't change frame rate
I/        ( 2419): [CAMERA]ispv3_dynamic_fps_thread, focus is running, can't change frame rate
D/dalvikvm( 1627): ---Heap option for 783376
D/dalvikvm( 1627): GC_FOR_ALLOC freed 2303K, 14% free 28918K/33308K, paused 17ms, total 17ms
I/        ( 2419): [CAMERA]ispv3_dynamic_fps_thread, focus is running, can't change frame rate
I/        ( 2419): [CAMERA]ispv3_dynamic_fps_thread, focus is running, can't change frame rate
I/        ( 2419): [CAMERA]ispv3_dynamic_fps_thread, focus is running, can't change frame rate
D/dalvikvm( 1627): ---Heap option for 783376
D/dalvikvm( 1627): GC_FOR_ALLOC freed 2303K, 14% free 28918K/33308K, paused 16ms, total 16ms
I/        ( 2419): [CAMERA]ispv3_dynamic_fps_thread, focus is running, can't change frame rate
I/        ( 2419): [CAMERA]ispv3_dynamic_fps_thread, focus is running, can't change frame rate
I/        ( 2419): [CAMERA]ispv3_dynamic_fps_thread, focus is running, can't change frame rate
D/dalvikvm( 1627): ---Heap option for 783376
D/dalvikvm( 1627): GC_FOR_ALLOC freed 2303K, 14% free 28918K/33308K, paused 17ms, total 17ms
I/        ( 2419): [CAMERA]ispv3_dynamic_fps_thread, focus is running, can't change frame rate
I/        ( 2419): [CAMERA]ispv3_dynamic_fps_thread, focus is running, can't change frame rate
I/        ( 2419): [CAMERA]ispv3_dynamic_fps_thread, focus is running, can't change frame rate
D/dalvikvm( 1627): ---Heap option for 783376
D/dalvikvm( 1627): GC_FOR_ALLOC freed 2303K, 14% free 28918K/33308K, paused 17ms, total 17ms
I/        ( 2419): [CAMERA]ispv3_dynamic_fps_thread, focus is running, can't change frame rate
I/        ( 2419): [CAMERA]ispv3_dynamic_fps_thread, focus is running, can't change frame rate
I/        ( 2419): [CAMERA]ispv3_dynamic_fps_thread, focus is running, can't change frame rate
D/dalvikvm( 1627): ---Heap option for 783376
D/dalvikvm( 1627): GC_FOR_ALLOC freed 2303K, 14% free 28918K/33308K, paused 17ms, total 17ms
I/        ( 2419): [CAMERA]ispv3_dynamic_fps_thread, focus is running, can't change frame rate
I/        ( 2419): [CAMERA]ispv3_dynamic_fps_thread, focus is running, can't change frame rate
I/        ( 2419): [CAMERA]ispv3_dynamic_fps_thread, focus is running, can't change frame rate
D/dalvikvm( 1627): ---Heap option for 783376
D/dalvikvm( 1627): GC_FOR_ALLOC freed 2307K, 14% free 28918K/33308K, paused 17ms, total 17ms
I/        ( 2419): [CAMERA]ispv3_dynamic_fps_thread, focus is running, can't change frame rate
I/        ( 2419): [CAMERA]ispv3_dynamic_fps_thread, focus is running, can't change frame rate
I/        ( 2419): [CAMERA]ispv3_dynamic_fps_thread, focus is running, can't change frame rate
D/dalvikvm( 1627): ---Heap option for 783376
D/dalvikvm( 1627): GC_FOR_ALLOC freed 2303K, 14% free 28918K/33308K, paused 17ms, total 17ms
I/        ( 2419): [CAMERA]ispv3_dynamic_fps_thread, focus is running, can't change frame rate
D/SecondaryTablController( 2411): RouteDetect line= default via 10.155.232.1 dev wlan0 
D/SecondaryTablController( 2411): ret is 0
E/CommandListener( 2411): readDefRoute Rsp ok
D/NetdConnector( 3009): RMV <- {200 2643 isWifiDefaultRouteExisted ok}
E/NetdConnector( 3009): NDC Command {2643 interface route readDefRoute} took too long (1005ms)
D/WifiStateMachine( 3009): RouteDetect default exist, return true
I/        ( 2419): [CAMERA]ispv3_dynamic_fps_thread, focus is running, can't change frame rate
I/        ( 2419): [CAMERA]ispv3_dynamic_fps_thread, focus is running, can't change frame rate
D/dalvikvm( 1627): ---Heap option for 783376
D/dalvikvm( 1627): GC_FOR_ALLOC freed 2303K, 14% free 28918K/33308K, paused 17ms, total 17ms
I/        ( 2419): [CAMERA]ispv3_dynamic_fps_thread, focus is running, can't change frame rate
I/        ( 2419): [CAMERA]ispv3_dynamic_fps_thread, focus is running, can't change frame rate
I/        ( 2419): [CAMERA]ispv3_dynamic_fps_thread, focus is running, can't change frame rate
D/dalvikvm( 1627): ---Heap option for 783376
D/dalvikvm( 1627): GC_FOR_ALLOC freed 2303K, 14% free 28918K/33308K, paused 17ms, total 17ms
I/        ( 2419): [CAMERA]ispv3_dynamic_fps_thread, focus is running, can't change frame rate
I/        ( 2419): [CAMERA]ispv3_dynamic_fps_thread, focus is running, can't change frame rate
I/        ( 2419): [CAMERA]ispv3_dynamic_fps_thread, focus is running, can't change frame rate
D/dalvikvm( 1627): ---Heap option for 783376
D/dalvikvm( 1627): GC_FOR_ALLOC freed 2303K, 14% free 28918K/33308K, paused 17ms, total 17ms
I/        ( 2419): [CAMERA]ispv3_dynamic_fps_thread, focus is running, can't change frame rate
I/        ( 2419): [CAMERA]ispv3_dynamic_fps_thread, focus is running, can't change frame rate
I/        ( 2419): [CAMERA]++++frame 2400:cur_y=0x1, gain=0x180, expo=0x74d0, fps:30
I/        ( 2419): [CAMERA]ispv3_dynamic_fps_thread, focus is running, can't change frame rate
D/dalvikvm( 1627): ---Heap option for 783376
V/AlarmManager( 3009): Checking for alarms... rtc=1517453132001, elapsed=85195409
V/AlarmManager( 3009): sending alarm Alarm{43ab3708 type 2 android},repeatInterval = 0
D/PowerManagerService( 3009): acquireWakeLockInternal: lock=1133052808, flags=0x1, tag="AlarmManager", ws=WorkSource{1000}, uid=1000, pid=3009
D/PowerManagerNotifier( 3009): onWakeLockAcquired: flags=1, tag="AlarmManager", packageName=android, ownerUid=1000, ownerPid=3009, workSource=WorkSource{1000}
D/PowerManagerService( 3009): updateWakeLockSummaryLocked: mWakefulness=Awake, mWakeLockSummary=0x1
D/PowerManagerService( 3009): updateScreenStateLocked: mDisplayReady=true, newScreenState=1, mWakefulness=1, mWakeLockSummary=0x1, mUserActivitySummary=0x0, mBootCompleted=true
D/PowerManagerService( 3009): acquireWakeLockInternal: lock=1134026280, flags=0x1, tag="SyncManagerHandleSyncAlarm", ws=null, uid=1000, pid=3009
D/PowerManagerNotifier( 3009): onWakeLockAcquired: flags=1, tag="SyncManagerHandleSyncAlarm", packageName=android, ownerUid=1000, ownerPid=3009, workSource=null
D/PowerManagerService( 3009): updateWakeLockSummaryLocked: mWakefulness=Awake, mWakeLockSummary=0x1
D/PowerManagerService( 3009): updateScreenStateLocked: mDisplayReady=true, newScreenState=1, mWakefulness=1, mWakeLockSummary=0x1, mUserActivitySummary=0x0, mBootCompleted=true
D/PowerManagerService( 3009): acquireWakeLockInternal: lock=1134026440, flags=0x1, tag="SyncLoopWakeLock", ws=null, uid=1000, pid=3009
D/PowerManagerNotifier( 3009): onWakeLockAcquired: flags=1, tag="SyncLoopWakeLock", packageName=android, ownerUid=1000, ownerPid=3009, workSource=null
D/PowerManagerService( 3009): updateWakeLockSummaryLocked: mWakefulness=Awake, mWakeLockSummary=0x1
D/PowerManagerService( 3009): updateScreenStateLocked: mDisplayReady=true, newScreenState=1, mWakefulness=1, mWakeLockSummary=0x1, mUserActivitySummary=0x0, mBootCompleted=true
D/PowerManagerService( 3009): releaseWakeLockInternal: lock=1134026280 [SyncManagerHandleSyncAlarm], flags=0x0
D/PowerManagerNotifier( 3009): onWakeLockReleased: flags=1, tag="SyncManagerHandleSyncAlarm", packageName=android, ownerUid=1000, ownerPid=3009, workSource=null
D/PowerManagerService( 3009): updateWakeLockSummaryLocked: mWakefulness=Awake, mWakeLockSummary=0x1
D/PowerManagerService( 3009): updateScreenStateLocked: mDisplayReady=true, newScreenState=1, mWakefulness=1, mWakeLockSummary=0x1, mUserActivitySummary=0x0, mBootCompleted=true
D/PowerManagerService( 3009): releaseWakeLockInternal: lock=1133052808 [AlarmManager], flags=0x0
D/PowerManagerNotifier( 3009): onWakeLockReleased: flags=1, tag="AlarmManager", packageName=android, ownerUid=1000, ownerPid=3009, workSource=WorkSource{1000}
D/PowerManagerService( 3009): updateWakeLockSummaryLocked: mWakefulness=Awake, mWakeLockSummary=0x1
D/PowerManagerService( 3009): updateScreenStateLocked: mDisplayReady=true, newScreenState=1, mWakefulness=1, mWakeLockSummary=0x1, mUserActivitySummary=0x0, mBootCompleted=true
V/AlarmManager( 3009): set(PendingIntent{4373afb0: PendingIntentRecord{43a69460 android broadcastIntent}}) : type=2 triggerAtTime=85375409 win=0 tElapsed=85375409 maxElapsed=85375409 interval=0 standalone=false
D/PowerManagerService( 3009): releaseWakeLockInternal: lock=1134026440 [SyncLoopWakeLock], flags=0x0
D/PowerManagerNotifier( 3009): onWakeLockReleased: flags=1, tag="SyncLoopWakeLock", packageName=android, ownerUid=1000, ownerPid=3009, workSource=null
D/PowerManagerService( 3009): updateWakeLockSummaryLocked: mWakefulness=Awake, mWakeLockSummary=0x1
D/PowerManagerService( 3009): updateScreenStateLocked: mDisplayReady=true, newScreenState=1, mWakefulness=1, mWakeLockSummary=0x1, mUserActivitySummary=0x0, mBootCompleted=true
I/        ( 2419): [CAMERA]ispv3_dynamic_fps_thread, focus is running, can't change frame rate
D/dalvikvm( 1627): GC_FOR_ALLOC freed 2303K, 14% free 28918K/33308K, paused 19ms, total 19ms
I/        ( 2419): [CAMERA]ispv3_dynamic_fps_thread, focus is running, can't change frame rate
D/PowerManagerService( 3009): handleSandman: canDream=false, mWakefulness=Awake
